Task created successfully : ID 1.
Task created successfully : ID 2.
Task created successfully : ID 3.
Task created successfully : ID 4.
Task created successfully : ID 5.
Task created successfully : ID 6.
Task created successfully : ID 7.
Task created successfully : ID 8.
Task created successfully : ID 9.
Task created successfully : ID 10.
Task created successfully : ID 11.
Task created successfully : ID 12.
Task created successfully : ID 13.
Task created successfully : ID 14.
Task created successfully : ID 15.
Task created successfully : ID 16.
Task created successfully : ID 17.
Task created successfully : ID 18.
Task created successfully : ID 19.
Task created successfully : ID 20.
Task created successfully : ID 21.
Task created successfully : ID 22.
Task created successfully : ID 23.
Task created successfully : ID 24.
Task created successfully : ID 25.
Task created successfully : ID 26.
Task created successfully : ID 27.
Task created successfully : ID 28.
Task created successfully : ID 29.
Task created successfully : ID 30.
Task created successfully : ID 31.
Task created successfully : ID 32.
Task created successfully : ID 33.
Task created successfully : ID 34.
Task created successfully : ID 35.
Task created successfully : ID 36.
Task created successfully : ID 37.
Task created successfully : ID 38.
Task created successfully : ID 39.
Task created successfully : ID 40.
Task created successfully : ID 41.
Task created successfully : ID 42.
Task created successfully : ID 43.
Task created successfully : ID 44.
Task created successfully : ID 45.
Task created successfully : ID 46.
Task created successfully : ID 47.
Task created successfully : ID 48.
Task created successfully : ID 49.
Task created successfully : ID 50.
Task created successfully : ID 51.
Task created successfully : ID 52.
Task created successfully : ID 53.
Task created successfully : ID 54.
Task created successfully : ID 55.
Task created successfully : ID 56.
Task created successfully : ID 57.
Task created successfully : ID 58.
Task created successfully : ID 59.
Task created successfully : ID 60.
Task created successfully : ID 61.
Task created successfully : ID 62.
Task created successfully : ID 63.
Task created successfully : ID 64.
Task created successfully : ID 65.
Task created successfully : ID 66.
Thread 43 is idle.
Task created successfully : ID 67.
Task created successfully : ID 68.
Task created successfully : ID 69.
Task created successfully : ID 70.
Task created successfully : ID 71.
Task created successfully : ID 72.
Task created successfully : ID 73.
Task created successfully : ID 74.
Task created successfully : ID 75.
Task created successfully : ID 76.
Task created successfully : ID 77.
Task created successfully : ID 78.
Task created successfully : ID 79.
Task created successfully : ID 80.
Task created successfully : ID 81.
Task created successfully : ID 82.
Task created successfully : ID 83.
Task created successfully : ID 84.
Task created successfully : ID 85.
Task created successfully : ID 86.
Task created successfully : ID 87.
Task created successfully : ID 88.
Task created successfully : ID 89.
Task created successfully : ID 90.
Task created successfully : ID 91.
Task created successfully : ID 92.
Task created successfully : ID 93.
Task created successfully : ID 94.
Task created successfully : ID 95.
Task created successfully : ID 96.
Task created successfully : ID 97.
Task created successfully : ID 98.
Task created successfully : ID 99.
Task created successfully : ID 100.
Task created successfully : ID 101.
Task created successfully : ID 102.
Task created successfully : ID 103.
Task created successfully : ID 104.
Task created successfully : ID 105.
Task created successfully : ID 106.
Task created successfully : ID 107.
Task created successfully : ID 108.
Task created successfully : ID 109.
Task created successfully : ID 110.
Task created successfully : ID 111.
Task created successfully : ID 112.
Task created successfully : ID 113.
Task created successfully : ID 114.
Task created successfully : ID 115.
Task created successfully : ID 116.
Running tasks for 6263954 ms...
Task created successfully : ID 1.
Task created successfully : ID 2.
Task created successfully : ID 3.
Task created successfully : ID 4.
Task created successfully : ID 5.
Task created successfully : ID 6.
Task created successfully : ID 7.
Task created successfully : ID 8.
Task created successfully : ID 9.
Task created successfully : ID 10.
Task created successfully : ID 11.
Task created successfully : ID 12.
Task created successfully : ID 13.
Task created successfully : ID 14.
Task created successfully : ID 15.
Task created successfully : ID 16.
Task created successfully : ID 17.
Task created successfully : ID 18.
Task created successfully : ID 19.
Task created successfully : ID 20.
Task created successfully : ID 21.
Task created successfully : ID 22.
Task created successfully : ID 23.
Task created successfully : ID 24.
Task created successfully : ID 25.
Task created successfully : ID 26.
Task created successfully : ID 27.
Task created successfully : ID 28.
Task created successfully : ID 29.
Task created successfully : ID 30.
Task created successfully : ID 31.
Task created successfully : ID 32.
Task created successfully : ID 33.
Task created successfully : ID 34.
Task created successfully : ID 35.
Task created successfully : ID 36.
Task created successfully : ID 37.
Task created successfully : ID 38.
Task created successfully : ID 39.
Task created successfully : ID 40.
Task created successfully : ID 41.
Task created successfully : ID 42.
Task created successfully : ID 43.
Task created successfully : ID 44.
Task created successfully : ID 45.
Task 26 is waiting (remaining_time = 383).
====== Waiting queue =======
[(8: priority = 105, remaining_time = 383),
(9: priority = 105, remaining_time = 383),
(10: priority = 105, remaining_time = 383),
(11: priority = 105, remaining_time = 383),
(12: priority = 105, remaining_time = 383),
(13: priority = 105, remaining_time = 383),
(14: priority = 105, remaining_time = 383),
(15: priority = 105, remaining_time = 383),
(16: priority = 105, remaining_time = 383),
(17: priority = 105, remaining_time = 383),
(18: priority = 105, remaining_time = 383),
(19: priority = 105, remaining_time = 383),
(20: priority = 105, remaining_time = 383),
(21: priority = 105, remaining_time = 383),
(22: priority = 105, remaining_time = 383),
(23: priority = 105, remaining_time = 383),
(24: priority = 105, remaining_time = 383),
(25: priority = 105, remaining_time = 383),
(26: priority = 105, remaining_time = 383),
(27: priority = 105, remaining_time = 383),
(28: priority = 105, remaining_time = 383),
(29: priority = 105, remaining_time = 383),
(30: priority = 105, remaining_time = 383),
(31: priority = 105, remaining_time = 383),
(32: priority = 105, remaining_time = 383),
(33: priority = 105, remaining_time = 383),
(34: priority = 105, remaining_time = 383),
(35: priority = 105, remaining_time = 383),
(36: priority = 105, remaining_time = 383),
(37: priority = 105, remaining_time = 383),
(38: priority = 105, remaining_time = 383),
(39: priority = 105, remaining_time = 383),
(40: priority = 105, remaining_time = 383),
(41: priority = 105, remaining_time = 383),
(42: priority = 105, remaining_time = 383),
(43: priority = 105, remaining_time = 383),
(44: priority = 105, remaining_time = 383),
(45: priority = 105, remaining_time = 383),
(1: priority = 61, remaining_time = 5749),
(2: priority = 61, remaining_time = 5749),
(3: priority = 61, remaining_time = 5749),
(4: priority = 61, remaining_time = 5749),
(5: priority = 61, remaining_time = 5749),
(6: priority = 61, remaining_time = 5749),
(7: priority = 61, remaining_time = 5749)]
Task created successfully : ID 46.
Task created successfully : ID 47.
Task created successfully : ID 48.
Task created successfully : ID 49.
Task created successfully : ID 50.
Task created successfully : ID 51.
Task created successfully : ID 52.
Task created successfully : ID 53.
Task created successfully : ID 54.
Task created successfully : ID 55.
Task created successfully : ID 56.
Task created successfully : ID 57.
Task created successfully : ID 58.
Task created successfully : ID 59.
Task created successfully : ID 60.
Task created successfully : ID 61.
Task created successfully : ID 62.
Task created successfully : ID 63.
Task created successfully : ID 64.
Task created successfully : ID 65.
Task created successfully : ID 66.
Task created successfully : ID 67.
Task created successfully : ID 68.
Task created successfully : ID 69.
Task created successfully : ID 70.
Task created successfully : ID 71.
Task created successfully : ID 72.
Task created successfully : ID 73.
Task created successfully : ID 74.
Task created successfully : ID 75.
Running tasks for 4009400 ms...
====== Waiting queue =======
[]
Thread 12 is idle.
Running tasks for 3144969 ms...
====== Waiting queue =======
[]
Task 171 not found.
Task 104 is finished (executed_time = 3631).
Thread 74 is idle.
Thread 11 is idle.
Running tasks for 6420304 ms...
Running tasks for 1294361 ms...
Task 58 is finished (executed_time = 4383).
Task 153 not found.
Task 27 is finished (executed_time = 832).
====== Waiting queue =======
[]
Thread 63 is idle.
Task created successfully : ID 1.
Task created successfully : ID 2.
Task created successfully : ID 3.
Task created successfully : ID 4.
Task created successfully : ID 5.
Task created successfully : ID 6.
Task created successfully : ID 7.
Task created successfully : ID 8.
Task created successfully : ID 9.
Task created successfully : ID 10.
Task created successfully : ID 11.
Task created successfully : ID 12.
Task created successfully : ID 13.
Task created successfully : ID 14.
Task created successfully : ID 15.
Task created successfully : ID 16.
Task created successfully : ID 17.
Task created successfully : ID 18.
Task created successfully : ID 19.
Task created successfully : ID 20.
Task created successfully : ID 21.
Task created successfully : ID 22.
Task created successfully : ID 23.
Task created successfully : ID 24.
Task created successfully : ID 25.
Task created successfully : ID 26.
Task created successfully : ID 27.
Task created successfully : ID 28.
Task created successfully : ID 29.
Task created successfully : ID 30.
Task created successfully : ID 31.
Task created successfully : ID 32.
Task created successfully : ID 33.
Task created successfully : ID 34.
Task created successfully : ID 35.
Task created successfully : ID 36.
Task created successfully : ID 37.
Task created successfully : ID 38.
Task created successfully : ID 39.
Task created successfully : ID 40.
Task created successfully : ID 41.
Task created successfully : ID 42.
Task created successfully : ID 43.
Task 188 not found.
====== Waiting queue =======
[(1: priority = 104, remaining_time = 3321),
(2: priority = 104, remaining_time = 3321),
(3: priority = 104, remaining_time = 3321),
(4: priority = 104, remaining_time = 3321),
(5: priority = 104, remaining_time = 3321),
(6: priority = 104, remaining_time = 3321),
(7: priority = 104, remaining_time = 3321),
(8: priority = 104, remaining_time = 3321),
(9: priority = 104, remaining_time = 3321),
(10: priority = 104, remaining_time = 3321),
(11: priority = 104, remaining_time = 3321),
(12: priority = 104, remaining_time = 3321),
(13: priority = 104, remaining_time = 3321),
(14: priority = 104, remaining_time = 3321),
(15: priority = 104, remaining_time = 3321),
(16: priority = 104, remaining_time = 3321),
(17: priority = 104, remaining_time = 3321),
(18: priority = 104, remaining_time = 3321),
(19: priority = 104, remaining_time = 3321),
(20: priority = 104, remaining_time = 3321),
(21: priority = 104, remaining_time = 3321),
(22: priority = 104, remaining_time = 3321),
(23: priority = 104, remaining_time = 3321),
(24: priority = 104, remaining_time = 3321),
(25: priority = 104, remaining_time = 3321),
(26: priority = 104, remaining_time = 3321),
(27: priority = 104, remaining_time = 3321),
(28: priority = 104, remaining_time = 3321),
(29: priority = 104, remaining_time = 3321),
(30: priority = 104, remaining_time = 3321),
(31: priority = 104, remaining_time = 3321),
(32: priority = 104, remaining_time = 3321),
(33: priority = 104, remaining_time = 3321),
(34: priority = 104, remaining_time = 3321),
(35: priority = 104, remaining_time = 3321),
(36: priority = 104, remaining_time = 3321),
(37: priority = 104, remaining_time = 3321),
(38: priority = 104, remaining_time = 3321),
(39: priority = 104, remaining_time = 3321),
(40: priority = 104, remaining_time = 3321),
(41: priority = 104, remaining_time = 3321),
(42: priority = 104, remaining_time = 3321),
(43: priority = 104, remaining_time = 3321)]
Task created successfully : ID 44.
Task created successfully : ID 45.
Task created successfully : ID 46.
Task created successfully : ID 47.
Task created successfully : ID 48.
Task created successfully : ID 49.
Task created successfully : ID 50.
Task created successfully : ID 51.
Task created successfully : ID 52.
Task created successfully : ID 53.
Task created successfully : ID 54.
Task created successfully : ID 55.
Task created successfully : ID 56.
Task created successfully : ID 57.
Task created successfully : ID 58.
Task created successfully : ID 59.
Task created successfully : ID 60.
Task created successfully : ID 61.
Task created successfully : ID 62.
Task created successfully : ID 63.
Task created successfully : ID 64.
Task created successfully : ID 65.
Task created successfully : ID 66.
Task created successfully : ID 67.
Task created successfully : ID 68.
Task created successfully : ID 69.
Task created successfully : ID 70.
Task created successfully : ID 71.
Task created successfully : ID 72.
Task created successfully : ID 73.
Task created successfully : ID 74.
Task created successfully : ID 75.
Task created successfully : ID 76.
Task created successfully : ID 77.
Task created successfully : ID 78.
Task created successfully : ID 79.
Task created successfully : ID 80.
Task created successfully : ID 81.
Task created successfully : ID 82.
Task created successfully : ID 83.
Thread 23 is idle.
Running tasks for 7020884 ms...
Task created successfully : ID 1.
Task created successfully : ID 2.
Task created successfully : ID 3.
Task created successfully : ID 4.
Task created successfully : ID 5.
Task created successfully : ID 6.
Task created successfully : ID 7.
Task created successfully : ID 8.
Task created successfully : ID 9.
Task created successfully : ID 10.
Task created successfully : ID 11.
Task created successfully : ID 12.
Task created successfully : ID 13.
Task created successfully : ID 14.
Task created successfully : ID 15.
Task created successfully : ID 16.
Task created successfully : ID 17.
Task created successfully : ID 18.
Task created successfully : ID 19.
Task created successfully : ID 20.
Task created successfully : ID 21.
Task created successfully : ID 22.
Task created successfully : ID 23.
Task created successfully : ID 24.
Task created successfully : ID 25.
Task created successfully : ID 26.
Task created successfully : ID 27.
Task created successfully : ID 28.
Task created successfully : ID 29.
Task created successfully : ID 30.
Task created successfully : ID 31.
Task created successfully : ID 32.
Task created successfully : ID 33.
Task created successfully : ID 34.
Task created successfully : ID 35.
Task created successfully : ID 36.
Task created successfully : ID 37.
Task created successfully : ID 38.
Task created successfully : ID 39.
Task created successfully : ID 40.
Task created successfully : ID 41.
Task created successfully : ID 42.
Task created successfully : ID 43.
Task created successfully : ID 44.
Task created successfully : ID 45.
Task created successfully : ID 46.
Task created successfully : ID 47.
Task created successfully : ID 48.
Task created successfully : ID 49.
Task created successfully : ID 50.
Task created successfully : ID 51.
Task created successfully : ID 52.
Task created successfully : ID 53.
Task created successfully : ID 54.
Task created successfully : ID 55.
====== Waiting queue =======
[(1: priority = 80, remaining_time = 6785),
(2: priority = 80, remaining_time = 6785),
(3: priority = 80, remaining_time = 6785),
(4: priority = 80, remaining_time = 6785),
(5: priority = 80, remaining_time = 6785),
(6: priority = 80, remaining_time = 6785),
(7: priority = 80, remaining_time = 6785),
(8: priority = 80, remaining_time = 6785),
(9: priority = 80, remaining_time = 6785),
(10: priority = 80, remaining_time = 6785),
(11: priority = 80, remaining_time = 6785),
(12: priority = 80, remaining_time = 6785),
(13: priority = 80, remaining_time = 6785),
(14: priority = 80, remaining_time = 6785),
(15: priority = 80, remaining_time = 6785),
(16: priority = 80, remaining_time = 6785),
(17: priority = 80, remaining_time = 6785),
(18: priority = 80, remaining_time = 6785),
(19: priority = 80, remaining_time = 6785),
(20: priority = 53, remaining_time = 4761),
(21: priority = 53, remaining_time = 4761),
(22: priority = 53, remaining_time = 4761),
(23: priority = 53, remaining_time = 4761),
(24: priority = 53, remaining_time = 4761),
(25: priority = 53, remaining_time = 4761),
(26: priority = 53, remaining_time = 4761),
(27: priority = 53, remaining_time = 4761),
(28: priority = 53, remaining_time = 4761),
(29: priority = 53, remaining_time = 4761),
(30: priority = 53, remaining_time = 4761),
(31: priority = 53, remaining_time = 4761),
(32: priority = 53, remaining_time = 4761),
(33: priority = 53, remaining_time = 4761),
(34: priority = 53, remaining_time = 4761),
(35: priority = 53, remaining_time = 4761),
(36: priority = 53, remaining_time = 4761),
(37: priority = 53, remaining_time = 4761),
(38: priority = 53, remaining_time = 4761),
(39: priority = 53, remaining_time = 4761),
(40: priority = 53, remaining_time = 4761),
(41: priority = 53, remaining_time = 4761),
(42: priority = 53, remaining_time = 4761),
(43: priority = 53, remaining_time = 4761),
(44: priority = 53, remaining_time = 4761),
(45: priority = 53, remaining_time = 4761),
(46: priority = 53, remaining_time = 4761),
(47: priority = 53, remaining_time = 4761),
(48: priority = 53, remaining_time = 4761),
(49: priority = 53, remaining_time = 4761),
(50: priority = 53, remaining_time = 4761),
(51: priority = 53, remaining_time = 4761),
(52: priority = 53, remaining_time = 4761),
(53: priority = 53, remaining_time = 4761),
(54: priority = 53, remaining_time = 4761),
(55: priority = 53, remaining_time = 4761)]
Task created successfully : ID 56.
Task created successfully : ID 57.
Task created successfully : ID 58.
Task created successfully : ID 59.
Task created successfully : ID 60.
Task created successfully : ID 61.
Task created successfully : ID 62.
Task created successfully : ID 63.
Task created successfully : ID 64.
Task created successfully : ID 65.
Task created successfully : ID 66.
Task created successfully : ID 67.
Task created successfully : ID 68.
Task created successfully : ID 69.
Task created successfully : ID 70.
Task created successfully : ID 71.
Task created successfully : ID 72.
Task created successfully : ID 73.
Task created successfully : ID 74.
Task created successfully : ID 75.
Task created successfully : ID 76.
Task created successfully : ID 77.
Task created successfully : ID 78.
Task created successfully : ID 79.
Task created successfully : ID 80.
Task created successfully : ID 81.
Task created successfully : ID 82.
Task created successfully : ID 83.
Thread 26 is idle.
====== Waiting queue =======
[(1: priority = 80, remaining_time = 6785),
(2: priority = 80, remaining_time = 6785),
(3: priority = 80, remaining_time = 6785),
(4: priority = 80, remaining_time = 6785),
(5: priority = 80, remaining_time = 6785),
(6: priority = 80, remaining_time = 6785),
(7: priority = 80, remaining_time = 6785),
(8: priority = 80, remaining_time = 6785),
(9: priority = 80, remaining_time = 6785),
(10: priority = 80, remaining_time = 6785),
(11: priority = 80, remaining_time = 6785),
(12: priority = 80, remaining_time = 6785),
(13: priority = 80, remaining_time = 6785),
(14: priority = 80, remaining_time = 6785),
(15: priority = 80, remaining_time = 6785),
(16: priority = 80, remaining_time = 6785),
(17: priority = 80, remaining_time = 6785),
(18: priority = 80, remaining_time = 6785),
(19: priority = 80, remaining_time = 6785),
(20: priority = 53, remaining_time = 4761),
(21: priority = 53, remaining_time = 4761),
(22: priority = 53, remaining_time = 4761),
(23: priority = 53, remaining_time = 4761),
(24: priority = 53, remaining_time = 4761),
(25: priority = 53, remaining_time = 4761),
(26: priority = 53, remaining_time = 4761),
(27: priority = 53, remaining_time = 4761),
(28: priority = 53, remaining_time = 4761),
(29: priority = 53, remaining_time = 4761),
(30: priority = 53, remaining_time = 4761),
(31: priority = 53, remaining_time = 4761),
(32: priority = 53, remaining_time = 4761),
(33: priority = 53, remaining_time = 4761),
(34: priority = 53, remaining_time = 4761),
(35: priority = 53, remaining_time = 4761),
(36: priority = 53, remaining_time = 4761),
(37: priority = 53, remaining_time = 4761),
(38: priority = 53, remaining_time = 4761),
(39: priority = 53, remaining_time = 4761),
(40: priority = 53, remaining_time = 4761),
(41: priority = 53, remaining_time = 4761),
(42: priority = 53, remaining_time = 4761),
(43: priority = 53, remaining_time = 4761),
(44: priority = 53, remaining_time = 4761),
(45: priority = 53, remaining_time = 4761),
(46: priority = 53, remaining_time = 4761),
(47: priority = 53, remaining_time = 4761),
(48: priority = 53, remaining_time = 4761),
(49: priority = 53, remaining_time = 4761),
(50: priority = 53, remaining_time = 4761),
(51: priority = 53, remaining_time = 4761),
(52: priority = 53, remaining_time = 4761),
(53: priority = 53, remaining_time = 4761),
(54: priority = 53, remaining_time = 4761),
(55: priority = 53, remaining_time = 4761),
(56: priority = 31, remaining_time = 6455),
(57: priority = 31, remaining_time = 6455),
(58: priority = 31, remaining_time = 6455),
(59: priority = 31, remaining_time = 6455),
(60: priority = 31, remaining_time = 6455),
(61: priority = 31, remaining_time = 6455),
(62: priority = 31, remaining_time = 6455),
(63: priority = 31, remaining_time = 6455),
(64: priority = 31, remaining_time = 6455),
(65: priority = 31, remaining_time = 6455),
(66: priority = 31, remaining_time = 6455),
(67: priority = 31, remaining_time = 6455),
(68: priority = 31, remaining_time = 6455),
(69: priority = 31, remaining_time = 6455),
(70: priority = 31, remaining_time = 6455),
(71: priority = 31, remaining_time = 6455),
(72: priority = 31, remaining_time = 6455),
(73: priority = 31, remaining_time = 6455),
(74: priority = 31, remaining_time = 6455),
(75: priority = 31, remaining_time = 6455),
(76: priority = 31, remaining_time = 6455),
(77: priority = 31, remaining_time = 6455),
(78: priority = 31, remaining_time = 6455),
(79: priority = 31, remaining_time = 6455),
(80: priority = 31, remaining_time = 6455),
(81: priority = 31, remaining_time = 6455),
(82: priority = 31, remaining_time = 6455),
(83: priority = 31, remaining_time = 6455)]
Running tasks for 2323124 ms...
Thread 38 is idle.
Task created successfully : ID 1.
Task created successfully : ID 2.
Task created successfully : ID 3.
Task created successfully : ID 4.
Task created successfully : ID 5.
Task created successfully : ID 6.
Task created successfully : ID 7.
Task created successfully : ID 8.
Task created successfully : ID 9.
Task created successfully : ID 10.
Task created successfully : ID 11.
Task created successfully : ID 12.
Task 335 not found.
Thread 46 is idle.
Task created successfully : ID 13.
Task created successfully : ID 14.
Task created successfully : ID 15.
Task created successfully : ID 16.
Task created successfully : ID 17.
Task created successfully : ID 18.
Task created successfully : ID 19.
Task created successfully : ID 20.
Task created successfully : ID 21.
Task created successfully : ID 22.
Task created successfully : ID 23.
Task created successfully : ID 24.
Task created successfully : ID 25.
Task created successfully : ID 26.
Task created successfully : ID 27.
Task created successfully : ID 28.
Task created successfully : ID 29.
Task created successfully : ID 30.
Task created successfully : ID 31.
Task created successfully : ID 32.
Task created successfully : ID 33.
Task created successfully : ID 34.
Task created successfully : ID 35.
Task created successfully : ID 36.
Task created successfully : ID 37.
Task created successfully : ID 38.
Task created successfully : ID 39.
Task created successfully : ID 40.
Task created successfully : ID 41.
Task created successfully : ID 42.
Task created successfully : ID 43.
Task created successfully : ID 44.
Task created successfully : ID 45.
Task created successfully : ID 46.
Task created successfully : ID 47.
Task created successfully : ID 48.
Task created successfully : ID 49.
Task created successfully : ID 50.
Task created successfully : ID 51.
Running tasks for 2015007 ms...
Thread 65 is idle.
Thread 4 is idle.
Task created successfully : ID 1.
Task created successfully : ID 2.
Task created successfully : ID 3.
Task created successfully : ID 4.
Task created successfully : ID 5.
Task created successfully : ID 6.
====== Waiting queue =======
[(1: priority = 101, remaining_time = 6524),
(2: priority = 101, remaining_time = 6524),
(3: priority = 101, remaining_time = 6524),
(4: priority = 101, remaining_time = 6524),
(5: priority = 101, remaining_time = 6524),
(6: priority = 101, remaining_time = 6524)]
====== Waiting queue =======
[(1: priority = 101, remaining_time = 6524),
(2: priority = 101, remaining_time = 6524),
(3: priority = 101, remaining_time = 6524),
(4: priority = 101, remaining_time = 6524),
(5: priority = 101, remaining_time = 6524),
(6: priority = 101, remaining_time = 6524)]
====== Waiting queue =======
[(1: priority = 101, remaining_time = 6524),
(2: priority = 101, remaining_time = 6524),
(3: priority = 101, remaining_time = 6524),
(4: priority = 101, remaining_time = 6524),
(5: priority = 101, remaining_time = 6524),
(6: priority = 101, remaining_time = 6524)]
Task created successfully : ID 7.
Task created successfully : ID 8.
Task created successfully : ID 9.
Task created successfully : ID 10.
Task created successfully : ID 11.
Task created successfully : ID 12.
Task created successfully : ID 13.
Task created successfully : ID 14.
Task created successfully : ID 15.
Task created successfully : ID 16.
Task created successfully : ID 17.
Task created successfully : ID 18.
Task created successfully : ID 19.
Task created successfully : ID 20.
Task created successfully : ID 21.
Task created successfully : ID 22.
Task created successfully : ID 23.
Task created successfully : ID 24.
Task created successfully : ID 25.
Task created successfully : ID 26.
Task created successfully : ID 27.
Task created successfully : ID 28.
Task created successfully : ID 29.
Task created successfully : ID 30.
Task created successfully : ID 31.
Task created successfully : ID 32.
Task created successfully : ID 33.
Task created successfully : ID 34.
Task created successfully : ID 35.
Task created successfully : ID 36.
Task created successfully : ID 37.
Task 395 not found.
Task created successfully : ID 38.
Task created successfully : ID 39.
Task created successfully : ID 40.
Task created successfully : ID 41.
Task created successfully : ID 42.
Task created successfully : ID 43.
====== Waiting queue =======
[(1: priority = 101, remaining_time = 6524),
(2: priority = 101, remaining_time = 6524),
(3: priority = 101, remaining_time = 6524),
(4: priority = 101, remaining_time = 6524),
(5: priority = 101, remaining_time = 6524),
(6: priority = 101, remaining_time = 6524),
(38: priority = 92, remaining_time = 7406),
(39: priority = 92, remaining_time = 7406),
(40: priority = 92, remaining_time = 7406),
(41: priority = 92, remaining_time = 7406),
(42: priority = 92, remaining_time = 7406),
(43: priority = 92, remaining_time = 7406),
(7: priority = 60, remaining_time = 1649),
(8: priority = 60, remaining_time = 1649),
(9: priority = 60, remaining_time = 1649),
(10: priority = 60, remaining_time = 1649),
(11: priority = 60, remaining_time = 1649),
(12: priority = 60, remaining_time = 1649),
(13: priority = 60, remaining_time = 1649),
(14: priority = 60, remaining_time = 1649),
(15: priority = 60, remaining_time = 1649),
(16: priority = 60, remaining_time = 1649),
(17: priority = 60, remaining_time = 1649),
(18: priority = 60, remaining_time = 1649),
(19: priority = 60, remaining_time = 1649),
(20: priority = 60, remaining_time = 1649),
(21: priority = 60, remaining_time = 1649),
(22: priority = 60, remaining_time = 1649),
(23: priority = 60, remaining_time = 1649),
(24: priority = 60, remaining_time = 1649),
(25: priority = 60, remaining_time = 1649),
(26: priority = 60, remaining_time = 1649),
(27: priority = 60, remaining_time = 1649),
(28: priority = 60, remaining_time = 1649),
(29: priority = 60, remaining_time = 1649),
(30: priority = 60, remaining_time = 1649),
(31: priority = 44, remaining_time = 6596),
(32: priority = 44, remaining_time = 6596),
(33: priority = 44, remaining_time = 6596),
(34: priority = 44, remaining_time = 6596),
(35: priority = 44, remaining_time = 6596),
(36: priority = 44, remaining_time = 6596),
(37: priority = 44, remaining_time = 6596)]
Thread 17 is idle.
====== Waiting queue =======
[(1: priority = 101, remaining_time = 6524),
(2: priority = 101, remaining_time = 6524),
(3: priority = 101, remaining_time = 6524),
(4: priority = 101, remaining_time = 6524),
(5: priority = 101, remaining_time = 6524),
(6: priority = 101, remaining_time = 6524),
(38: priority = 92, remaining_time = 7406),
(39: priority = 92, remaining_time = 7406),
(40: priority = 92, remaining_time = 7406),
(41: priority = 92, remaining_time = 7406),
(42: priority = 92, remaining_time = 7406),
(43: priority = 92, remaining_time = 7406),
(7: priority = 60, remaining_time = 1649),
(8: priority = 60, remaining_time = 1649),
(9: priority = 60, remaining_time = 1649),
(10: priority = 60, remaining_time = 1649),
(11: priority = 60, remaining_time = 1649),
(12: priority = 60, remaining_time = 1649),
(13: priority = 60, remaining_time = 1649),
(14: priority = 60, remaining_time = 1649),
(15: priority = 60, remaining_time = 1649),
(16: priority = 60, remaining_time = 1649),
(17: priority = 60, remaining_time = 1649),
(18: priority = 60, remaining_time = 1649),
(19: priority = 60, remaining_time = 1649),
(20: priority = 60, remaining_time = 1649),
(21: priority = 60, remaining_time = 1649),
(22: priority = 60, remaining_time = 1649),
(23: priority = 60, remaining_time = 1649),
(24: priority = 60, remaining_time = 1649),
(25: priority = 60, remaining_time = 1649),
(26: priority = 60, remaining_time = 1649),
(27: priority = 60, remaining_time = 1649),
(28: priority = 60, remaining_time = 1649),
(29: priority = 60, remaining_time = 1649),
(30: priority = 60, remaining_time = 1649),
(31: priority = 44, remaining_time = 6596),
(32: priority = 44, remaining_time = 6596),
(33: priority = 44, remaining_time = 6596),
(34: priority = 44, remaining_time = 6596),
(35: priority = 44, remaining_time = 6596),
(36: priority = 44, remaining_time = 6596),
(37: priority = 44, remaining_time = 6596)]
Task created successfully : ID 44.
Task created successfully : ID 45.
Task created successfully : ID 46.
Task created successfully : ID 47.
Task created successfully : ID 48.
Task created successfully : ID 49.
Task created successfully : ID 50.
Task created successfully : ID 51.
Task created successfully : ID 52.
Task created successfully : ID 53.
Task created successfully : ID 54.
Task created successfully : ID 55.
Task created successfully : ID 56.
Task created successfully : ID 57.
Task created successfully : ID 58.
Task created successfully : ID 59.
Task created successfully : ID 60.
Task created successfully : ID 61.
Task created successfully : ID 62.
Task created successfully : ID 63.
Task created successfully : ID 64.
Task created successfully : ID 65.
Task created successfully : ID 66.
Task created successfully : ID 67.
Task created successfully : ID 68.
Task created successfully : ID 69.
Task created successfully : ID 70.
Task created successfully : ID 71.
Task created successfully : ID 72.
Task created successfully : ID 73.
Task created successfully : ID 74.
Task created successfully : ID 75.
Task created successfully : ID 76.
Task created successfully : ID 77.
Task created successfully : ID 78.
Task created successfully : ID 79.
Task created successfully : ID 80.
Task created successfully : ID 81.
Task created successfully : ID 82.
Task created successfully : ID 83.
Task created successfully : ID 84.
Task created successfully : ID 85.
Task 54 is waiting (remaining_time = 960).
Task 11373 not found.
====== Waiting queue =======
[(1: priority = 101, remaining_time = 6524),
(2: priority = 101, remaining_time = 6524),
(3: priority = 101, remaining_time = 6524),
(4: priority = 101, remaining_time = 6524),
(5: priority = 101, remaining_time = 6524),
(6: priority = 101, remaining_time = 6524),
(38: priority = 92, remaining_time = 7406),
(39: priority = 92, remaining_time = 7406),
(40: priority = 92, remaining_time = 7406),
(41: priority = 92, remaining_time = 7406),
(42: priority = 92, remaining_time = 7406),
(43: priority = 92, remaining_time = 7406),
(81: priority = 81, remaining_time = 8688),
(82: priority = 81, remaining_time = 8688),
(83: priority = 81, remaining_time = 8688),
(84: priority = 81, remaining_time = 8688),
(85: priority = 81, remaining_time = 8688),
(7: priority = 60, remaining_time = 1649),
(8: priority = 60, remaining_time = 1649),
(9: priority = 60, remaining_time = 1649),
(10: priority = 60, remaining_time = 1649),
(11: priority = 60, remaining_time = 1649),
(12: priority = 60, remaining_time = 1649),
(13: priority = 60, remaining_time = 1649),
(14: priority = 60, remaining_time = 1649),
(15: priority = 60, remaining_time = 1649),
(16: priority = 60, remaining_time = 1649),
(17: priority = 60, remaining_time = 1649),
(18: priority = 60, remaining_time = 1649),
(19: priority = 60, remaining_time = 1649),
(20: priority = 60, remaining_time = 1649),
(21: priority = 60, remaining_time = 1649),
(22: priority = 60, remaining_time = 1649),
(23: priority = 60, remaining_time = 1649),
(24: priority = 60, remaining_time = 1649),
(25: priority = 60, remaining_time = 1649),
(26: priority = 60, remaining_time = 1649),
(27: priority = 60, remaining_time = 1649),
(28: priority = 60, remaining_time = 1649),
(29: priority = 60, remaining_time = 1649),
(30: priority = 60, remaining_time = 1649),
(31: priority = 44, remaining_time = 6596),
(32: priority = 44, remaining_time = 6596),
(33: priority = 44, remaining_time = 6596),
(34: priority = 44, remaining_time = 6596),
(35: priority = 44, remaining_time = 6596),
(36: priority = 44, remaining_time = 6596),
(37: priority = 44, remaining_time = 6596),
(44: priority = 21, remaining_time = 960),
(45: priority = 21, remaining_time = 960),
(46: priority = 21, remaining_time = 960),
(47: priority = 21, remaining_time = 960),
(48: priority = 21, remaining_time = 960),
(49: priority = 21, remaining_time = 960),
(50: priority = 21, remaining_time = 960),
(51: priority = 21, remaining_time = 960),
(52: priority = 21, remaining_time = 960),
(53: priority = 21, remaining_time = 960),
(54: priority = 21, remaining_time = 960),
(55: priority = 21, remaining_time = 960),
(56: priority = 21, remaining_time = 960),
(57: priority = 21, remaining_time = 960),
(58: priority = 21, remaining_time = 960),
(59: priority = 21, remaining_time = 960),
(60: priority = 21, remaining_time = 960),
(61: priority = 21, remaining_time = 960),
(62: priority = 21, remaining_time = 960),
(63: priority = 21, remaining_time = 960),
(64: priority = 21, remaining_time = 960),
(65: priority = 21, remaining_time = 960),
(66: priority = 21, remaining_time = 960),
(67: priority = 21, remaining_time = 960),
(68: priority = 21, remaining_time = 960),
(69: priority = 21, remaining_time = 960),
(70: priority = 21, remaining_time = 960),
(71: priority = 21, remaining_time = 960),
(72: priority = 21, remaining_time = 960),
(73: priority = 21, remaining_time = 960),
(74: priority = 21, remaining_time = 960),
(75: priority = 21, remaining_time = 960),
(76: priority = 21, remaining_time = 960),
(77: priority = 21, remaining_time = 960),
(78: priority = 21, remaining_time = 960),
(79: priority = 21, remaining_time = 960),
(80: priority = 21, remaining_time = 960)]
Task created successfully : ID 86.
Task created successfully : ID 87.
Task created successfully : ID 88.
Task created successfully : ID 89.
Task created successfully : ID 90.
Task created successfully : ID 91.
Task created successfully : ID 92.
Task created successfully : ID 93.
Task created successfully : ID 94.
Task created successfully : ID 95.
Task created successfully : ID 96.
Task created successfully : ID 97.
Task created successfully : ID 98.
Task created successfully : ID 99.
Task created successfully : ID 100.
Task created successfully : ID 101.
Task created successfully : ID 102.
Task created successfully : ID 103.
Task created successfully : ID 104.
Task created successfully : ID 105.
Task created successfully : ID 106.
Task created successfully : ID 107.
Task created successfully : ID 108.
Task created successfully : ID 109.
Task created successfully : ID 110.
Task created successfully : ID 111.
Task created successfully : ID 112.
Task created successfully : ID 113.
Task created successfully : ID 114.
Task created successfully : ID 115.
Task created successfully : ID 116.
Task created successfully : ID 117.
Task created successfully : ID 118.
Task created successfully : ID 119.
Task created successfully : ID 120.
Task created successfully : ID 121.
Task created successfully : ID 122.
====== Waiting queue =======
[(1: priority = 101, remaining_time = 6524),
(2: priority = 101, remaining_time = 6524),
(3: priority = 101, remaining_time = 6524),
(4: priority = 101, remaining_time = 6524),
(5: priority = 101, remaining_time = 6524),
(6: priority = 101, remaining_time = 6524),
(38: priority = 92, remaining_time = 7406),
(39: priority = 92, remaining_time = 7406),
(40: priority = 92, remaining_time = 7406),
(41: priority = 92, remaining_time = 7406),
(42: priority = 92, remaining_time = 7406),
(43: priority = 92, remaining_time = 7406),
(81: priority = 81, remaining_time = 8688),
(82: priority = 81, remaining_time = 8688),
(83: priority = 81, remaining_time = 8688),
(84: priority = 81, remaining_time = 8688),
(85: priority = 81, remaining_time = 8688),
(7: priority = 60, remaining_time = 1649),
(8: priority = 60, remaining_time = 1649),
(9: priority = 60, remaining_time = 1649),
(10: priority = 60, remaining_time = 1649),
(11: priority = 60, remaining_time = 1649),
(12: priority = 60, remaining_time = 1649),
(13: priority = 60, remaining_time = 1649),
(14: priority = 60, remaining_time = 1649),
(15: priority = 60, remaining_time = 1649),
(16: priority = 60, remaining_time = 1649),
(17: priority = 60, remaining_time = 1649),
(18: priority = 60, remaining_time = 1649),
(19: priority = 60, remaining_time = 1649),
(20: priority = 60, remaining_time = 1649),
(21: priority = 60, remaining_time = 1649),
(22: priority = 60, remaining_time = 1649),
(23: priority = 60, remaining_time = 1649),
(24: priority = 60, remaining_time = 1649),
(25: priority = 60, remaining_time = 1649),
(26: priority = 60, remaining_time = 1649),
(27: priority = 60, remaining_time = 1649),
(28: priority = 60, remaining_time = 1649),
(29: priority = 60, remaining_time = 1649),
(30: priority = 60, remaining_time = 1649),
(86: priority = 46, remaining_time = 1018),
(87: priority = 46, remaining_time = 1018),
(88: priority = 46, remaining_time = 1018),
(89: priority = 46, remaining_time = 1018),
(90: priority = 46, remaining_time = 1018),
(91: priority = 46, remaining_time = 1018),
(92: priority = 46, remaining_time = 1018),
(93: priority = 46, remaining_time = 1018),
(94: priority = 46, remaining_time = 1018),
(95: priority = 46, remaining_time = 1018),
(96: priority = 46, remaining_time = 1018),
(97: priority = 46, remaining_time = 1018),
(98: priority = 46, remaining_time = 1018),
(99: priority = 46, remaining_time = 1018),
(100: priority = 46, remaining_time = 1018),
(101: priority = 46, remaining_time = 1018),
(102: priority = 46, remaining_time = 1018),
(103: priority = 46, remaining_time = 1018),
(104: priority = 46, remaining_time = 1018),
(105: priority = 46, remaining_time = 1018),
(106: priority = 46, remaining_time = 1018),
(107: priority = 46, remaining_time = 1018),
(108: priority = 46, remaining_time = 1018),
(109: priority = 46, remaining_time = 1018),
(110: priority = 46, remaining_time = 1018),
(111: priority = 46, remaining_time = 1018),
(112: priority = 46, remaining_time = 1018),
(113: priority = 46, remaining_time = 1018),
(114: priority = 46, remaining_time = 1018),
(115: priority = 46, remaining_time = 1018),
(116: priority = 46, remaining_time = 1018),
(117: priority = 46, remaining_time = 1018),
(118: priority = 46, remaining_time = 1018),
(119: priority = 46, remaining_time = 1018),
(120: priority = 46, remaining_time = 1018),
(121: priority = 46, remaining_time = 1018),
(122: priority = 46, remaining_time = 1018),
(31: priority = 44, remaining_time = 6596),
(32: priority = 44, remaining_time = 6596),
(33: priority = 44, remaining_time = 6596),
(34: priority = 44, remaining_time = 6596),
(35: priority = 44, remaining_time = 6596),
(36: priority = 44, remaining_time = 6596),
(37: priority = 44, remaining_time = 6596),
(44: priority = 21, remaining_time = 960),
(45: priority = 21, remaining_time = 960),
(46: priority = 21, remaining_time = 960),
(47: priority = 21, remaining_time = 960),
(48: priority = 21, remaining_time = 960),
(49: priority = 21, remaining_time = 960),
(50: priority = 21, remaining_time = 960),
(51: priority = 21, remaining_time = 960),
(52: priority = 21, remaining_time = 960),
(53: priority = 21, remaining_time = 960),
(54: priority = 21, remaining_time = 960),
(55: priority = 21, remaining_time = 960),
(56: priority = 21, remaining_time = 960),
(57: priority = 21, remaining_time = 960),
(58: priority = 21, remaining_time = 960),
(59: priority = 21, remaining_time = 960),
(60: priority = 21, remaining_time = 960),
(61: priority = 21, remaining_time = 960),
(62: priority = 21, remaining_time = 960),
(63: priority = 21, remaining_time = 960),
(64: priority = 21, remaining_time = 960),
(65: priority = 21, remaining_time = 960),
(66: priority = 21, remaining_time = 960),
(67: priority = 21, remaining_time = 960),
(68: priority = 21, remaining_time = 960),
(69: priority = 21, remaining_time = 960),
(70: priority = 21, remaining_time = 960),
(71: priority = 21, remaining_time = 960),
(72: priority = 21, remaining_time = 960),
(73: priority = 21, remaining_time = 960),
(74: priority = 21, remaining_time = 960),
(75: priority = 21, remaining_time = 960),
(76: priority = 21, remaining_time = 960),
(77: priority = 21, remaining_time = 960),
(78: priority = 21, remaining_time = 960),
(79: priority = 21, remaining_time = 960),
(80: priority = 21, remaining_time = 960)]
Task created successfully : ID 123.
Task created successfully : ID 124.
Task created successfully : ID 125.
Running tasks for 9487510 ms...
Running tasks for 3603733 ms...
Running tasks for 8770559 ms...
Thread 43 is idle.
Task 145 not found.
====== Waiting queue =======
[]
Task created successfully : ID 1.
Task created successfully : ID 2.
Task created successfully : ID 3.
Task created successfully : ID 4.
Task created successfully : ID 5.
Task created successfully : ID 6.
Task created successfully : ID 7.
Task created successfully : ID 8.
Task created successfully : ID 9.
Task created successfully : ID 10.
Task created successfully : ID 11.
Task created successfully : ID 12.
Task created successfully : ID 13.
Task created successfully : ID 14.
Task created successfully : ID 15.
Task created successfully : ID 16.
Task created successfully : ID 17.
Task created successfully : ID 18.
Task created successfully : ID 19.
Task created successfully : ID 20.
Task created successfully : ID 21.
Task created successfully : ID 22.
Task created successfully : ID 23.
Task created successfully : ID 24.
Task created successfully : ID 25.
Task created successfully : ID 26.
Task created successfully : ID 27.
Task created successfully : ID 28.
Task created successfully : ID 29.
Task created successfully : ID 30.
Task created successfully : ID 31.
Task created successfully : ID 32.
Task created successfully : ID 33.
Task created successfully : ID 34.
Task created successfully : ID 35.
Task created successfully : ID 36.
Task created successfully : ID 37.
Task created successfully : ID 38.
Task created successfully : ID 39.
Task created successfully : ID 40.
Task created successfully : ID 41.
Task 393 not found.
Task 510 not found.
Task 23452 not found.
Task created successfully : ID 42.
Task created successfully : ID 43.
Task created successfully : ID 44.
Task created successfully : ID 45.
Task created successfully : ID 46.
Task created successfully : ID 47.
Task created successfully : ID 48.
Task created successfully : ID 49.
Task created successfully : ID 50.
Task created successfully : ID 51.
Task created successfully : ID 52.
Task created successfully : ID 53.
Task created successfully : ID 54.
Task created successfully : ID 55.
Task created successfully : ID 56.
Task created successfully : ID 57.
Task created successfully : ID 58.
Task created successfully : ID 59.
Task created successfully : ID 60.
Task created successfully : ID 61.
Task created successfully : ID 62.
Task created successfully : ID 63.
Task created successfully : ID 64.
Task created successfully : ID 65.
Task created successfully : ID 66.
Task created successfully : ID 67.
Task created successfully : ID 68.
Task created successfully : ID 69.
Task created successfully : ID 70.
Task created successfully : ID 71.
Task created successfully : ID 72.
Task created successfully : ID 73.
Task created successfully : ID 74.
Task created successfully : ID 75.
Task created successfully : ID 76.
Task created successfully : ID 77.
Task created successfully : ID 78.
Task created successfully : ID 79.
Task created successfully : ID 80.
Task created successfully : ID 81.
Task created successfully : ID 82.
Task created successfully : ID 83.
Task created successfully : ID 84.
Task created successfully : ID 85.
Task created successfully : ID 86.
Task created successfully : ID 87.
Task created successfully : ID 88.
Task created successfully : ID 89.
Task created successfully : ID 90.
Task created successfully : ID 91.
Task created successfully : ID 92.
Task created successfully : ID 93.
Task created successfully : ID 94.
Task created successfully : ID 95.
Task created successfully : ID 96.
Task created successfully : ID 97.
Task created successfully : ID 98.
Task created successfully : ID 99.
Task created successfully : ID 100.
Task created successfully : ID 101.
Task created successfully : ID 102.
Task created successfully : ID 103.
Task created successfully : ID 104.
Task created successfully : ID 105.
Task created successfully : ID 106.
Task created successfully : ID 107.
Task created successfully : ID 108.
Task created successfully : ID 109.
Task created successfully : ID 110.
Task 84 is waiting (remaining_time = 715).
====== Waiting queue =======
[(81: priority = 76, remaining_time = 715),
(82: priority = 76, remaining_time = 715),
(83: priority = 76, remaining_time = 715),
(84: priority = 76, remaining_time = 715),
(85: priority = 76, remaining_time = 715),
(86: priority = 76, remaining_time = 715),
(87: priority = 76, remaining_time = 715),
(88: priority = 76, remaining_time = 715),
(89: priority = 76, remaining_time = 715),
(90: priority = 76, remaining_time = 715),
(91: priority = 76, remaining_time = 715),
(92: priority = 76, remaining_time = 715),
(93: priority = 76, remaining_time = 715),
(94: priority = 76, remaining_time = 715),
(95: priority = 76, remaining_time = 715),
(96: priority = 76, remaining_time = 715),
(97: priority = 76, remaining_time = 715),
(98: priority = 76, remaining_time = 715),
(99: priority = 76, remaining_time = 715),
(100: priority = 76, remaining_time = 715),
(101: priority = 76, remaining_time = 715),
(102: priority = 76, remaining_time = 715),
(103: priority = 76, remaining_time = 715),
(104: priority = 76, remaining_time = 715),
(105: priority = 76, remaining_time = 715),
(106: priority = 76, remaining_time = 715),
(107: priority = 76, remaining_time = 715),
(108: priority = 76, remaining_time = 715),
(109: priority = 76, remaining_time = 715),
(110: priority = 76, remaining_time = 715),
(1: priority = 56, remaining_time = 7340),
(2: priority = 56, remaining_time = 7340),
(3: priority = 56, remaining_time = 7340),
(4: priority = 56, remaining_time = 7340),
(5: priority = 56, remaining_time = 7340),
(6: priority = 56, remaining_time = 7340),
(7: priority = 56, remaining_time = 7340),
(8: priority = 56, remaining_time = 7340),
(9: priority = 56, remaining_time = 7340),
(10: priority = 56, remaining_time = 7340),
(11: priority = 56, remaining_time = 7340),
(12: priority = 56, remaining_time = 7340),
(13: priority = 56, remaining_time = 7340),
(14: priority = 56, remaining_time = 7340),
(15: priority = 56, remaining_time = 7340),
(16: priority = 56, remaining_time = 7340),
(17: priority = 56, remaining_time = 7340),
(18: priority = 56, remaining_time = 7340),
(19: priority = 56, remaining_time = 7340),
(20: priority = 56, remaining_time = 7340),
(21: priority = 56, remaining_time = 7340),
(22: priority = 56, remaining_time = 7340),
(23: priority = 56, remaining_time = 7340),
(24: priority = 56, remaining_time = 7340),
(25: priority = 56, remaining_time = 7340),
(26: priority = 56, remaining_time = 7340),
(27: priority = 56, remaining_time = 7340),
(28: priority = 56, remaining_time = 7340),
(29: priority = 56, remaining_time = 7340),
(30: priority = 56, remaining_time = 7340),
(31: priority = 56, remaining_time = 7340),
(32: priority = 56, remaining_time = 7340),
(33: priority = 56, remaining_time = 7340),
(34: priority = 56, remaining_time = 7340),
(35: priority = 56, remaining_time = 7340),
(36: priority = 56, remaining_time = 7340),
(37: priority = 56, remaining_time = 7340),
(38: priority = 56, remaining_time = 7340),
(39: priority = 56, remaining_time = 7340),
(40: priority = 56, remaining_time = 7340),
(41: priority = 56, remaining_time = 7340),
(42: priority = 41, remaining_time = 4921),
(43: priority = 41, remaining_time = 4921),
(44: priority = 41, remaining_time = 4921),
(45: priority = 41, remaining_time = 4921),
(46: priority = 41, remaining_time = 4921),
(47: priority = 41, remaining_time = 4921),
(48: priority = 41, remaining_time = 4921),
(49: priority = 41, remaining_time = 4921),
(50: priority = 41, remaining_time = 4921),
(51: priority = 41, remaining_time = 4921),
(52: priority = 41, remaining_time = 4921),
(53: priority = 41, remaining_time = 4921),
(54: priority = 41, remaining_time = 4921),
(55: priority = 41, remaining_time = 4921),
(56: priority = 41, remaining_time = 4921),
(57: priority = 41, remaining_time = 4921),
(58: priority = 41, remaining_time = 4921),
(59: priority = 41, remaining_time = 4921),
(60: priority = 41, remaining_time = 4921),
(61: priority = 41, remaining_time = 4921),
(62: priority = 41, remaining_time = 4921),
(63: priority = 41, remaining_time = 4921),
(64: priority = 41, remaining_time = 4921),
(65: priority = 41, remaining_time = 4921),
(66: priority = 41, remaining_time = 4921),
(67: priority = 41, remaining_time = 4921),
(68: priority = 41, remaining_time = 4921),
(69: priority = 41, remaining_time = 4921),
(70: priority = 41, remaining_time = 4921),
(71: priority = 41, remaining_time = 4921),
(72: priority = 41, remaining_time = 4921),
(73: priority = 41, remaining_time = 4921),
(74: priority = 41, remaining_time = 4921),
(75: priority = 41, remaining_time = 4921),
(76: priority = 41, remaining_time = 4921),
(77: priority = 41, remaining_time = 4921),
(78: priority = 41, remaining_time = 4921),
(79: priority = 41, remaining_time = 4921),
(80: priority = 41, remaining_time = 4921)]
Task 300 not found.
====== Waiting queue =======
[(81: priority = 76, remaining_time = 715),
(82: priority = 76, remaining_time = 715),
(83: priority = 76, remaining_time = 715),
(84: priority = 76, remaining_time = 715),
(85: priority = 76, remaining_time = 715),
(86: priority = 76, remaining_time = 715),
(87: priority = 76, remaining_time = 715),
(88: priority = 76, remaining_time = 715),
(89: priority = 76, remaining_time = 715),
(90: priority = 76, remaining_time = 715),
(91: priority = 76, remaining_time = 715),
(92: priority = 76, remaining_time = 715),
(93: priority = 76, remaining_time = 715),
(94: priority = 76, remaining_time = 715),
(95: priority = 76, remaining_time = 715),
(96: priority = 76, remaining_time = 715),
(97: priority = 76, remaining_time = 715),
(98: priority = 76, remaining_time = 715),
(99: priority = 76, remaining_time = 715),
(100: priority = 76, remaining_time = 715),
(101: priority = 76, remaining_time = 715),
(102: priority = 76, remaining_time = 715),
(103: priority = 76, remaining_time = 715),
(104: priority = 76, remaining_time = 715),
(105: priority = 76, remaining_time = 715),
(106: priority = 76, remaining_time = 715),
(107: priority = 76, remaining_time = 715),
(108: priority = 76, remaining_time = 715),
(109: priority = 76, remaining_time = 715),
(110: priority = 76, remaining_time = 715),
(1: priority = 56, remaining_time = 7340),
(2: priority = 56, remaining_time = 7340),
(3: priority = 56, remaining_time = 7340),
(4: priority = 56, remaining_time = 7340),
(5: priority = 56, remaining_time = 7340),
(6: priority = 56, remaining_time = 7340),
(7: priority = 56, remaining_time = 7340),
(8: priority = 56, remaining_time = 7340),
(9: priority = 56, remaining_time = 7340),
(10: priority = 56, remaining_time = 7340),
(11: priority = 56, remaining_time = 7340),
(12: priority = 56, remaining_time = 7340),
(13: priority = 56, remaining_time = 7340),
(14: priority = 56, remaining_time = 7340),
(15: priority = 56, remaining_time = 7340),
(16: priority = 56, remaining_time = 7340),
(17: priority = 56, remaining_time = 7340),
(18: priority = 56, remaining_time = 7340),
(19: priority = 56, remaining_time = 7340),
(20: priority = 56, remaining_time = 7340),
(21: priority = 56, remaining_time = 7340),
(22: priority = 56, remaining_time = 7340),
(23: priority = 56, remaining_time = 7340),
(24: priority = 56, remaining_time = 7340),
(25: priority = 56, remaining_time = 7340),
(26: priority = 56, remaining_time = 7340),
(27: priority = 56, remaining_time = 7340),
(28: priority = 56, remaining_time = 7340),
(29: priority = 56, remaining_time = 7340),
(30: priority = 56, remaining_time = 7340),
(31: priority = 56, remaining_time = 7340),
(32: priority = 56, remaining_time = 7340),
(33: priority = 56, remaining_time = 7340),
(34: priority = 56, remaining_time = 7340),
(35: priority = 56, remaining_time = 7340),
(36: priority = 56, remaining_time = 7340),
(37: priority = 56, remaining_time = 7340),
(38: priority = 56, remaining_time = 7340),
(39: priority = 56, remaining_time = 7340),
(40: priority = 56, remaining_time = 7340),
(41: priority = 56, remaining_time = 7340),
(42: priority = 41, remaining_time = 4921),
(43: priority = 41, remaining_time = 4921),
(44: priority = 41, remaining_time = 4921),
(45: priority = 41, remaining_time = 4921),
(46: priority = 41, remaining_time = 4921),
(47: priority = 41, remaining_time = 4921),
(48: priority = 41, remaining_time = 4921),
(49: priority = 41, remaining_time = 4921),
(50: priority = 41, remaining_time = 4921),
(51: priority = 41, remaining_time = 4921),
(52: priority = 41, remaining_time = 4921),
(53: priority = 41, remaining_time = 4921),
(54: priority = 41, remaining_time = 4921),
(55: priority = 41, remaining_time = 4921),
(56: priority = 41, remaining_time = 4921),
(57: priority = 41, remaining_time = 4921),
(58: priority = 41, remaining_time = 4921),
(59: priority = 41, remaining_time = 4921),
(60: priority = 41, remaining_time = 4921),
(61: priority = 41, remaining_time = 4921),
(62: priority = 41, remaining_time = 4921),
(63: priority = 41, remaining_time = 4921),
(64: priority = 41, remaining_time = 4921),
(65: priority = 41, remaining_time = 4921),
(66: priority = 41, remaining_time = 4921),
(67: priority = 41, remaining_time = 4921),
(68: priority = 41, remaining_time = 4921),
(69: priority = 41, remaining_time = 4921),
(70: priority = 41, remaining_time = 4921),
(71: priority = 41, remaining_time = 4921),
(72: priority = 41, remaining_time = 4921),
(73: priority = 41, remaining_time = 4921),
(74: priority = 41, remaining_time = 4921),
(75: priority = 41, remaining_time = 4921),
(76: priority = 41, remaining_time = 4921),
(77: priority = 41, remaining_time = 4921),
(78: priority = 41, remaining_time = 4921),
(79: priority = 41, remaining_time = 4921),
(80: priority = 41, remaining_time = 4921)]
Task 32552 not found.
Running tasks for 5733797 ms...
====== Waiting queue =======
[]
Task created successfully : ID 1.
Task created successfully : ID 2.
Task created successfully : ID 3.
Task created successfully : ID 4.
Task created successfully : ID 5.
Task created successfully : ID 6.
Task created successfully : ID 7.
Task created successfully : ID 8.
Task created successfully : ID 9.
Task created successfully : ID 10.
Task created successfully : ID 11.
Task created successfully : ID 12.
Task created successfully : ID 13.
Task created successfully : ID 14.
Task created successfully : ID 15.
Task created successfully : ID 16.
Task created successfully : ID 17.
Task created successfully : ID 18.
Task created successfully : ID 19.
Task created successfully : ID 20.
Task created successfully : ID 21.
Task created successfully : ID 22.
Task created successfully : ID 23.
Task created successfully : ID 24.
Task created successfully : ID 25.
Task created successfully : ID 26.
Task created successfully : ID 27.
Task created successfully : ID 28.
Task created successfully : ID 29.
Task created successfully : ID 30.
Task created successfully : ID 31.
Task created successfully : ID 32.
Task created successfully : ID 33.
Task created successfully : ID 34.
Task created successfully : ID 35.
Task created successfully : ID 36.
Task created successfully : ID 37.
Running tasks for 9092631 ms...
Task created successfully : ID 1.
Task created successfully : ID 2.
Task created successfully : ID 3.
Task created successfully : ID 4.
Task created successfully : ID 5.
Task created successfully : ID 6.
Task created successfully : ID 7.
Task created successfully : ID 8.
Task created successfully : ID 9.
Task created successfully : ID 10.
Task created successfully : ID 11.
Task created successfully : ID 12.
Task created successfully : ID 13.
Task created successfully : ID 14.
Task created successfully : ID 15.
Task created successfully : ID 16.
Task created successfully : ID 17.
Task created successfully : ID 18.
Task created successfully : ID 19.
Task created successfully : ID 20.
Task created successfully : ID 21.
Task created successfully : ID 22.
Task created successfully : ID 23.
Task created successfully : ID 24.
Task created successfully : ID 25.
Task created successfully : ID 26.
Task created successfully : ID 27.
Task created successfully : ID 28.
Task created successfully : ID 29.
Task created successfully : ID 30.
Task created successfully : ID 31.
Task created successfully : ID 32.
Task created successfully : ID 33.
Task created successfully : ID 34.
Task created successfully : ID 35.
Task created successfully : ID 36.
Task created successfully : ID 37.
Task created successfully : ID 38.
Task created successfully : ID 39.
Task created successfully : ID 40.
Task created successfully : ID 41.
Task created successfully : ID 42.
Task created successfully : ID 43.
Task created successfully : ID 44.
Task created successfully : ID 45.
Task created successfully : ID 46.
Task created successfully : ID 47.
Task 657 not found.
Thread 12 is idle.
Task 191 not found.
Task created successfully : ID 48.
Task created successfully : ID 49.
Task created successfully : ID 50.
Task created successfully : ID 51.
Task created successfully : ID 52.
Task created successfully : ID 53.
Task created successfully : ID 54.
Task created successfully : ID 55.
Task created successfully : ID 56.
Task created successfully : ID 57.
Task created successfully : ID 58.
Task created successfully : ID 59.
Task created successfully : ID 60.
Task created successfully : ID 61.
Task created successfully : ID 62.
Task created successfully : ID 63.
Task created successfully : ID 64.
Task created successfully : ID 65.
Task created successfully : ID 66.
Task created successfully : ID 67.
Task created successfully : ID 68.
Task created successfully : ID 69.
Task created successfully : ID 70.
Task created successfully : ID 71.
Task created successfully : ID 72.
Task created successfully : ID 73.
Task created successfully : ID 74.
Task created successfully : ID 75.
Task created successfully : ID 76.
Task 720 not found.
Task created successfully : ID 77.
Task created successfully : ID 78.
Task created successfully : ID 79.
Task created successfully : ID 80.
Task created successfully : ID 81.
Task created successfully : ID 82.
Task created successfully : ID 83.
Task created successfully : ID 84.
Task created successfully : ID 85.
Task created successfully : ID 86.
Task created successfully : ID 87.
Task created successfully : ID 88.
Task created successfully : ID 89.
Task created successfully : ID 90.
Thread 46 is idle.
Thread 50 is idle.
Thread 66 is idle.
Task created successfully : ID 91.
Task created successfully : ID 92.
Task created successfully : ID 93.
Task created successfully : ID 94.
Task created successfully : ID 95.
Task created successfully : ID 96.
Task created successfully : ID 97.
Task created successfully : ID 98.
Task created successfully : ID 99.
Task created successfully : ID 100.
Task created successfully : ID 101.
Task created successfully : ID 102.
Task created successfully : ID 103.
Task created successfully : ID 104.
Task created successfully : ID 105.
Task created successfully : ID 106.
Task created successfully : ID 107.
Task created successfully : ID 108.
Task created successfully : ID 109.
Task created successfully : ID 110.
Task created successfully : ID 111.
Task created successfully : ID 112.
Task created successfully : ID 113.
Task created successfully : ID 114.
Task created successfully : ID 115.
Task created successfully : ID 116.
Task created successfully : ID 117.
Task created successfully : ID 118.
Task created successfully : ID 119.
Task created successfully : ID 120.
Task created successfully : ID 121.
Task created successfully : ID 122.
Task created successfully : ID 123.
Task created successfully : ID 124.
Task created successfully : ID 125.
Task created successfully : ID 126.
Task created successfully : ID 127.
Task created successfully : ID 128.
Task created successfully : ID 129.
Task created successfully : ID 130.
Task created successfully : ID 131.
Task created successfully : ID 132.
Task created successfully : ID 133.
Task created successfully : ID 134.
Task created successfully : ID 135.
Task created successfully : ID 136.
Task created successfully : ID 137.
Task created successfully : ID 138.
Task created successfully : ID 139.
Thread 15 is idle.
Thread 20 is idle.
Thread 37 is idle.
Task 30361 not found.
Thread 15 is idle.
Thread 56 is idle.
====== Waiting queue =======
[(91: priority = 85, remaining_time = 1297),
(92: priority = 85, remaining_time = 1297),
(93: priority = 85, remaining_time = 1297),
(94: priority = 85, remaining_time = 1297),
(95: priority = 85, remaining_time = 1297),
(96: priority = 85, remaining_time = 1297),
(97: priority = 85, remaining_time = 1297),
(98: priority = 85, remaining_time = 1297),
(99: priority = 85, remaining_time = 1297),
(100: priority = 85, remaining_time = 1297),
(101: priority = 85, remaining_time = 1297),
(102: priority = 85, remaining_time = 1297),
(103: priority = 85, remaining_time = 1297),
(104: priority = 85, remaining_time = 1297),
(105: priority = 85, remaining_time = 1297),
(106: priority = 85, remaining_time = 1297),
(107: priority = 85, remaining_time = 1297),
(108: priority = 85, remaining_time = 1297),
(109: priority = 85, remaining_time = 1297),
(110: priority = 85, remaining_time = 1297),
(111: priority = 85, remaining_time = 1297),
(112: priority = 85, remaining_time = 1297),
(113: priority = 85, remaining_time = 1297),
(114: priority = 85, remaining_time = 1297),
(115: priority = 85, remaining_time = 1297),
(116: priority = 85, remaining_time = 1297),
(117: priority = 85, remaining_time = 1297),
(118: priority = 85, remaining_time = 1297),
(119: priority = 85, remaining_time = 1297),
(120: priority = 85, remaining_time = 1297),
(121: priority = 85, remaining_time = 1297),
(122: priority = 85, remaining_time = 1297),
(123: priority = 85, remaining_time = 1297),
(124: priority = 85, remaining_time = 1297),
(125: priority = 85, remaining_time = 1297),
(126: priority = 85, remaining_time = 1297),
(127: priority = 85, remaining_time = 1297),
(128: priority = 85, remaining_time = 1297),
(129: priority = 85, remaining_time = 1297),
(130: priority = 85, remaining_time = 1297),
(131: priority = 85, remaining_time = 1297),
(132: priority = 85, remaining_time = 1297),
(133: priority = 85, remaining_time = 1297),
(134: priority = 85, remaining_time = 1297),
(135: priority = 85, remaining_time = 1297),
(136: priority = 85, remaining_time = 1297),
(137: priority = 85, remaining_time = 1297),
(138: priority = 85, remaining_time = 1297),
(139: priority = 85, remaining_time = 1297),
(77: priority = 38, remaining_time = 4175),
(78: priority = 38, remaining_time = 4175),
(79: priority = 38, remaining_time = 4175),
(80: priority = 38, remaining_time = 4175),
(81: priority = 38, remaining_time = 4175),
(82: priority = 38, remaining_time = 4175),
(83: priority = 38, remaining_time = 4175),
(84: priority = 38, remaining_time = 4175),
(85: priority = 38, remaining_time = 4175),
(86: priority = 38, remaining_time = 4175),
(87: priority = 38, remaining_time = 4175),
(88: priority = 38, remaining_time = 4175),
(89: priority = 38, remaining_time = 4175),
(90: priority = 38, remaining_time = 4175),
(48: priority = 25, remaining_time = 2856),
(49: priority = 25, remaining_time = 2856),
(50: priority = 25, remaining_time = 2856),
(51: priority = 25, remaining_time = 2856),
(52: priority = 25, remaining_time = 2856),
(53: priority = 25, remaining_time = 2856),
(54: priority = 25, remaining_time = 2856),
(55: priority = 25, remaining_time = 2856),
(56: priority = 25, remaining_time = 2856),
(57: priority = 25, remaining_time = 2856),
(58: priority = 25, remaining_time = 2856),
(59: priority = 25, remaining_time = 2856),
(60: priority = 25, remaining_time = 2856),
(61: priority = 25, remaining_time = 2856),
(62: priority = 25, remaining_time = 2856),
(63: priority = 25, remaining_time = 2856),
(64: priority = 25, remaining_time = 2856),
(65: priority = 25, remaining_time = 2856),
(66: priority = 25, remaining_time = 2856),
(67: priority = 25, remaining_time = 2856),
(68: priority = 25, remaining_time = 2856),
(69: priority = 25, remaining_time = 2856),
(70: priority = 25, remaining_time = 2856),
(71: priority = 25, remaining_time = 2856),
(72: priority = 25, remaining_time = 2856),
(73: priority = 25, remaining_time = 2856),
(74: priority = 25, remaining_time = 2856),
(75: priority = 25, remaining_time = 2856),
(76: priority = 25, remaining_time = 2856),
(1: priority = 2, remaining_time = 3400),
(2: priority = 2, remaining_time = 3400),
(3: priority = 2, remaining_time = 3400),
(4: priority = 2, remaining_time = 3400),
(5: priority = 2, remaining_time = 3400),
(6: priority = 2, remaining_time = 3400),
(7: priority = 2, remaining_time = 3400),
(8: priority = 2, remaining_time = 3400),
(9: priority = 2, remaining_time = 3400),
(10: priority = 2, remaining_time = 3400),
(11: priority = 2, remaining_time = 3400),
(12: priority = 2, remaining_time = 3400),
(13: priority = 2, remaining_time = 3400),
(14: priority = 2, remaining_time = 3400),
(15: priority = 2, remaining_time = 3400),
(16: priority = 2, remaining_time = 3400),
(17: priority = 2, remaining_time = 3400),
(18: priority = 2, remaining_time = 3400),
(19: priority = 2, remaining_time = 3400),
(20: priority = 2, remaining_time = 3400),
(21: priority = 2, remaining_time = 3400),
(22: priority = 2, remaining_time = 3400),
(23: priority = 2, remaining_time = 3400),
(24: priority = 2, remaining_time = 3400),
(25: priority = 2, remaining_time = 3400),
(26: priority = 2, remaining_time = 3400),
(27: priority = 2, remaining_time = 3400),
(28: priority = 2, remaining_time = 3400),
(29: priority = 2, remaining_time = 3400),
(30: priority = 2, remaining_time = 3400),
(31: priority = 2, remaining_time = 3400),
(32: priority = 2, remaining_time = 3400),
(33: priority = 2, remaining_time = 3400),
(34: priority = 2, remaining_time = 3400),
(35: priority = 2, remaining_time = 3400),
(36: priority = 2, remaining_time = 3400),
(37: priority = 2, remaining_time = 3400),
(38: priority = 2, remaining_time = 3400),
(39: priority = 2, remaining_time = 3400),
(40: priority = 2, remaining_time = 3400),
(41: priority = 2, remaining_time = 3400),
(42: priority = 2, remaining_time = 3400),
(43: priority = 2, remaining_time = 3400),
(44: priority = 2, remaining_time = 3400),
(45: priority = 2, remaining_time = 3400),
(46: priority = 2, remaining_time = 3400),
(47: priority = 2, remaining_time = 3400)]
Running tasks for 2180443 ms...
Thread 20 is idle.
Task created successfully : ID 1.
Task created successfully : ID 2.
Task created successfully : ID 3.
Task created successfully : ID 4.
Task created successfully : ID 5.
Task created successfully : ID 6.
Task created successfully : ID 7.
Task created successfully : ID 8.
Task created successfully : ID 9.
Task created successfully : ID 10.
Task created successfully : ID 11.
Task created successfully : ID 12.
Task created successfully : ID 13.
Task created successfully : ID 14.
Task created successfully : ID 15.
Task created successfully : ID 16.
Task created successfully : ID 17.
Task created successfully : ID 18.
Task 13709 not found.
Running tasks for 9594261 ms...
Thread 18 is idle.
Thread 55 is idle.
====== Waiting queue =======
[]
Running tasks for 8134043 ms...
====== Waiting queue =======
[]
====== Waiting queue =======
[]
Task created successfully : ID 1.
Task created successfully : ID 2.
Task created successfully : ID 3.
Task created successfully : ID 4.
Task created successfully : ID 5.
Task created successfully : ID 6.
Task created successfully : ID 7.
Task created successfully : ID 8.
Task created successfully : ID 9.
Task created successfully : ID 10.
Task created successfully : ID 11.
Task created successfully : ID 12.
Task created successfully : ID 13.
Task created successfully : ID 14.
Task created successfully : ID 15.
Task created successfully : ID 16.
Task created successfully : ID 17.
Task created successfully : ID 18.
Task created successfully : ID 19.
Task created successfully : ID 20.
Task created successfully : ID 21.
Task created successfully : ID 22.
Task created successfully : ID 23.
Task created successfully : ID 24.
Task created successfully : ID 25.
Task created successfully : ID 26.
Task created successfully : ID 27.
Task created successfully : ID 28.
Task created successfully : ID 29.
Task created successfully : ID 30.
Task created successfully : ID 31.
Task created successfully : ID 32.
Task created successfully : ID 33.
Task created successfully : ID 34.
Task created successfully : ID 35.
Task created successfully : ID 36.
Task created successfully : ID 37.
Task created successfully : ID 38.
Task created successfully : ID 39.
Running tasks for 1175510 ms...
Task 35 is finished (executed_time = 832).
Task 732 not found.
Thread 54 is idle.
Thread 10 is idle.
====== Waiting queue =======
[]
Running tasks for 1233 ms...
====== Waiting queue =======
[]
Running tasks for 4445 ms...
Task created successfully : ID 1.
Task created successfully : ID 2.
Task created successfully : ID 3.
Task created successfully : ID 4.
Task created successfully : ID 5.
Task created successfully : ID 6.
Task created successfully : ID 7.
Task created successfully : ID 8.
Task created successfully : ID 9.
Task created successfully : ID 10.
Task created successfully : ID 11.
Task created successfully : ID 12.
Task created successfully : ID 13.
Task created successfully : ID 14.
Task created successfully : ID 15.
Task created successfully : ID 16.
Task created successfully : ID 17.
Task created successfully : ID 18.
Task created successfully : ID 19.
Task created successfully : ID 20.
Task created successfully : ID 21.
Task created successfully : ID 22.
Task created successfully : ID 23.
Task created successfully : ID 24.
Task created successfully : ID 25.
Task created successfully : ID 26.
Task created successfully : ID 27.
Task created successfully : ID 28.
Task created successfully : ID 29.
Task created successfully : ID 30.
Task created successfully : ID 31.
Task created successfully : ID 32.
Task created successfully : ID 33.
Task created successfully : ID 34.
Task created successfully : ID 35.
Task created successfully : ID 36.
Task created successfully : ID 37.
Task created successfully : ID 38.
Task created successfully : ID 39.
Task created successfully : ID 40.
Task created successfully : ID 41.
Task created successfully : ID 42.
Task created successfully : ID 43.
Task created successfully : ID 44.
Task created successfully : ID 45.
Task created successfully : ID 46.
Task created successfully : ID 47.
Task created successfully : ID 48.
Task created successfully : ID 49.
Task created successfully : ID 50.
Task created successfully : ID 51.
