Task created successfully : ID 1.
Task created successfully : ID 2.
Task created successfully : ID 3.
Task created successfully : ID 4.
Task created successfully : ID 5.
Task created successfully : ID 6.
Task created successfully : ID 7.
Task created successfully : ID 8.
Task created successfully : ID 9.
Task created successfully : ID 10.
Task created successfully : ID 11.
Task created successfully : ID 12.
Task created successfully : ID 13.
Task created successfully : ID 14.
Task created successfully : ID 15.
Task created successfully : ID 16.
Task created successfully : ID 17.
Task created successfully : ID 18.
Task created successfully : ID 19.
Task created successfully : ID 20.
Task created successfully : ID 21.
Task created successfully : ID 22.
Task created successfully : ID 23.
Task created successfully : ID 24.
Task created successfully : ID 25.
Task created successfully : ID 26.
Task created successfully : ID 27.
Task created successfully : ID 28.
Task created successfully : ID 29.
Task created successfully : ID 30.
Task created successfully : ID 31.
Task created successfully : ID 32.
Task created successfully : ID 33.
Task created successfully : ID 34.
Task created successfully : ID 35.
Task created successfully : ID 36.
Task created successfully : ID 37.
Task created successfully : ID 38.
Task created successfully : ID 39.
Task created successfully : ID 40.
Task created successfully : ID 41.
Task created successfully : ID 42.
Task created successfully : ID 43.
Task created successfully : ID 44.
Task created successfully : ID 45.
Task created successfully : ID 46.
Task created successfully : ID 47.
Task created successfully : ID 48.
Task created successfully : ID 49.
Task created successfully : ID 50.
Task created successfully : ID 51.
Task created successfully : ID 52.
Task created successfully : ID 53.
Task created successfully : ID 54.
Task created successfully : ID 55.
Task created successfully : ID 56.
Task created successfully : ID 57.
Task created successfully : ID 58.
Task created successfully : ID 59.
Task created successfully : ID 60.
Task created successfully : ID 61.
Task created successfully : ID 62.
Task created successfully : ID 63.
Task created successfully : ID 64.
Task created successfully : ID 65.
Task created successfully : ID 66.
Task created successfully : ID 67.
Task created successfully : ID 68.
Task created successfully : ID 69.
Task created successfully : ID 70.
Task created successfully : ID 71.
Task created successfully : ID 72.
Task created successfully : ID 73.
Task created successfully : ID 74.
Task created successfully : ID 75.
Task created successfully : ID 76.
Task created successfully : ID 77.
Task created successfully : ID 78.
Task created successfully : ID 79.
Task created successfully : ID 80.
Task created successfully : ID 81.
Task created successfully : ID 82.
Task created successfully : ID 83.
Task created successfully : ID 84.
Task created successfully : ID 85.
Task created successfully : ID 86.
Task created successfully : ID 87.
Task created successfully : ID 88.
Task created successfully : ID 89.
Task created successfully : ID 90.
Task created successfully : ID 91.
Task created successfully : ID 92.
Task created successfully : ID 93.
Task created successfully : ID 94.
Task created successfully : ID 95.
Task created successfully : ID 96.
Task created successfully : ID 97.
Task created successfully : ID 98.
Task created successfully : ID 99.
Task created successfully : ID 100.
Task created successfully : ID 101.
Task created successfully : ID 102.
Task created successfully : ID 103.
Task created successfully : ID 104.
Task created successfully : ID 105.
Task created successfully : ID 106.
Task created successfully : ID 107.
Task created successfully : ID 108.
Task created successfully : ID 109.
Task created successfully : ID 110.
Task created successfully : ID 111.
Task created successfully : ID 112.
Task created successfully : ID 113.
Task created successfully : ID 114.
Task created successfully : ID 115.
Task created successfully : ID 116.
Task created successfully : ID 117.
Task created successfully : ID 118.
Task created successfully : ID 119.
Task created successfully : ID 120.
Task created successfully : ID 121.
Task created successfully : ID 122.
Task created successfully : ID 123.
Task created successfully : ID 124.
Task created successfully : ID 125.
Task created successfully : ID 126.
Task created successfully : ID 127.
Task created successfully : ID 128.
Task created successfully : ID 129.
Task created successfully : ID 130.
Task created successfully : ID 131.
Task created successfully : ID 132.
Task created successfully : ID 133.
Task created successfully : ID 134.
Task created successfully : ID 135.
Task created successfully : ID 136.
Task created successfully : ID 137.
Task created successfully : ID 138.
Task created successfully : ID 139.
Task created successfully : ID 140.
Task created successfully : ID 141.
Task created successfully : ID 142.
Task created successfully : ID 143.
Task created successfully : ID 144.
Task created successfully : ID 145.
Task created successfully : ID 146.
Task created successfully : ID 147.
Task created successfully : ID 148.
Task created successfully : ID 149.
Task created successfully : ID 150.
Task created successfully : ID 151.
Task created successfully : ID 152.
Task created successfully : ID 153.
Task created successfully : ID 154.
Task created successfully : ID 155.
Task created successfully : ID 156.
Task created successfully : ID 157.
Task created successfully : ID 158.
Task created successfully : ID 159.
Task created successfully : ID 160.
Task created successfully : ID 161.
Task created successfully : ID 162.
Task created successfully : ID 163.
Task created successfully : ID 164.
Task created successfully : ID 165.
Task created successfully : ID 166.
Task created successfully : ID 167.
Task created successfully : ID 168.
Task created successfully : ID 169.
Task created successfully : ID 170.
Task created successfully : ID 171.
Task created successfully : ID 172.
Task created successfully : ID 173.
Task created successfully : ID 174.
Task created successfully : ID 175.
Task created successfully : ID 176.
Task created successfully : ID 177.
Task created successfully : ID 178.
Task created successfully : ID 179.
Task created successfully : ID 180.
Task created successfully : ID 181.
Task created successfully : ID 182.
Task created successfully : ID 183.
Task created successfully : ID 184.
Task created successfully : ID 185.
Task created successfully : ID 186.
Task created successfully : ID 187.
Task created successfully : ID 188.
Task created successfully : ID 189.
Task created successfully : ID 190.
Task created successfully : ID 191.
Task created successfully : ID 192.
Task created successfully : ID 193.
Task created successfully : ID 194.
Task created successfully : ID 195.
Task created successfully : ID 196.
Task created successfully : ID 197.
Task created successfully : ID 198.
Task created successfully : ID 199.
Task created successfully : ID 200.
Task created successfully : ID 201.
Task created successfully : ID 202.
Task created successfully : ID 203.
Task created successfully : ID 204.
Task created successfully : ID 205.
Task created successfully : ID 206.
Task created successfully : ID 207.
Task created successfully : ID 208.
Task created successfully : ID 209.
Task created successfully : ID 210.
Task created successfully : ID 211.
Task created successfully : ID 212.
Task created successfully : ID 213.
Task created successfully : ID 214.
Task created successfully : ID 215.
Task created successfully : ID 216.
Task created successfully : ID 217.
Task created successfully : ID 218.
Task created successfully : ID 219.
Task created successfully : ID 220.
Task created successfully : ID 221.
Task created successfully : ID 222.
Task created successfully : ID 223.
Task created successfully : ID 224.
Task created successfully : ID 225.
Task created successfully : ID 226.
Task created successfully : ID 227.
Task created successfully : ID 228.
Task created successfully : ID 229.
Task created successfully : ID 230.
Task created successfully : ID 231.
Task created successfully : ID 232.
Task created successfully : ID 233.
Task created successfully : ID 234.
Task created successfully : ID 235.
Task created successfully : ID 236.
Task created successfully : ID 237.
Task created successfully : ID 238.
Task created successfully : ID 239.
Task created successfully : ID 240.
Task created successfully : ID 241.
Task created successfully : ID 242.
Task created successfully : ID 243.
Task created successfully : ID 244.
Task created successfully : ID 245.
Task created successfully : ID 246.
Task created successfully : ID 247.
Task created successfully : ID 248.
Task created successfully : ID 249.
Task created successfully : ID 250.
Task created successfully : ID 251.
Task created successfully : ID 252.
Task created successfully : ID 253.
Task created successfully : ID 254.
Task created successfully : ID 255.
Task created successfully : ID 256.
Task created successfully : ID 257.
Task created successfully : ID 258.
Task created successfully : ID 259.
Task created successfully : ID 260.
Task created successfully : ID 261.
Task created successfully : ID 262.
Task created successfully : ID 263.
Task created successfully : ID 264.
Task created successfully : ID 265.
Task created successfully : ID 266.
Task created successfully : ID 267.
Task created successfully : ID 268.
Task created successfully : ID 269.
Task created successfully : ID 270.
Task created successfully : ID 271.
Task created successfully : ID 272.
Task created successfully : ID 273.
Task created successfully : ID 274.
Task created successfully : ID 275.
Task created successfully : ID 276.
Task created successfully : ID 277.
Task created successfully : ID 278.
Task created successfully : ID 279.
Task created successfully : ID 280.
Task created successfully : ID 281.
Task created successfully : ID 282.
Task created successfully : ID 283.
Task created successfully : ID 284.
Task created successfully : ID 285.
Task created successfully : ID 286.
Task created successfully : ID 287.
Task created successfully : ID 288.
Task created successfully : ID 289.
Task created successfully : ID 290.
Task created successfully : ID 291.
Task created successfully : ID 292.
Task created successfully : ID 293.
Task created successfully : ID 294.
Task created successfully : ID 295.
Task created successfully : ID 296.
Task created successfully : ID 297.
Task created successfully : ID 298.
Task created successfully : ID 299.
Task created successfully : ID 300.
Task created successfully : ID 301.
Task created successfully : ID 302.
Task created successfully : ID 303.
Task created successfully : ID 304.
Task created successfully : ID 305.
Task created successfully : ID 306.
Task created successfully : ID 307.
Task created successfully : ID 308.
Task created successfully : ID 309.
Task created successfully : ID 310.
Task created successfully : ID 311.
Task created successfully : ID 312.
Task created successfully : ID 313.
Task created successfully : ID 314.
Task created successfully : ID 315.
Task created successfully : ID 316.
Task created successfully : ID 317.
Task created successfully : ID 318.
Task created successfully : ID 319.
Task created successfully : ID 320.
Task created successfully : ID 321.
Task created successfully : ID 322.
Task created successfully : ID 323.
Task created successfully : ID 324.
Task created successfully : ID 325.
Task created successfully : ID 326.
Task created successfully : ID 327.
Task created successfully : ID 328.
Task created successfully : ID 329.
Task created successfully : ID 330.
Task created successfully : ID 331.
Task created successfully : ID 332.
Task created successfully : ID 333.
Task created successfully : ID 334.
Task created successfully : ID 335.
Task created successfully : ID 336.
Task created successfully : ID 337.
Task created successfully : ID 338.
Task created successfully : ID 339.
Task created successfully : ID 340.
Task created successfully : ID 341.
Task created successfully : ID 342.
Task created successfully : ID 343.
Task created successfully : ID 344.
Task created successfully : ID 345.
Task created successfully : ID 346.
Task created successfully : ID 347.
Task created successfully : ID 348.
Task created successfully : ID 349.
Task created successfully : ID 350.
Task created successfully : ID 351.
Task created successfully : ID 352.
Task created successfully : ID 353.
Task created successfully : ID 354.
Task created successfully : ID 355.
Task created successfully : ID 356.
Task created successfully : ID 357.
Task created successfully : ID 358.
Task created successfully : ID 359.
Task created successfully : ID 360.
Task created successfully : ID 361.
Task created successfully : ID 362.
Task created successfully : ID 363.
Task created successfully : ID 364.
Task created successfully : ID 365.
Task created successfully : ID 366.
Task created successfully : ID 367.
Task created successfully : ID 368.
Task created successfully : ID 369.
Task created successfully : ID 370.
Task created successfully : ID 371.
Task created successfully : ID 372.
Task created successfully : ID 373.
Task created successfully : ID 374.
Task created successfully : ID 375.
Task created successfully : ID 376.
Task created successfully : ID 377.
Task created successfully : ID 378.
Task created successfully : ID 379.
Task created successfully : ID 380.
Task created successfully : ID 381.
Task created successfully : ID 382.
Task created successfully : ID 383.
Task created successfully : ID 384.
Task created successfully : ID 385.
Task created successfully : ID 386.
Task created successfully : ID 387.
Task created successfully : ID 388.
Task created successfully : ID 389.
Task created successfully : ID 390.
Task created successfully : ID 391.
Task created successfully : ID 392.
Task created successfully : ID 393.
Task created successfully : ID 394.
Task created successfully : ID 395.
Task created successfully : ID 396.
Task created successfully : ID 397.
Task created successfully : ID 398.
Task created successfully : ID 399.
Task created successfully : ID 400.
Task created successfully : ID 401.
Task created successfully : ID 402.
Task created successfully : ID 403.
Task created successfully : ID 404.
Task created successfully : ID 405.
Task created successfully : ID 406.
Task created successfully : ID 407.
Task created successfully : ID 408.
Task created successfully : ID 409.
Task created successfully : ID 410.
Task created successfully : ID 411.
Task created successfully : ID 412.
Task created successfully : ID 413.
Task created successfully : ID 414.
Task created successfully : ID 415.
Task created successfully : ID 416.
Task created successfully : ID 417.
Task created successfully : ID 418.
Task created successfully : ID 419.
Task created successfully : ID 420.
Task created successfully : ID 421.
Task created successfully : ID 422.
Task created successfully : ID 423.
Task created successfully : ID 424.
Task created successfully : ID 425.
Task created successfully : ID 426.
Task created successfully : ID 427.
Task created successfully : ID 428.
Task created successfully : ID 429.
Task created successfully : ID 430.
Task created successfully : ID 431.
Task created successfully : ID 432.
Task created successfully : ID 433.
Task created successfully : ID 434.
Task created successfully : ID 435.
Task created successfully : ID 436.
Task created successfully : ID 437.
Task created successfully : ID 438.
Task created successfully : ID 439.
Task created successfully : ID 440.
Task created successfully : ID 441.
Task created successfully : ID 442.
Task created successfully : ID 443.
Task created successfully : ID 444.
Task created successfully : ID 445.
Task created successfully : ID 446.
Task created successfully : ID 447.
Task created successfully : ID 448.
Task created successfully : ID 449.
Task created successfully : ID 450.
Task created successfully : ID 451.
Task created successfully : ID 452.
Task created successfully : ID 453.
Task created successfully : ID 454.
Task created successfully : ID 455.
Task created successfully : ID 456.
Task created successfully : ID 457.
Task created successfully : ID 458.
Task created successfully : ID 459.
Task created successfully : ID 460.
Task created successfully : ID 461.
Task created successfully : ID 462.
Task created successfully : ID 463.
Task created successfully : ID 464.
Task created successfully : ID 465.
Task created successfully : ID 466.
Task created successfully : ID 467.
Task created successfully : ID 468.
Task created successfully : ID 469.
Task created successfully : ID 470.
Task created successfully : ID 471.
Task created successfully : ID 472.
Task created successfully : ID 473.
Task created successfully : ID 474.
Task created successfully : ID 475.
Task created successfully : ID 476.
Task created successfully : ID 477.
Task created successfully : ID 478.
Task created successfully : ID 479.
Task created successfully : ID 480.
Task created successfully : ID 481.
Task created successfully : ID 482.
Task created successfully : ID 483.
Task created successfully : ID 484.
Task created successfully : ID 485.
Task created successfully : ID 486.
Task created successfully : ID 487.
Task created successfully : ID 488.
Task created successfully : ID 489.
Task created successfully : ID 490.
Task created successfully : ID 491.
Task created successfully : ID 492.
Task created successfully : ID 493.
Task created successfully : ID 494.
Task created successfully : ID 495.
Task created successfully : ID 496.
Task created successfully : ID 497.
Task created successfully : ID 498.
Task created successfully : ID 499.
Task created successfully : ID 500.
Task created successfully : ID 501.
Task created successfully : ID 502.
Task created successfully : ID 503.
Task created successfully : ID 504.
Task created successfully : ID 505.
Task created successfully : ID 506.
Task created successfully : ID 507.
Task created successfully : ID 508.
Task created successfully : ID 509.
Task created successfully : ID 510.
Task created successfully : ID 511.
Task created successfully : ID 512.
Task created successfully : ID 513.
Task created successfully : ID 514.
Task created successfully : ID 515.
Task created successfully : ID 516.
Task created successfully : ID 517.
Task created successfully : ID 518.
Task created successfully : ID 519.
Task created successfully : ID 520.
Task created successfully : ID 521.
Task created successfully : ID 522.
Task created successfully : ID 523.
Task created successfully : ID 524.
Task created successfully : ID 525.
Task created successfully : ID 526.
Task created successfully : ID 527.
Task created successfully : ID 528.
Task created successfully : ID 529.
Task created successfully : ID 530.
Task created successfully : ID 531.
Task created successfully : ID 532.
Task created successfully : ID 533.
Task created successfully : ID 534.
Task created successfully : ID 535.
Task created successfully : ID 536.
Task created successfully : ID 537.
Task created successfully : ID 538.
Task created successfully : ID 539.
Task created successfully : ID 540.
Task created successfully : ID 541.
Task created successfully : ID 542.
Task created successfully : ID 543.
Task created successfully : ID 544.
Task created successfully : ID 545.
Task created successfully : ID 546.
Task created successfully : ID 547.
Task created successfully : ID 548.
Task created successfully : ID 549.
Task created successfully : ID 550.
Task created successfully : ID 551.
Task created successfully : ID 552.
Task created successfully : ID 553.
Task created successfully : ID 554.
Task created successfully : ID 555.
Task created successfully : ID 556.
Task created successfully : ID 557.
Task created successfully : ID 558.
Task created successfully : ID 559.
Task created successfully : ID 560.
Task created successfully : ID 561.
Task created successfully : ID 562.
Task created successfully : ID 563.
Task created successfully : ID 564.
Task created successfully : ID 565.
Task created successfully : ID 566.
Task created successfully : ID 567.
Task created successfully : ID 568.
Task created successfully : ID 569.
Task created successfully : ID 570.
Task created successfully : ID 571.
Task created successfully : ID 572.
Task created successfully : ID 573.
Task created successfully : ID 574.
Task created successfully : ID 575.
Task created successfully : ID 576.
Task created successfully : ID 577.
Task created successfully : ID 578.
Task created successfully : ID 579.
Task created successfully : ID 580.
Task created successfully : ID 581.
Task created successfully : ID 582.
Task created successfully : ID 583.
Task created successfully : ID 584.
Task created successfully : ID 585.
Task created successfully : ID 586.
Task created successfully : ID 587.
Task created successfully : ID 588.
Task created successfully : ID 589.
Task created successfully : ID 590.
Task created successfully : ID 591.
Task created successfully : ID 592.
Task created successfully : ID 593.
Task created successfully : ID 594.
Task created successfully : ID 595.
Task created successfully : ID 596.
Task created successfully : ID 597.
Task created successfully : ID 598.
Task created successfully : ID 599.
Task created successfully : ID 600.
Task created successfully : ID 601.
Task created successfully : ID 602.
Task created successfully : ID 603.
Task created successfully : ID 604.
Task created successfully : ID 605.
Task created successfully : ID 606.
Task created successfully : ID 607.
Task created successfully : ID 608.
Task created successfully : ID 609.
Task created successfully : ID 610.
Task created successfully : ID 611.
Task created successfully : ID 612.
Task created successfully : ID 613.
Task created successfully : ID 614.
Task created successfully : ID 615.
Task created successfully : ID 616.
Task created successfully : ID 617.
Task created successfully : ID 618.
Task created successfully : ID 619.
Task created successfully : ID 620.
Task created successfully : ID 621.
Task created successfully : ID 622.
Task created successfully : ID 623.
Task created successfully : ID 624.
Task created successfully : ID 625.
Task created successfully : ID 626.
Task created successfully : ID 627.
Task created successfully : ID 628.
Task created successfully : ID 629.
Task created successfully : ID 630.
Task created successfully : ID 631.
Task created successfully : ID 632.
Task created successfully : ID 633.
Task created successfully : ID 634.
Task created successfully : ID 635.
Task created successfully : ID 636.
Task created successfully : ID 637.
Task created successfully : ID 638.
Task created successfully : ID 639.
Task created successfully : ID 640.
Task created successfully : ID 641.
Task created successfully : ID 642.
Task created successfully : ID 643.
Task created successfully : ID 644.
Task created successfully : ID 645.
Task created successfully : ID 646.
Task created successfully : ID 647.
Task created successfully : ID 648.
Task created successfully : ID 649.
Task created successfully : ID 650.
Task created successfully : ID 651.
Task created successfully : ID 652.
Task created successfully : ID 653.
Task created successfully : ID 654.
Task created successfully : ID 655.
Task created successfully : ID 656.
Task created successfully : ID 657.
Task created successfully : ID 658.
Task created successfully : ID 659.
Task created successfully : ID 660.
Task created successfully : ID 661.
Task created successfully : ID 662.
Task created successfully : ID 663.
Task created successfully : ID 664.
Task created successfully : ID 665.
Task created successfully : ID 666.
Task created successfully : ID 667.
Task created successfully : ID 668.
Task created successfully : ID 669.
Task created successfully : ID 670.
Task created successfully : ID 671.
Task created successfully : ID 672.
Task created successfully : ID 673.
Task created successfully : ID 674.
Task created successfully : ID 675.
Task created successfully : ID 676.
Task created successfully : ID 677.
Task created successfully : ID 678.
Task created successfully : ID 679.
Task created successfully : ID 680.
Task created successfully : ID 681.
Task created successfully : ID 682.
Task created successfully : ID 683.
Task created successfully : ID 684.
Task created successfully : ID 685.
Task created successfully : ID 686.
Task created successfully : ID 687.
Task created successfully : ID 688.
Task created successfully : ID 689.
Task created successfully : ID 690.
Task created successfully : ID 691.
Task created successfully : ID 692.
Task created successfully : ID 693.
Task created successfully : ID 694.
Task created successfully : ID 695.
Task created successfully : ID 696.
Task created successfully : ID 697.
Task created successfully : ID 698.
Task created successfully : ID 699.
Task created successfully : ID 700.
Task created successfully : ID 701.
Task created successfully : ID 702.
Task created successfully : ID 703.
Task created successfully : ID 704.
Task created successfully : ID 705.
Task created successfully : ID 706.
Task created successfully : ID 707.
Task created successfully : ID 708.
Task created successfully : ID 709.
Task created successfully : ID 710.
Task created successfully : ID 711.
Task created successfully : ID 712.
Task created successfully : ID 713.
Task created successfully : ID 714.
Task created successfully : ID 715.
Task created successfully : ID 716.
Task created successfully : ID 717.
Task created successfully : ID 718.
Task created successfully : ID 719.
Task created successfully : ID 720.
Task created successfully : ID 721.
Task created successfully : ID 722.
Task created successfully : ID 723.
Task created successfully : ID 724.
Task created successfully : ID 725.
Task created successfully : ID 726.
Task created successfully : ID 727.
Task created successfully : ID 728.
Task created successfully : ID 729.
Task created successfully : ID 730.
Task created successfully : ID 731.
Task created successfully : ID 732.
Task created successfully : ID 733.
Task created successfully : ID 734.
Task created successfully : ID 735.
Task created successfully : ID 736.
Task created successfully : ID 737.
Task created successfully : ID 738.
Task created successfully : ID 739.
Task created successfully : ID 740.
Task created successfully : ID 741.
Task created successfully : ID 742.
Task created successfully : ID 743.
Task created successfully : ID 744.
Task created successfully : ID 745.
Task created successfully : ID 746.
Task created successfully : ID 747.
Task created successfully : ID 748.
Task created successfully : ID 749.
Task created successfully : ID 750.
Task created successfully : ID 751.
Task created successfully : ID 752.
Task created successfully : ID 753.
Task created successfully : ID 754.
Task created successfully : ID 755.
Task created successfully : ID 756.
Task created successfully : ID 757.
Task created successfully : ID 758.
Task created successfully : ID 759.
Task created successfully : ID 760.
Task created successfully : ID 761.
Task created successfully : ID 762.
Task created successfully : ID 763.
Task created successfully : ID 764.
Task created successfully : ID 765.
Task created successfully : ID 766.
Task created successfully : ID 767.
Task created successfully : ID 768.
Task created successfully : ID 769.
Task created successfully : ID 770.
Task created successfully : ID 771.
Task created successfully : ID 772.
Task created successfully : ID 773.
Task created successfully : ID 774.
Task created successfully : ID 775.
Task created successfully : ID 776.
Task created successfully : ID 777.
Task created successfully : ID 778.
Task created successfully : ID 779.
Task created successfully : ID 780.
Task created successfully : ID 781.
Task created successfully : ID 782.
Task created successfully : ID 783.
Task created successfully : ID 784.
Task created successfully : ID 785.
Task created successfully : ID 786.
Task created successfully : ID 787.
Task created successfully : ID 788.
Task created successfully : ID 789.
Task created successfully : ID 790.
Task created successfully : ID 791.
Task created successfully : ID 792.
Task created successfully : ID 793.
Task created successfully : ID 794.
Task created successfully : ID 795.
Task created successfully : ID 796.
Task created successfully : ID 797.
Task created successfully : ID 798.
Task created successfully : ID 799.
Task created successfully : ID 800.
Task created successfully : ID 801.
Task created successfully : ID 802.
Task created successfully : ID 803.
Task created successfully : ID 804.
Task created successfully : ID 805.
Task created successfully : ID 806.
Task created successfully : ID 807.
Task created successfully : ID 808.
Task created successfully : ID 809.
Task created successfully : ID 810.
Task created successfully : ID 811.
Task created successfully : ID 812.
Task created successfully : ID 813.
Task created successfully : ID 814.
Task created successfully : ID 815.
Task created successfully : ID 816.
Task created successfully : ID 817.
Task created successfully : ID 818.
Task created successfully : ID 819.
Task created successfully : ID 820.
Task created successfully : ID 821.
Task created successfully : ID 822.
Task created successfully : ID 823.
Task created successfully : ID 824.
Task created successfully : ID 825.
Task created successfully : ID 826.
Task created successfully : ID 827.
Task created successfully : ID 828.
Task created successfully : ID 829.
Task created successfully : ID 830.
Task created successfully : ID 831.
Task created successfully : ID 832.
Task created successfully : ID 833.
Task created successfully : ID 834.
Task created successfully : ID 835.
Task created successfully : ID 836.
Task created successfully : ID 837.
Task created successfully : ID 838.
Task created successfully : ID 839.
Task created successfully : ID 840.
Task created successfully : ID 841.
Task created successfully : ID 842.
Task created successfully : ID 843.
Task created successfully : ID 844.
Task created successfully : ID 845.
Task created successfully : ID 846.
Task created successfully : ID 847.
Task created successfully : ID 848.
Task created successfully : ID 849.
Task created successfully : ID 850.
Task created successfully : ID 851.
Task created successfully : ID 852.
Task created successfully : ID 853.
Task created successfully : ID 854.
Task created successfully : ID 855.
Task created successfully : ID 856.
Task created successfully : ID 857.
Task created successfully : ID 858.
Task created successfully : ID 859.
Task created successfully : ID 860.
Task created successfully : ID 861.
Task created successfully : ID 862.
Task created successfully : ID 863.
Task created successfully : ID 864.
Task created successfully : ID 865.
Task created successfully : ID 866.
Task created successfully : ID 867.
Task created successfully : ID 868.
Task created successfully : ID 869.
Task created successfully : ID 870.
Task created successfully : ID 871.
Task created successfully : ID 872.
Task created successfully : ID 873.
Task created successfully : ID 874.
Task created successfully : ID 875.
Task created successfully : ID 876.
Task created successfully : ID 877.
Task created successfully : ID 878.
Task created successfully : ID 879.
Task created successfully : ID 880.
Task created successfully : ID 881.
Task created successfully : ID 882.
Task created successfully : ID 883.
Task created successfully : ID 884.
Task created successfully : ID 885.
Task created successfully : ID 886.
Task created successfully : ID 887.
Task created successfully : ID 888.
Task created successfully : ID 889.
Task created successfully : ID 890.
Task created successfully : ID 891.
Task created successfully : ID 892.
Task created successfully : ID 893.
Task created successfully : ID 894.
Task created successfully : ID 895.
Task created successfully : ID 896.
Task created successfully : ID 897.
Task created successfully : ID 898.
Task created successfully : ID 899.
Task created successfully : ID 900.
Task created successfully : ID 901.
Task created successfully : ID 902.
Task created successfully : ID 903.
Task created successfully : ID 904.
Task created successfully : ID 905.
Task created successfully : ID 906.
Task created successfully : ID 907.
Task created successfully : ID 908.
Task created successfully : ID 909.
Task created successfully : ID 910.
Task created successfully : ID 911.
Task created successfully : ID 912.
Task created successfully : ID 913.
Task created successfully : ID 914.
Task created successfully : ID 915.
Task created successfully : ID 916.
Task created successfully : ID 917.
Task created successfully : ID 918.
Task created successfully : ID 919.
Task created successfully : ID 920.
Task created successfully : ID 921.
Task created successfully : ID 922.
Task created successfully : ID 923.
Task created successfully : ID 924.
Task created successfully : ID 925.
Task created successfully : ID 926.
Task created successfully : ID 927.
Task created successfully : ID 928.
Task created successfully : ID 929.
Task created successfully : ID 930.
Task created successfully : ID 931.
Task created successfully : ID 932.
Task created successfully : ID 933.
Task created successfully : ID 934.
Task created successfully : ID 935.
Task created successfully : ID 936.
Task created successfully : ID 937.
Task created successfully : ID 938.
Task created successfully : ID 939.
Task created successfully : ID 940.
Task created successfully : ID 941.
Task created successfully : ID 942.
Task created successfully : ID 943.
Task created successfully : ID 944.
Task created successfully : ID 945.
Task created successfully : ID 946.
Task created successfully : ID 947.
Task created successfully : ID 948.
Task created successfully : ID 949.
Task created successfully : ID 950.
Task created successfully : ID 951.
Task created successfully : ID 952.
Task created successfully : ID 953.
Task created successfully : ID 954.
Task created successfully : ID 955.
Task created successfully : ID 956.
Task created successfully : ID 957.
Task created successfully : ID 958.
Task created successfully : ID 959.
Task created successfully : ID 960.
Task created successfully : ID 961.
Task created successfully : ID 962.
Task created successfully : ID 963.
Task created successfully : ID 964.
Task created successfully : ID 965.
Task created successfully : ID 966.
Task created successfully : ID 967.
Task created successfully : ID 968.
Task created successfully : ID 969.
Task created successfully : ID 970.
Task created successfully : ID 971.
Task created successfully : ID 972.
Task created successfully : ID 973.
Task created successfully : ID 974.
Task created successfully : ID 975.
Task created successfully : ID 976.
Task created successfully : ID 977.
Task created successfully : ID 978.
Task created successfully : ID 979.
Task created successfully : ID 980.
Task created successfully : ID 981.
Task created successfully : ID 982.
Task created successfully : ID 983.
Task created successfully : ID 984.
Task created successfully : ID 985.
Task created successfully : ID 986.
Task created successfully : ID 987.
Task created successfully : ID 988.
Task created successfully : ID 989.
Task created successfully : ID 990.
Task created successfully : ID 991.
Task created successfully : ID 992.
Task created successfully : ID 993.
Task created successfully : ID 994.
Task created successfully : ID 995.
Task created successfully : ID 996.
Task created successfully : ID 997.
Task created successfully : ID 998.
Task created successfully : ID 999.
Task created successfully : ID 1000.
Task created successfully : ID 1001.
Task created successfully : ID 1002.
Task created successfully : ID 1003.
Task created successfully : ID 1004.
Task created successfully : ID 1005.
Task created successfully : ID 1006.
Task created successfully : ID 1007.
Task created successfully : ID 1008.
Task created successfully : ID 1009.
Task created successfully : ID 1010.
Task created successfully : ID 1011.
Task created successfully : ID 1012.
Task created successfully : ID 1013.
Task created successfully : ID 1014.
Task created successfully : ID 1015.
Task created successfully : ID 1016.
Task created successfully : ID 1017.
Task created successfully : ID 1018.
Task created successfully : ID 1019.
Task created successfully : ID 1020.
Task created successfully : ID 1021.
Task created successfully : ID 1022.
Task created successfully : ID 1023.
Task created successfully : ID 1024.
Task created successfully : ID 1025.
Task created successfully : ID 1026.
Task created successfully : ID 1027.
Task created successfully : ID 1028.
Task created successfully : ID 1029.
Task created successfully : ID 1030.
Task created successfully : ID 1031.
Task created successfully : ID 1032.
Task created successfully : ID 1033.
Task created successfully : ID 1034.
Task created successfully : ID 1035.
Task created successfully : ID 1036.
Task created successfully : ID 1037.
Task created successfully : ID 1038.
Task created successfully : ID 1039.
Task created successfully : ID 1040.
Task created successfully : ID 1041.
Task created successfully : ID 1042.
Task created successfully : ID 1043.
Task created successfully : ID 1044.
Task created successfully : ID 1045.
Task created successfully : ID 1046.
Task created successfully : ID 1047.
Task created successfully : ID 1048.
Task created successfully : ID 1049.
Task created successfully : ID 1050.
Task created successfully : ID 1051.
Task created successfully : ID 1052.
Task created successfully : ID 1053.
Task created successfully : ID 1054.
Task created successfully : ID 1055.
Task created successfully : ID 1056.
Task created successfully : ID 1057.
Task created successfully : ID 1058.
Task created successfully : ID 1059.
Task created successfully : ID 1060.
Task created successfully : ID 1061.
Task created successfully : ID 1062.
Task created successfully : ID 1063.
Task created successfully : ID 1064.
Task created successfully : ID 1065.
Task created successfully : ID 1066.
Task created successfully : ID 1067.
Task created successfully : ID 1068.
Task created successfully : ID 1069.
Task created successfully : ID 1070.
Task created successfully : ID 1071.
Task created successfully : ID 1072.
Task created successfully : ID 1073.
Task created successfully : ID 1074.
Task created successfully : ID 1075.
Task created successfully : ID 1076.
Task created successfully : ID 1077.
Task created successfully : ID 1078.
Task created successfully : ID 1079.
Task created successfully : ID 1080.
Task created successfully : ID 1081.
Task created successfully : ID 1082.
Task created successfully : ID 1083.
Task created successfully : ID 1084.
Task created successfully : ID 1085.
Task created successfully : ID 1086.
Task created successfully : ID 1087.
Task created successfully : ID 1088.
Task created successfully : ID 1089.
Task created successfully : ID 1090.
Task created successfully : ID 1091.
Task created successfully : ID 1092.
Task created successfully : ID 1093.
Task created successfully : ID 1094.
Task created successfully : ID 1095.
Task created successfully : ID 1096.
Task created successfully : ID 1097.
Task created successfully : ID 1098.
Task created successfully : ID 1099.
Task created successfully : ID 1100.
Task created successfully : ID 1101.
Task created successfully : ID 1102.
Task created successfully : ID 1103.
Task created successfully : ID 1104.
Task created successfully : ID 1105.
Task created successfully : ID 1106.
Task created successfully : ID 1107.
Task created successfully : ID 1108.
Task created successfully : ID 1109.
Task created successfully : ID 1110.
Task created successfully : ID 1111.
Task created successfully : ID 1112.
Task created successfully : ID 1113.
Task created successfully : ID 1114.
Task created successfully : ID 1115.
Task created successfully : ID 1116.
Task created successfully : ID 1117.
Task created successfully : ID 1118.
Task created successfully : ID 1119.
Task created successfully : ID 1120.
Task created successfully : ID 1121.
Task created successfully : ID 1122.
Task created successfully : ID 1123.
Task created successfully : ID 1124.
Task created successfully : ID 1125.
Task created successfully : ID 1126.
Task created successfully : ID 1127.
Task created successfully : ID 1128.
Task created successfully : ID 1129.
Task created successfully : ID 1130.
Task created successfully : ID 1131.
Task created successfully : ID 1132.
Task created successfully : ID 1133.
Task created successfully : ID 1134.
Task created successfully : ID 1135.
Task created successfully : ID 1136.
Task created successfully : ID 1137.
Task created successfully : ID 1138.
Task created successfully : ID 1139.
Task created successfully : ID 1140.
Task created successfully : ID 1141.
Task created successfully : ID 1142.
Task created successfully : ID 1143.
Task created successfully : ID 1144.
Task created successfully : ID 1145.
Task created successfully : ID 1146.
Task created successfully : ID 1147.
Task created successfully : ID 1148.
Task created successfully : ID 1149.
Task created successfully : ID 1150.
Task created successfully : ID 1151.
Task created successfully : ID 1152.
Task created successfully : ID 1153.
Task created successfully : ID 1154.
Task created successfully : ID 1155.
Task created successfully : ID 1156.
Task created successfully : ID 1157.
Task created successfully : ID 1158.
Task created successfully : ID 1159.
Task created successfully : ID 1160.
Task created successfully : ID 1161.
Task created successfully : ID 1162.
Task created successfully : ID 1163.
Task created successfully : ID 1164.
Task created successfully : ID 1165.
Task created successfully : ID 1166.
Task created successfully : ID 1167.
Task created successfully : ID 1168.
Task created successfully : ID 1169.
Task created successfully : ID 1170.
Task created successfully : ID 1171.
Task created successfully : ID 1172.
Task created successfully : ID 1173.
Task created successfully : ID 1174.
Task created successfully : ID 1175.
Task created successfully : ID 1176.
Task created successfully : ID 1177.
Task created successfully : ID 1178.
Task created successfully : ID 1179.
Task created successfully : ID 1180.
Task created successfully : ID 1181.
Task created successfully : ID 1182.
Task created successfully : ID 1183.
Task created successfully : ID 1184.
Task created successfully : ID 1185.
Task created successfully : ID 1186.
Task created successfully : ID 1187.
Task created successfully : ID 1188.
Task created successfully : ID 1189.
Task created successfully : ID 1190.
Task created successfully : ID 1191.
Task created successfully : ID 1192.
Task created successfully : ID 1193.
Task created successfully : ID 1194.
Task created successfully : ID 1195.
Task created successfully : ID 1196.
Task created successfully : ID 1197.
Task created successfully : ID 1198.
Task created successfully : ID 1199.
Task created successfully : ID 1200.
Task created successfully : ID 1201.
Task created successfully : ID 1202.
Task created successfully : ID 1203.
Task created successfully : ID 1204.
Task created successfully : ID 1205.
Task created successfully : ID 1206.
Task created successfully : ID 1207.
Task created successfully : ID 1208.
Task created successfully : ID 1209.
Task created successfully : ID 1210.
Task created successfully : ID 1211.
Task created successfully : ID 1212.
Task created successfully : ID 1213.
Task created successfully : ID 1214.
Task created successfully : ID 1215.
Task created successfully : ID 1216.
Task created successfully : ID 1217.
Task created successfully : ID 1218.
Task created successfully : ID 1219.
Task created successfully : ID 1220.
Task created successfully : ID 1221.
Task created successfully : ID 1222.
Task created successfully : ID 1223.
Task created successfully : ID 1224.
Task created successfully : ID 1225.
Task created successfully : ID 1226.
Task created successfully : ID 1227.
Task created successfully : ID 1228.
Task created successfully : ID 1229.
Task created successfully : ID 1230.
Task created successfully : ID 1231.
Task created successfully : ID 1232.
Task created successfully : ID 1233.
Task created successfully : ID 1234.
Task created successfully : ID 1235.
Task created successfully : ID 1236.
Task created successfully : ID 1237.
Task created successfully : ID 1238.
Task created successfully : ID 1239.
Task created successfully : ID 1240.
Task created successfully : ID 1241.
Task created successfully : ID 1242.
Task created successfully : ID 1243.
Task created successfully : ID 1244.
Task created successfully : ID 1245.
Task created successfully : ID 1246.
Task created successfully : ID 1247.
Task created successfully : ID 1248.
Task created successfully : ID 1249.
Task created successfully : ID 1250.
Task created successfully : ID 1251.
Task created successfully : ID 1252.
Task created successfully : ID 1253.
Task created successfully : ID 1254.
Task created successfully : ID 1255.
Task created successfully : ID 1256.
Task created successfully : ID 1257.
Task created successfully : ID 1258.
Task created successfully : ID 1259.
Task created successfully : ID 1260.
Task created successfully : ID 1261.
Task created successfully : ID 1262.
Task created successfully : ID 1263.
Task created successfully : ID 1264.
Task created successfully : ID 1265.
Task created successfully : ID 1266.
Task created successfully : ID 1267.
Task created successfully : ID 1268.
Task created successfully : ID 1269.
Task created successfully : ID 1270.
Task created successfully : ID 1271.
Task created successfully : ID 1272.
Task created successfully : ID 1273.
Task created successfully : ID 1274.
Task created successfully : ID 1275.
Task created successfully : ID 1276.
Task created successfully : ID 1277.
Task created successfully : ID 1278.
Task created successfully : ID 1279.
Task created successfully : ID 1280.
Task created successfully : ID 1281.
Task created successfully : ID 1282.
Task created successfully : ID 1283.
Task created successfully : ID 1284.
Task created successfully : ID 1285.
Task created successfully : ID 1286.
Task created successfully : ID 1287.
Task created successfully : ID 1288.
Task created successfully : ID 1289.
Task created successfully : ID 1290.
Task created successfully : ID 1291.
Task created successfully : ID 1292.
Task created successfully : ID 1293.
Task created successfully : ID 1294.
Task created successfully : ID 1295.
Task created successfully : ID 1296.
Task created successfully : ID 1297.
Task created successfully : ID 1298.
Task created successfully : ID 1299.
Task created successfully : ID 1300.
Task created successfully : ID 1301.
Task created successfully : ID 1302.
Task created successfully : ID 1303.
Task created successfully : ID 1304.
Task created successfully : ID 1305.
Task created successfully : ID 1306.
Task created successfully : ID 1307.
Task created successfully : ID 1308.
Task created successfully : ID 1309.
Task created successfully : ID 1310.
Task created successfully : ID 1311.
Task created successfully : ID 1312.
Task created successfully : ID 1313.
Task created successfully : ID 1314.
Task created successfully : ID 1315.
Task created successfully : ID 1316.
Task created successfully : ID 1317.
Task created successfully : ID 1318.
Task created successfully : ID 1319.
Task created successfully : ID 1320.
Task created successfully : ID 1321.
Task created successfully : ID 1322.
Task created successfully : ID 1323.
Task created successfully : ID 1324.
Task created successfully : ID 1325.
Task created successfully : ID 1326.
Task created successfully : ID 1327.
Task created successfully : ID 1328.
Task created successfully : ID 1329.
Task created successfully : ID 1330.
Task created successfully : ID 1331.
Task created successfully : ID 1332.
Task created successfully : ID 1333.
Task created successfully : ID 1334.
Task created successfully : ID 1335.
Task created successfully : ID 1336.
Task created successfully : ID 1337.
Task created successfully : ID 1338.
Task created successfully : ID 1339.
Task created successfully : ID 1340.
Task created successfully : ID 1341.
Task created successfully : ID 1342.
Task created successfully : ID 1343.
Task created successfully : ID 1344.
Task created successfully : ID 1345.
Task created successfully : ID 1346.
Task created successfully : ID 1347.
Task created successfully : ID 1348.
Task created successfully : ID 1349.
Task created successfully : ID 1350.
Task created successfully : ID 1351.
Task created successfully : ID 1352.
Task created successfully : ID 1353.
Task created successfully : ID 1354.
Task created successfully : ID 1355.
Task created successfully : ID 1356.
Task created successfully : ID 1357.
Task created successfully : ID 1358.
Task created successfully : ID 1359.
Task created successfully : ID 1360.
Task created successfully : ID 1361.
Task created successfully : ID 1362.
Task created successfully : ID 1363.
Task created successfully : ID 1364.
Task created successfully : ID 1365.
Task created successfully : ID 1366.
Task created successfully : ID 1367.
Task created successfully : ID 1368.
Task created successfully : ID 1369.
Task created successfully : ID 1370.
Task created successfully : ID 1371.
Task created successfully : ID 1372.
Task created successfully : ID 1373.
Task created successfully : ID 1374.
Task created successfully : ID 1375.
Task created successfully : ID 1376.
Task created successfully : ID 1377.
Task created successfully : ID 1378.
Task created successfully : ID 1379.
Task created successfully : ID 1380.
Task created successfully : ID 1381.
Task created successfully : ID 1382.
Task created successfully : ID 1383.
Task created successfully : ID 1384.
Task created successfully : ID 1385.
Task created successfully : ID 1386.
Task created successfully : ID 1387.
Task created successfully : ID 1388.
Task created successfully : ID 1389.
Task created successfully : ID 1390.
Task created successfully : ID 1391.
Task created successfully : ID 1392.
Task created successfully : ID 1393.
Task created successfully : ID 1394.
Task created successfully : ID 1395.
Task created successfully : ID 1396.
Task created successfully : ID 1397.
Task created successfully : ID 1398.
Task created successfully : ID 1399.
Task created successfully : ID 1400.
Task created successfully : ID 1401.
Task created successfully : ID 1402.
Task created successfully : ID 1403.
Task created successfully : ID 1404.
Task created successfully : ID 1405.
Task created successfully : ID 1406.
Task created successfully : ID 1407.
Task created successfully : ID 1408.
Task created successfully : ID 1409.
Task created successfully : ID 1410.
Task created successfully : ID 1411.
Task created successfully : ID 1412.
Task created successfully : ID 1413.
Task created successfully : ID 1414.
Task created successfully : ID 1415.
Task created successfully : ID 1416.
Task created successfully : ID 1417.
Task created successfully : ID 1418.
Task created successfully : ID 1419.
Task created successfully : ID 1420.
Task created successfully : ID 1421.
Task created successfully : ID 1422.
Task created successfully : ID 1423.
Task created successfully : ID 1424.
Task created successfully : ID 1425.
Task created successfully : ID 1426.
Task created successfully : ID 1427.
Task created successfully : ID 1428.
Task created successfully : ID 1429.
Task created successfully : ID 1430.
Task created successfully : ID 1431.
Task created successfully : ID 1432.
Task created successfully : ID 1433.
Task created successfully : ID 1434.
Task created successfully : ID 1435.
Task created successfully : ID 1436.
Task created successfully : ID 1437.
Task created successfully : ID 1438.
Task created successfully : ID 1439.
Task created successfully : ID 1440.
Task created successfully : ID 1441.
Task created successfully : ID 1442.
Task created successfully : ID 1443.
Task created successfully : ID 1444.
Task created successfully : ID 1445.
Task created successfully : ID 1446.
Task created successfully : ID 1447.
Task created successfully : ID 1448.
Task created successfully : ID 1449.
Task created successfully : ID 1450.
Task created successfully : ID 1451.
Task created successfully : ID 1452.
Task created successfully : ID 1453.
Task created successfully : ID 1454.
Task created successfully : ID 1455.
Task created successfully : ID 1456.
Task created successfully : ID 1457.
Task created successfully : ID 1458.
Task created successfully : ID 1459.
Task created successfully : ID 1460.
Task created successfully : ID 1461.
Task created successfully : ID 1462.
Task created successfully : ID 1463.
Task created successfully : ID 1464.
Task created successfully : ID 1465.
Task created successfully : ID 1466.
Task created successfully : ID 1467.
Task created successfully : ID 1468.
Task created successfully : ID 1469.
Task created successfully : ID 1470.
Task created successfully : ID 1471.
Task created successfully : ID 1472.
Task created successfully : ID 1473.
Task created successfully : ID 1474.
Task created successfully : ID 1475.
Task created successfully : ID 1476.
Task created successfully : ID 1477.
Task created successfully : ID 1478.
Task created successfully : ID 1479.
Task created successfully : ID 1480.
Task created successfully : ID 1481.
Task created successfully : ID 1482.
Task created successfully : ID 1483.
Task created successfully : ID 1484.
Task created successfully : ID 1485.
Task created successfully : ID 1486.
Task created successfully : ID 1487.
Task created successfully : ID 1488.
Task created successfully : ID 1489.
Task created successfully : ID 1490.
Task created successfully : ID 1491.
Task created successfully : ID 1492.
Task created successfully : ID 1493.
Task created successfully : ID 1494.
Task created successfully : ID 1495.
Task created successfully : ID 1496.
Task created successfully : ID 1497.
Task created successfully : ID 1498.
Task created successfully : ID 1499.
Task created successfully : ID 1500.
Task created successfully : ID 1501.
Task created successfully : ID 1502.
Task created successfully : ID 1503.
Task created successfully : ID 1504.
Task created successfully : ID 1505.
Task created successfully : ID 1506.
Task created successfully : ID 1507.
Task created successfully : ID 1508.
Task created successfully : ID 1509.
Task created successfully : ID 1510.
Task created successfully : ID 1511.
Task created successfully : ID 1512.
Task created successfully : ID 1513.
Task created successfully : ID 1514.
Task created successfully : ID 1515.
Task created successfully : ID 1516.
Task created successfully : ID 1517.
Task created successfully : ID 1518.
Task created successfully : ID 1519.
Task created successfully : ID 1520.
Task created successfully : ID 1521.
Task created successfully : ID 1522.
Task created successfully : ID 1523.
Task created successfully : ID 1524.
Task created successfully : ID 1525.
Task created successfully : ID 1526.
Task created successfully : ID 1527.
Task created successfully : ID 1528.
Task created successfully : ID 1529.
Task created successfully : ID 1530.
Task created successfully : ID 1531.
Task created successfully : ID 1532.
Task created successfully : ID 1533.
Task created successfully : ID 1534.
Task created successfully : ID 1535.
Task created successfully : ID 1536.
Task created successfully : ID 1537.
Task created successfully : ID 1538.
Task created successfully : ID 1539.
Task created successfully : ID 1540.
Task created successfully : ID 1541.
Task created successfully : ID 1542.
Task created successfully : ID 1543.
Task created successfully : ID 1544.
Task created successfully : ID 1545.
Task created successfully : ID 1546.
Task created successfully : ID 1547.
Task created successfully : ID 1548.
Task created successfully : ID 1549.
Task created successfully : ID 1550.
Task created successfully : ID 1551.
Task created successfully : ID 1552.
Task created successfully : ID 1553.
Task created successfully : ID 1554.
Task created successfully : ID 1555.
Task created successfully : ID 1556.
Task created successfully : ID 1557.
Task created successfully : ID 1558.
Task created successfully : ID 1559.
Task created successfully : ID 1560.
Task created successfully : ID 1561.
Task created successfully : ID 1562.
Task created successfully : ID 1563.
Task created successfully : ID 1564.
Task created successfully : ID 1565.
Task created successfully : ID 1566.
Task created successfully : ID 1567.
Task created successfully : ID 1568.
Task created successfully : ID 1569.
Task created successfully : ID 1570.
Task created successfully : ID 1571.
Task created successfully : ID 1572.
Task created successfully : ID 1573.
Task created successfully : ID 1574.
Task created successfully : ID 1575.
Task created successfully : ID 1576.
Task created successfully : ID 1577.
Task created successfully : ID 1578.
Task created successfully : ID 1579.
Task created successfully : ID 1580.
Task created successfully : ID 1581.
Task created successfully : ID 1582.
Task created successfully : ID 1583.
Task created successfully : ID 1584.
Task created successfully : ID 1585.
Task created successfully : ID 1586.
Task created successfully : ID 1587.
Task created successfully : ID 1588.
Task created successfully : ID 1589.
Task created successfully : ID 1590.
Task created successfully : ID 1591.
Task created successfully : ID 1592.
Task created successfully : ID 1593.
Task created successfully : ID 1594.
Task created successfully : ID 1595.
Task created successfully : ID 1596.
Task created successfully : ID 1597.
Task created successfully : ID 1598.
Task created successfully : ID 1599.
Task created successfully : ID 1600.
Task created successfully : ID 1601.
Task created successfully : ID 1602.
Task created successfully : ID 1603.
Task created successfully : ID 1604.
Task created successfully : ID 1605.
Task created successfully : ID 1606.
Task created successfully : ID 1607.
Task created successfully : ID 1608.
Task created successfully : ID 1609.
Task created successfully : ID 1610.
Task created successfully : ID 1611.
Task created successfully : ID 1612.
Task created successfully : ID 1613.
Task created successfully : ID 1614.
Task created successfully : ID 1615.
Task created successfully : ID 1616.
Task created successfully : ID 1617.
Task created successfully : ID 1618.
Task created successfully : ID 1619.
Task created successfully : ID 1620.
Task created successfully : ID 1621.
Task created successfully : ID 1622.
Task created successfully : ID 1623.
Task created successfully : ID 1624.
Task created successfully : ID 1625.
Task created successfully : ID 1626.
Task created successfully : ID 1627.
Task created successfully : ID 1628.
Task created successfully : ID 1629.
Task created successfully : ID 1630.
Task created successfully : ID 1631.
Task created successfully : ID 1632.
Task created successfully : ID 1633.
Task created successfully : ID 1634.
Task created successfully : ID 1635.
Task created successfully : ID 1636.
Task created successfully : ID 1637.
Task created successfully : ID 1638.
Task created successfully : ID 1639.
Task created successfully : ID 1640.
Task created successfully : ID 1641.
Task created successfully : ID 1642.
Task created successfully : ID 1643.
Task created successfully : ID 1644.
Task created successfully : ID 1645.
Task created successfully : ID 1646.
Task created successfully : ID 1647.
Task created successfully : ID 1648.
Task created successfully : ID 1649.
Task created successfully : ID 1650.
Task created successfully : ID 1651.
Task created successfully : ID 1652.
Task created successfully : ID 1653.
Task created successfully : ID 1654.
Task created successfully : ID 1655.
Task created successfully : ID 1656.
Task created successfully : ID 1657.
Task created successfully : ID 1658.
Task created successfully : ID 1659.
Task created successfully : ID 1660.
Task created successfully : ID 1661.
Task created successfully : ID 1662.
Task created successfully : ID 1663.
Task created successfully : ID 1664.
Task created successfully : ID 1665.
Task created successfully : ID 1666.
Task created successfully : ID 1667.
Task created successfully : ID 1668.
Task created successfully : ID 1669.
Task created successfully : ID 1670.
Task created successfully : ID 1671.
Task created successfully : ID 1672.
Task created successfully : ID 1673.
Task created successfully : ID 1674.
Task created successfully : ID 1675.
Task created successfully : ID 1676.
Task created successfully : ID 1677.
Task created successfully : ID 1678.
Task created successfully : ID 1679.
Task created successfully : ID 1680.
Task created successfully : ID 1681.
Task created successfully : ID 1682.
Task created successfully : ID 1683.
Task created successfully : ID 1684.
Task created successfully : ID 1685.
Task created successfully : ID 1686.
Task created successfully : ID 1687.
Task created successfully : ID 1688.
Task created successfully : ID 1689.
Task created successfully : ID 1690.
Task created successfully : ID 1691.
Task created successfully : ID 1692.
Task created successfully : ID 1693.
Task created successfully : ID 1694.
Task created successfully : ID 1695.
Task created successfully : ID 1696.
Task created successfully : ID 1697.
Task created successfully : ID 1698.
Task created successfully : ID 1699.
Task created successfully : ID 1700.
Task created successfully : ID 1701.
Task created successfully : ID 1702.
Task created successfully : ID 1703.
Task created successfully : ID 1704.
Task created successfully : ID 1705.
Task created successfully : ID 1706.
Task created successfully : ID 1707.
Task created successfully : ID 1708.
Task created successfully : ID 1709.
Task created successfully : ID 1710.
Task created successfully : ID 1711.
Task created successfully : ID 1712.
Task created successfully : ID 1713.
Task created successfully : ID 1714.
Task created successfully : ID 1715.
Task created successfully : ID 1716.
Task created successfully : ID 1717.
Task created successfully : ID 1718.
Task created successfully : ID 1719.
Task created successfully : ID 1720.
Task created successfully : ID 1721.
Task created successfully : ID 1722.
Task created successfully : ID 1723.
Task created successfully : ID 1724.
Task created successfully : ID 1725.
Task created successfully : ID 1726.
Task created successfully : ID 1727.
Task created successfully : ID 1728.
Task created successfully : ID 1729.
Task created successfully : ID 1730.
Task created successfully : ID 1731.
Task created successfully : ID 1732.
Task created successfully : ID 1733.
Task created successfully : ID 1734.
Task created successfully : ID 1735.
Task created successfully : ID 1736.
Task created successfully : ID 1737.
Task created successfully : ID 1738.
Task created successfully : ID 1739.
Task created successfully : ID 1740.
Task created successfully : ID 1741.
Task created successfully : ID 1742.
Task created successfully : ID 1743.
Task created successfully : ID 1744.
Task created successfully : ID 1745.
Task created successfully : ID 1746.
Task created successfully : ID 1747.
Task created successfully : ID 1748.
Task created successfully : ID 1749.
Task created successfully : ID 1750.
Task created successfully : ID 1751.
Task created successfully : ID 1752.
Task created successfully : ID 1753.
Task created successfully : ID 1754.
Task created successfully : ID 1755.
Task created successfully : ID 1756.
Task created successfully : ID 1757.
Task created successfully : ID 1758.
Task created successfully : ID 1759.
Task created successfully : ID 1760.
Task created successfully : ID 1761.
Task created successfully : ID 1762.
Task created successfully : ID 1763.
Task created successfully : ID 1764.
Task created successfully : ID 1765.
Task created successfully : ID 1766.
Task created successfully : ID 1767.
Task created successfully : ID 1768.
Task created successfully : ID 1769.
Task created successfully : ID 1770.
Task created successfully : ID 1771.
Task created successfully : ID 1772.
Task created successfully : ID 1773.
Task created successfully : ID 1774.
Task created successfully : ID 1775.
Task created successfully : ID 1776.
Task created successfully : ID 1777.
Task created successfully : ID 1778.
Task created successfully : ID 1779.
Task created successfully : ID 1780.
Task created successfully : ID 1781.
Task created successfully : ID 1782.
Task created successfully : ID 1783.
Task created successfully : ID 1784.
Task created successfully : ID 1785.
Task created successfully : ID 1786.
Task created successfully : ID 1787.
Task created successfully : ID 1788.
Task created successfully : ID 1789.
Task created successfully : ID 1790.
Task created successfully : ID 1791.
Task created successfully : ID 1792.
Task created successfully : ID 1793.
Task created successfully : ID 1794.
Task created successfully : ID 1795.
Task created successfully : ID 1796.
Task created successfully : ID 1797.
Task created successfully : ID 1798.
Task created successfully : ID 1799.
Task created successfully : ID 1800.
Task created successfully : ID 1801.
Task created successfully : ID 1802.
Task created successfully : ID 1803.
Task created successfully : ID 1804.
Task created successfully : ID 1805.
Task created successfully : ID 1806.
Task created successfully : ID 1807.
Task created successfully : ID 1808.
Task created successfully : ID 1809.
Task created successfully : ID 1810.
Task created successfully : ID 1811.
Task created successfully : ID 1812.
Task created successfully : ID 1813.
Task created successfully : ID 1814.
Task created successfully : ID 1815.
Task created successfully : ID 1816.
Task created successfully : ID 1817.
Task created successfully : ID 1818.
Task created successfully : ID 1819.
Task created successfully : ID 1820.
Task created successfully : ID 1821.
Task created successfully : ID 1822.
Task created successfully : ID 1823.
Task created successfully : ID 1824.
Task created successfully : ID 1825.
Task created successfully : ID 1826.
Task created successfully : ID 1827.
Task created successfully : ID 1828.
Task created successfully : ID 1829.
Task created successfully : ID 1830.
Task created successfully : ID 1831.
Task created successfully : ID 1832.
Task created successfully : ID 1833.
Task created successfully : ID 1834.
Task created successfully : ID 1835.
Task created successfully : ID 1836.
Task created successfully : ID 1837.
Task created successfully : ID 1838.
Task created successfully : ID 1839.
Task created successfully : ID 1840.
Task created successfully : ID 1841.
Task created successfully : ID 1842.
Task created successfully : ID 1843.
Task created successfully : ID 1844.
Task created successfully : ID 1845.
Task created successfully : ID 1846.
Task created successfully : ID 1847.
Task created successfully : ID 1848.
Task created successfully : ID 1849.
Task created successfully : ID 1850.
Task created successfully : ID 1851.
Task created successfully : ID 1852.
Task created successfully : ID 1853.
Task created successfully : ID 1854.
Task created successfully : ID 1855.
Task created successfully : ID 1856.
Task created successfully : ID 1857.
Task created successfully : ID 1858.
Task created successfully : ID 1859.
Task created successfully : ID 1860.
Task created successfully : ID 1861.
Task created successfully : ID 1862.
Task created successfully : ID 1863.
Task created successfully : ID 1864.
Task created successfully : ID 1865.
Task created successfully : ID 1866.
Task created successfully : ID 1867.
Task created successfully : ID 1868.
Task created successfully : ID 1869.
Task created successfully : ID 1870.
Task created successfully : ID 1871.
Task created successfully : ID 1872.
Task created successfully : ID 1873.
Task created successfully : ID 1874.
Task created successfully : ID 1875.
Task created successfully : ID 1876.
Task created successfully : ID 1877.
Task created successfully : ID 1878.
Task created successfully : ID 1879.
Task created successfully : ID 1880.
Task created successfully : ID 1881.
Task created successfully : ID 1882.
Task created successfully : ID 1883.
Task created successfully : ID 1884.
Task created successfully : ID 1885.
Task created successfully : ID 1886.
Task created successfully : ID 1887.
Task created successfully : ID 1888.
Task created successfully : ID 1889.
Task created successfully : ID 1890.
Task created successfully : ID 1891.
Task created successfully : ID 1892.
Task created successfully : ID 1893.
Task created successfully : ID 1894.
Task created successfully : ID 1895.
Task created successfully : ID 1896.
Task created successfully : ID 1897.
Task created successfully : ID 1898.
Task created successfully : ID 1899.
Task created successfully : ID 1900.
Task created successfully : ID 1901.
Task created successfully : ID 1902.
Task created successfully : ID 1903.
Task created successfully : ID 1904.
Task created successfully : ID 1905.
Task created successfully : ID 1906.
Task created successfully : ID 1907.
Task created successfully : ID 1908.
Task created successfully : ID 1909.
Task created successfully : ID 1910.
Task created successfully : ID 1911.
Task created successfully : ID 1912.
Task created successfully : ID 1913.
Task created successfully : ID 1914.
Task created successfully : ID 1915.
Task created successfully : ID 1916.
Task created successfully : ID 1917.
Task created successfully : ID 1918.
Task created successfully : ID 1919.
Task created successfully : ID 1920.
Task created successfully : ID 1921.
Task created successfully : ID 1922.
Task created successfully : ID 1923.
Task created successfully : ID 1924.
Task created successfully : ID 1925.
Task created successfully : ID 1926.
Task created successfully : ID 1927.
Task created successfully : ID 1928.
Task created successfully : ID 1929.
Task created successfully : ID 1930.
Task created successfully : ID 1931.
Task created successfully : ID 1932.
Task created successfully : ID 1933.
Task created successfully : ID 1934.
Task created successfully : ID 1935.
Task created successfully : ID 1936.
Task created successfully : ID 1937.
Task created successfully : ID 1938.
Task created successfully : ID 1939.
Task created successfully : ID 1940.
Task created successfully : ID 1941.
Task created successfully : ID 1942.
Task created successfully : ID 1943.
Task created successfully : ID 1944.
Task created successfully : ID 1945.
Task created successfully : ID 1946.
Task created successfully : ID 1947.
Task created successfully : ID 1948.
Task created successfully : ID 1949.
Task created successfully : ID 1950.
Task created successfully : ID 1951.
Task created successfully : ID 1952.
Task created successfully : ID 1953.
Task created successfully : ID 1954.
Task created successfully : ID 1955.
Task created successfully : ID 1956.
Task created successfully : ID 1957.
Task created successfully : ID 1958.
Task created successfully : ID 1959.
Task created successfully : ID 1960.
Task created successfully : ID 1961.
Task created successfully : ID 1962.
Task created successfully : ID 1963.
Task created successfully : ID 1964.
Task created successfully : ID 1965.
Task created successfully : ID 1966.
Task created successfully : ID 1967.
Task created successfully : ID 1968.
Task created successfully : ID 1969.
Task created successfully : ID 1970.
Task created successfully : ID 1971.
Task created successfully : ID 1972.
Task created successfully : ID 1973.
Task created successfully : ID 1974.
Task created successfully : ID 1975.
Task created successfully : ID 1976.
Task created successfully : ID 1977.
Task created successfully : ID 1978.
Task created successfully : ID 1979.
