Task created successfully : ID 1.
Task created successfully : ID 2.
Task created successfully : ID 3.
Task created successfully : ID 4.
Task 1 is waiting (remaining_time = 4000).
Task created successfully : ID 5.
Task 29543 not found.
Task 4 is waiting (remaining_time = 4000).
Task created successfully : ID 6.
Task created successfully : ID 7.
Task created successfully : ID 8.
Task created successfully : ID 9.
Task created successfully : ID 10.
Task created successfully : ID 11.
Task created successfully : ID 12.
Task created successfully : ID 13.
Task created successfully : ID 14.
Task created successfully : ID 15.
Task created successfully : ID 16.
Task created successfully : ID 17.
Task created successfully : ID 18.
Task created successfully : ID 19.
Task created successfully : ID 20.
Task 26705 not found.
Task created successfully : ID 21.
Task created successfully : ID 22.
Task created successfully : ID 23.
Task 9 is waiting (remaining_time = 1600).
Task 5562 not found.
Task created successfully : ID 24.
Task created successfully : ID 25.
Task created successfully : ID 26.
Task created successfully : ID 27.
Task created successfully : ID 28.
Task created successfully : ID 29.
Task created successfully : ID 30.
Task created successfully : ID 31.
Task created successfully : ID 32.
Task 27 is waiting (remaining_time = 1600).
Task 22 is waiting (remaining_time = 3200).
Task created successfully : ID 33.
Task created successfully : ID 34.
Task 11 is waiting (remaining_time = 3200).
Task 26 is waiting (remaining_time = 2400).
Task created successfully : ID 35.
Task 18872 not found.
Task created successfully : ID 36.
Task created successfully : ID 37.
Task created successfully : ID 38.
Task created successfully : ID 39.
Task 8 is waiting (remaining_time = 1600).
Task 19 is waiting (remaining_time = 2400).
Task 20217 not found.
Task 14 is waiting (remaining_time = 4000).
