Task created successfully : ID 1.
Task created successfully : ID 2.
Task created successfully : ID 3.
Task created successfully : ID 4.
Task created successfully : ID 5.
Task created successfully : ID 6.
Task created successfully : ID 7.
Task created successfully : ID 8.
Task created successfully : ID 9.
Task created successfully : ID 10.
Task created successfully : ID 11.
Task created successfully : ID 12.
Task created successfully : ID 13.
====== Waiting queue =======
[(1: priority = 113, remaining_time = 6265),
(2: priority = 113, remaining_time = 6265),
(3: priority = 113, remaining_time = 6265),
(4: priority = 113, remaining_time = 6265),
(5: priority = 113, remaining_time = 6265),
(6: priority = 113, remaining_time = 6265),
(7: priority = 113, remaining_time = 6265),
(8: priority = 113, remaining_time = 6265),
(9: priority = 113, remaining_time = 6265),
(10: priority = 113, remaining_time = 6265),
(11: priority = 113, remaining_time = 6265),
(12: priority = 113, remaining_time = 6265),
(13: priority = 113, remaining_time = 6265)]
Task 5 is waiting (remaining_time = 6265).
Task 9 is waiting (remaining_time = 6265).
====== Waiting queue =======
[(1: priority = 113, remaining_time = 6265),
(2: priority = 113, remaining_time = 6265),
(3: priority = 113, remaining_time = 6265),
(4: priority = 113, remaining_time = 6265),
(5: priority = 113, remaining_time = 6265),
(6: priority = 113, remaining_time = 6265),
(7: priority = 113, remaining_time = 6265),
(8: priority = 113, remaining_time = 6265),
(9: priority = 113, remaining_time = 6265),
(10: priority = 113, remaining_time = 6265),
(11: priority = 113, remaining_time = 6265),
(12: priority = 113, remaining_time = 6265),
(13: priority = 113, remaining_time = 6265)]
Task created successfully : ID 14.
Task created successfully : ID 15.
Task created successfully : ID 16.
Task created successfully : ID 17.
Task created successfully : ID 18.
Task created successfully : ID 19.
Task created successfully : ID 20.
Task created successfully : ID 21.
Task created successfully : ID 22.
Task created successfully : ID 23.
Task created successfully : ID 24.
Task created successfully : ID 25.
Task created successfully : ID 26.
Task created successfully : ID 27.
Task created successfully : ID 28.
Task created successfully : ID 29.
Task created successfully : ID 30.
Task created successfully : ID 31.
Task created successfully : ID 32.
Task created successfully : ID 33.
Task created successfully : ID 34.
Task created successfully : ID 35.
Task created successfully : ID 36.
Task created successfully : ID 37.
Task created successfully : ID 38.
Task created successfully : ID 39.
Task created successfully : ID 40.
====== Waiting queue =======
[(1: priority = 113, remaining_time = 6265),
(2: priority = 113, remaining_time = 6265),
(3: priority = 113, remaining_time = 6265),
(4: priority = 113, remaining_time = 6265),
(5: priority = 113, remaining_time = 6265),
(6: priority = 113, remaining_time = 6265),
(7: priority = 113, remaining_time = 6265),
(8: priority = 113, remaining_time = 6265),
(9: priority = 113, remaining_time = 6265),
(10: priority = 113, remaining_time = 6265),
(11: priority = 113, remaining_time = 6265),
(12: priority = 113, remaining_time = 6265),
(13: priority = 113, remaining_time = 6265),
(14: priority = 107, remaining_time = 4804),
(15: priority = 107, remaining_time = 4804),
(16: priority = 107, remaining_time = 4804),
(17: priority = 107, remaining_time = 4804),
(18: priority = 107, remaining_time = 4804),
(19: priority = 107, remaining_time = 4804),
(20: priority = 107, remaining_time = 4804),
(21: priority = 107, remaining_time = 4804),
(22: priority = 107, remaining_time = 4804),
(23: priority = 107, remaining_time = 4804),
(24: priority = 107, remaining_time = 4804),
(25: priority = 107, remaining_time = 4804),
(26: priority = 107, remaining_time = 4804),
(27: priority = 107, remaining_time = 4804),
(28: priority = 107, remaining_time = 4804),
(29: priority = 107, remaining_time = 4804),
(30: priority = 107, remaining_time = 4804),
(31: priority = 107, remaining_time = 4804),
(32: priority = 107, remaining_time = 4804),
(33: priority = 107, remaining_time = 4804),
(34: priority = 107, remaining_time = 4804),
(35: priority = 107, remaining_time = 4804),
(36: priority = 107, remaining_time = 4804),
(37: priority = 107, remaining_time = 4804),
(38: priority = 107, remaining_time = 4804),
(39: priority = 107, remaining_time = 4804),
(40: priority = 107, remaining_time = 4804)]
Task created successfully : ID 41.
Task created successfully : ID 42.
Task created successfully : ID 43.
Task created successfully : ID 44.
Task created successfully : ID 45.
Task created successfully : ID 46.
Task created successfully : ID 47.
====== Waiting queue =======
[(41: priority = 123, remaining_time = 2421),
(42: priority = 123, remaining_time = 2421),
(43: priority = 123, remaining_time = 2421),
(44: priority = 123, remaining_time = 2421),
(45: priority = 123, remaining_time = 2421),
(46: priority = 123, remaining_time = 2421),
(47: priority = 123, remaining_time = 2421),
(1: priority = 113, remaining_time = 6265),
(2: priority = 113, remaining_time = 6265),
(3: priority = 113, remaining_time = 6265),
(4: priority = 113, remaining_time = 6265),
(5: priority = 113, remaining_time = 6265),
(6: priority = 113, remaining_time = 6265),
(7: priority = 113, remaining_time = 6265),
(8: priority = 113, remaining_time = 6265),
(9: priority = 113, remaining_time = 6265),
(10: priority = 113, remaining_time = 6265),
(11: priority = 113, remaining_time = 6265),
(12: priority = 113, remaining_time = 6265),
(13: priority = 113, remaining_time = 6265),
(14: priority = 107, remaining_time = 4804),
(15: priority = 107, remaining_time = 4804),
(16: priority = 107, remaining_time = 4804),
(17: priority = 107, remaining_time = 4804),
(18: priority = 107, remaining_time = 4804),
(19: priority = 107, remaining_time = 4804),
(20: priority = 107, remaining_time = 4804),
(21: priority = 107, remaining_time = 4804),
(22: priority = 107, remaining_time = 4804),
(23: priority = 107, remaining_time = 4804),
(24: priority = 107, remaining_time = 4804),
(25: priority = 107, remaining_time = 4804),
(26: priority = 107, remaining_time = 4804),
(27: priority = 107, remaining_time = 4804),
(28: priority = 107, remaining_time = 4804),
(29: priority = 107, remaining_time = 4804),
(30: priority = 107, remaining_time = 4804),
(31: priority = 107, remaining_time = 4804),
(32: priority = 107, remaining_time = 4804),
(33: priority = 107, remaining_time = 4804),
(34: priority = 107, remaining_time = 4804),
(35: priority = 107, remaining_time = 4804),
(36: priority = 107, remaining_time = 4804),
(37: priority = 107, remaining_time = 4804),
(38: priority = 107, remaining_time = 4804),
(39: priority = 107, remaining_time = 4804),
(40: priority = 107, remaining_time = 4804)]
Task created successfully : ID 48.
Task created successfully : ID 49.
Task created successfully : ID 50.
Task created successfully : ID 51.
Task created successfully : ID 52.
Task created successfully : ID 53.
Task created successfully : ID 54.
Task created successfully : ID 55.
Task created successfully : ID 56.
Task created successfully : ID 57.
Task created successfully : ID 58.
Task created successfully : ID 59.
Task created successfully : ID 60.
Task created successfully : ID 61.
Task created successfully : ID 62.
Task created successfully : ID 63.
Task created successfully : ID 64.
Task created successfully : ID 65.
Task created successfully : ID 66.
Task created successfully : ID 67.
Task created successfully : ID 68.
Task created successfully : ID 69.
Task created successfully : ID 70.
Task created successfully : ID 71.
Task created successfully : ID 72.
Task created successfully : ID 73.
Task created successfully : ID 74.
Task created successfully : ID 75.
Task created successfully : ID 76.
Thread 27 is idle.
====== Waiting queue =======
[(41: priority = 123, remaining_time = 2421),
(42: priority = 123, remaining_time = 2421),
(43: priority = 123, remaining_time = 2421),
(44: priority = 123, remaining_time = 2421),
(45: priority = 123, remaining_time = 2421),
(46: priority = 123, remaining_time = 2421),
(47: priority = 123, remaining_time = 2421),
(1: priority = 113, remaining_time = 6265),
(2: priority = 113, remaining_time = 6265),
(3: priority = 113, remaining_time = 6265),
(4: priority = 113, remaining_time = 6265),
(5: priority = 113, remaining_time = 6265),
(6: priority = 113, remaining_time = 6265),
(7: priority = 113, remaining_time = 6265),
(8: priority = 113, remaining_time = 6265),
(9: priority = 113, remaining_time = 6265),
(10: priority = 113, remaining_time = 6265),
(11: priority = 113, remaining_time = 6265),
(12: priority = 113, remaining_time = 6265),
(13: priority = 113, remaining_time = 6265),
(14: priority = 107, remaining_time = 4804),
(15: priority = 107, remaining_time = 4804),
(16: priority = 107, remaining_time = 4804),
(17: priority = 107, remaining_time = 4804),
(18: priority = 107, remaining_time = 4804),
(19: priority = 107, remaining_time = 4804),
(20: priority = 107, remaining_time = 4804),
(21: priority = 107, remaining_time = 4804),
(22: priority = 107, remaining_time = 4804),
(23: priority = 107, remaining_time = 4804),
(24: priority = 107, remaining_time = 4804),
(25: priority = 107, remaining_time = 4804),
(26: priority = 107, remaining_time = 4804),
(27: priority = 107, remaining_time = 4804),
(28: priority = 107, remaining_time = 4804),
(29: priority = 107, remaining_time = 4804),
(30: priority = 107, remaining_time = 4804),
(31: priority = 107, remaining_time = 4804),
(32: priority = 107, remaining_time = 4804),
(33: priority = 107, remaining_time = 4804),
(34: priority = 107, remaining_time = 4804),
(35: priority = 107, remaining_time = 4804),
(36: priority = 107, remaining_time = 4804),
(37: priority = 107, remaining_time = 4804),
(38: priority = 107, remaining_time = 4804),
(39: priority = 107, remaining_time = 4804),
(40: priority = 107, remaining_time = 4804),
(48: priority = 61, remaining_time = 9009),
(49: priority = 61, remaining_time = 9009),
(50: priority = 61, remaining_time = 9009),
(51: priority = 61, remaining_time = 9009),
(52: priority = 61, remaining_time = 9009),
(53: priority = 61, remaining_time = 9009),
(54: priority = 61, remaining_time = 9009),
(55: priority = 61, remaining_time = 9009),
(56: priority = 61, remaining_time = 9009),
(57: priority = 61, remaining_time = 9009),
(58: priority = 61, remaining_time = 9009),
(59: priority = 61, remaining_time = 9009),
(60: priority = 61, remaining_time = 9009),
(61: priority = 61, remaining_time = 9009),
(62: priority = 61, remaining_time = 9009),
(63: priority = 61, remaining_time = 9009),
(64: priority = 61, remaining_time = 9009),
(65: priority = 61, remaining_time = 9009),
(66: priority = 61, remaining_time = 9009),
(67: priority = 61, remaining_time = 9009),
(68: priority = 61, remaining_time = 9009),
(69: priority = 61, remaining_time = 9009),
(70: priority = 61, remaining_time = 9009),
(71: priority = 61, remaining_time = 9009),
(72: priority = 61, remaining_time = 9009),
(73: priority = 61, remaining_time = 9009),
(74: priority = 61, remaining_time = 9009),
(75: priority = 61, remaining_time = 9009),
(76: priority = 61, remaining_time = 9009)]
Task created successfully : ID 77.
Task created successfully : ID 78.
Task created successfully : ID 79.
Task created successfully : ID 80.
Task created successfully : ID 81.
Task created successfully : ID 82.
Task created successfully : ID 83.
Thread 9 is idle.
====== Waiting queue =======
[(41: priority = 123, remaining_time = 2421),
(42: priority = 123, remaining_time = 2421),
(43: priority = 123, remaining_time = 2421),
(44: priority = 123, remaining_time = 2421),
(45: priority = 123, remaining_time = 2421),
(46: priority = 123, remaining_time = 2421),
(47: priority = 123, remaining_time = 2421),
(1: priority = 113, remaining_time = 6265),
(2: priority = 113, remaining_time = 6265),
(3: priority = 113, remaining_time = 6265),
(4: priority = 113, remaining_time = 6265),
(5: priority = 113, remaining_time = 6265),
(6: priority = 113, remaining_time = 6265),
(7: priority = 113, remaining_time = 6265),
(8: priority = 113, remaining_time = 6265),
(9: priority = 113, remaining_time = 6265),
(10: priority = 113, remaining_time = 6265),
(11: priority = 113, remaining_time = 6265),
(12: priority = 113, remaining_time = 6265),
(13: priority = 113, remaining_time = 6265),
(14: priority = 107, remaining_time = 4804),
(15: priority = 107, remaining_time = 4804),
(16: priority = 107, remaining_time = 4804),
(17: priority = 107, remaining_time = 4804),
(18: priority = 107, remaining_time = 4804),
(19: priority = 107, remaining_time = 4804),
(20: priority = 107, remaining_time = 4804),
(21: priority = 107, remaining_time = 4804),
(22: priority = 107, remaining_time = 4804),
(23: priority = 107, remaining_time = 4804),
(24: priority = 107, remaining_time = 4804),
(25: priority = 107, remaining_time = 4804),
(26: priority = 107, remaining_time = 4804),
(27: priority = 107, remaining_time = 4804),
(28: priority = 107, remaining_time = 4804),
(29: priority = 107, remaining_time = 4804),
(30: priority = 107, remaining_time = 4804),
(31: priority = 107, remaining_time = 4804),
(32: priority = 107, remaining_time = 4804),
(33: priority = 107, remaining_time = 4804),
(34: priority = 107, remaining_time = 4804),
(35: priority = 107, remaining_time = 4804),
(36: priority = 107, remaining_time = 4804),
(37: priority = 107, remaining_time = 4804),
(38: priority = 107, remaining_time = 4804),
(39: priority = 107, remaining_time = 4804),
(40: priority = 107, remaining_time = 4804),
(77: priority = 105, remaining_time = 6639),
(78: priority = 105, remaining_time = 6639),
(79: priority = 105, remaining_time = 6639),
(80: priority = 105, remaining_time = 6639),
(81: priority = 105, remaining_time = 6639),
(82: priority = 105, remaining_time = 6639),
(83: priority = 105, remaining_time = 6639),
(48: priority = 61, remaining_time = 9009),
(49: priority = 61, remaining_time = 9009),
(50: priority = 61, remaining_time = 9009),
(51: priority = 61, remaining_time = 9009),
(52: priority = 61, remaining_time = 9009),
(53: priority = 61, remaining_time = 9009),
(54: priority = 61, remaining_time = 9009),
(55: priority = 61, remaining_time = 9009),
(56: priority = 61, remaining_time = 9009),
(57: priority = 61, remaining_time = 9009),
(58: priority = 61, remaining_time = 9009),
(59: priority = 61, remaining_time = 9009),
(60: priority = 61, remaining_time = 9009),
(61: priority = 61, remaining_time = 9009),
(62: priority = 61, remaining_time = 9009),
(63: priority = 61, remaining_time = 9009),
(64: priority = 61, remaining_time = 9009),
(65: priority = 61, remaining_time = 9009),
(66: priority = 61, remaining_time = 9009),
(67: priority = 61, remaining_time = 9009),
(68: priority = 61, remaining_time = 9009),
(69: priority = 61, remaining_time = 9009),
(70: priority = 61, remaining_time = 9009),
(71: priority = 61, remaining_time = 9009),
(72: priority = 61, remaining_time = 9009),
(73: priority = 61, remaining_time = 9009),
(74: priority = 61, remaining_time = 9009),
(75: priority = 61, remaining_time = 9009),
(76: priority = 61, remaining_time = 9009)]
Task created successfully : ID 84.
Task created successfully : ID 85.
Task created successfully : ID 86.
Task created successfully : ID 87.
Task created successfully : ID 88.
Task created successfully : ID 89.
Task created successfully : ID 90.
Task created successfully : ID 91.
Task created successfully : ID 92.
Task created successfully : ID 93.
Task created successfully : ID 94.
Task created successfully : ID 95.
Task created successfully : ID 96.
Task created successfully : ID 97.
Task created successfully : ID 98.
Task created successfully : ID 99.
Task created successfully : ID 100.
Task created successfully : ID 101.
====== Waiting queue =======
[(41: priority = 123, remaining_time = 2421),
(42: priority = 123, remaining_time = 2421),
(43: priority = 123, remaining_time = 2421),
(44: priority = 123, remaining_time = 2421),
(45: priority = 123, remaining_time = 2421),
(46: priority = 123, remaining_time = 2421),
(47: priority = 123, remaining_time = 2421),
(1: priority = 113, remaining_time = 6265),
(2: priority = 113, remaining_time = 6265),
(3: priority = 113, remaining_time = 6265),
(4: priority = 113, remaining_time = 6265),
(5: priority = 113, remaining_time = 6265),
(6: priority = 113, remaining_time = 6265),
(7: priority = 113, remaining_time = 6265),
(8: priority = 113, remaining_time = 6265),
(9: priority = 113, remaining_time = 6265),
(10: priority = 113, remaining_time = 6265),
(11: priority = 113, remaining_time = 6265),
(12: priority = 113, remaining_time = 6265),
(13: priority = 113, remaining_time = 6265),
(14: priority = 107, remaining_time = 4804),
(15: priority = 107, remaining_time = 4804),
(16: priority = 107, remaining_time = 4804),
(17: priority = 107, remaining_time = 4804),
(18: priority = 107, remaining_time = 4804),
(19: priority = 107, remaining_time = 4804),
(20: priority = 107, remaining_time = 4804),
(21: priority = 107, remaining_time = 4804),
(22: priority = 107, remaining_time = 4804),
(23: priority = 107, remaining_time = 4804),
(24: priority = 107, remaining_time = 4804),
(25: priority = 107, remaining_time = 4804),
(26: priority = 107, remaining_time = 4804),
(27: priority = 107, remaining_time = 4804),
(28: priority = 107, remaining_time = 4804),
(29: priority = 107, remaining_time = 4804),
(30: priority = 107, remaining_time = 4804),
(31: priority = 107, remaining_time = 4804),
(32: priority = 107, remaining_time = 4804),
(33: priority = 107, remaining_time = 4804),
(34: priority = 107, remaining_time = 4804),
(35: priority = 107, remaining_time = 4804),
(36: priority = 107, remaining_time = 4804),
(37: priority = 107, remaining_time = 4804),
(38: priority = 107, remaining_time = 4804),
(39: priority = 107, remaining_time = 4804),
(40: priority = 107, remaining_time = 4804),
(77: priority = 105, remaining_time = 6639),
(78: priority = 105, remaining_time = 6639),
(79: priority = 105, remaining_time = 6639),
(80: priority = 105, remaining_time = 6639),
(81: priority = 105, remaining_time = 6639),
(82: priority = 105, remaining_time = 6639),
(83: priority = 105, remaining_time = 6639),
(48: priority = 61, remaining_time = 9009),
(49: priority = 61, remaining_time = 9009),
(50: priority = 61, remaining_time = 9009),
(51: priority = 61, remaining_time = 9009),
(52: priority = 61, remaining_time = 9009),
(53: priority = 61, remaining_time = 9009),
(54: priority = 61, remaining_time = 9009),
(55: priority = 61, remaining_time = 9009),
(56: priority = 61, remaining_time = 9009),
(57: priority = 61, remaining_time = 9009),
(58: priority = 61, remaining_time = 9009),
(59: priority = 61, remaining_time = 9009),
(60: priority = 61, remaining_time = 9009),
(61: priority = 61, remaining_time = 9009),
(62: priority = 61, remaining_time = 9009),
(63: priority = 61, remaining_time = 9009),
(64: priority = 61, remaining_time = 9009),
(65: priority = 61, remaining_time = 9009),
(66: priority = 61, remaining_time = 9009),
(67: priority = 61, remaining_time = 9009),
(68: priority = 61, remaining_time = 9009),
(69: priority = 61, remaining_time = 9009),
(70: priority = 61, remaining_time = 9009),
(71: priority = 61, remaining_time = 9009),
(72: priority = 61, remaining_time = 9009),
(73: priority = 61, remaining_time = 9009),
(74: priority = 61, remaining_time = 9009),
(75: priority = 61, remaining_time = 9009),
(76: priority = 61, remaining_time = 9009),
(84: priority = 10, remaining_time = 6497),
(85: priority = 10, remaining_time = 6497),
(86: priority = 10, remaining_time = 6497),
(87: priority = 10, remaining_time = 6497),
(88: priority = 10, remaining_time = 6497),
(89: priority = 10, remaining_time = 6497),
(90: priority = 10, remaining_time = 6497),
(91: priority = 10, remaining_time = 6497),
(92: priority = 10, remaining_time = 6497),
(93: priority = 10, remaining_time = 6497),
(94: priority = 10, remaining_time = 6497),
(95: priority = 10, remaining_time = 6497),
(96: priority = 10, remaining_time = 6497),
(97: priority = 10, remaining_time = 6497),
(98: priority = 10, remaining_time = 6497),
(99: priority = 10, remaining_time = 6497),
(100: priority = 10, remaining_time = 6497),
(101: priority = 10, remaining_time = 6497)]
Task 56 is waiting (remaining_time = 9009).
Thread 30 is idle.
Task created successfully : ID 102.
Task created successfully : ID 103.
Task created successfully : ID 104.
Task created successfully : ID 105.
Task created successfully : ID 106.
Task created successfully : ID 107.
Task created successfully : ID 108.
Task created successfully : ID 109.
Task created successfully : ID 110.
Task created successfully : ID 111.
Task created successfully : ID 112.
Task created successfully : ID 113.
Task created successfully : ID 114.
Task created successfully : ID 115.
Task created successfully : ID 116.
Task created successfully : ID 117.
Task created successfully : ID 118.
Task created successfully : ID 119.
Task created successfully : ID 120.
Task created successfully : ID 121.
Task created successfully : ID 122.
Task created successfully : ID 123.
Task created successfully : ID 124.
Task created successfully : ID 125.
Task created successfully : ID 126.
Task created successfully : ID 127.
Task created successfully : ID 128.
Task created successfully : ID 129.
Task created successfully : ID 130.
Task created successfully : ID 131.
Task created successfully : ID 132.
Task created successfully : ID 133.
Task created successfully : ID 134.
Task created successfully : ID 135.
Task created successfully : ID 136.
Task created successfully : ID 137.
Task created successfully : ID 138.
Task created successfully : ID 139.
Task created successfully : ID 140.
Task created successfully : ID 141.
Task 25 is waiting (remaining_time = 4804).
Task 72 is waiting (remaining_time = 9009).
====== Waiting queue =======
[(102: priority = 126, remaining_time = 250),
(103: priority = 126, remaining_time = 250),
(104: priority = 126, remaining_time = 250),
(105: priority = 126, remaining_time = 250),
(106: priority = 126, remaining_time = 250),
(107: priority = 126, remaining_time = 250),
(108: priority = 126, remaining_time = 250),
(109: priority = 126, remaining_time = 250),
(110: priority = 126, remaining_time = 250),
(111: priority = 126, remaining_time = 250),
(112: priority = 126, remaining_time = 250),
(113: priority = 126, remaining_time = 250),
(114: priority = 126, remaining_time = 250),
(115: priority = 126, remaining_time = 250),
(116: priority = 126, remaining_time = 250),
(117: priority = 126, remaining_time = 250),
(118: priority = 126, remaining_time = 250),
(119: priority = 126, remaining_time = 250),
(120: priority = 126, remaining_time = 250),
(121: priority = 126, remaining_time = 250),
(122: priority = 126, remaining_time = 250),
(123: priority = 126, remaining_time = 250),
(124: priority = 126, remaining_time = 250),
(125: priority = 126, remaining_time = 250),
(126: priority = 126, remaining_time = 250),
(127: priority = 126, remaining_time = 250),
(128: priority = 126, remaining_time = 250),
(129: priority = 126, remaining_time = 250),
(130: priority = 126, remaining_time = 250),
(131: priority = 126, remaining_time = 250),
(132: priority = 126, remaining_time = 250),
(133: priority = 126, remaining_time = 250),
(134: priority = 126, remaining_time = 250),
(135: priority = 126, remaining_time = 250),
(136: priority = 126, remaining_time = 250),
(137: priority = 126, remaining_time = 250),
(138: priority = 126, remaining_time = 250),
(139: priority = 126, remaining_time = 250),
(140: priority = 126, remaining_time = 250),
(141: priority = 126, remaining_time = 250),
(41: priority = 123, remaining_time = 2421),
(42: priority = 123, remaining_time = 2421),
(43: priority = 123, remaining_time = 2421),
(44: priority = 123, remaining_time = 2421),
(45: priority = 123, remaining_time = 2421),
(46: priority = 123, remaining_time = 2421),
(47: priority = 123, remaining_time = 2421),
(1: priority = 113, remaining_time = 6265),
(2: priority = 113, remaining_time = 6265),
(3: priority = 113, remaining_time = 6265),
(4: priority = 113, remaining_time = 6265),
(5: priority = 113, remaining_time = 6265),
(6: priority = 113, remaining_time = 6265),
(7: priority = 113, remaining_time = 6265),
(8: priority = 113, remaining_time = 6265),
(9: priority = 113, remaining_time = 6265),
(10: priority = 113, remaining_time = 6265),
(11: priority = 113, remaining_time = 6265),
(12: priority = 113, remaining_time = 6265),
(13: priority = 113, remaining_time = 6265),
(14: priority = 107, remaining_time = 4804),
(15: priority = 107, remaining_time = 4804),
(16: priority = 107, remaining_time = 4804),
(17: priority = 107, remaining_time = 4804),
(18: priority = 107, remaining_time = 4804),
(19: priority = 107, remaining_time = 4804),
(20: priority = 107, remaining_time = 4804),
(21: priority = 107, remaining_time = 4804),
(22: priority = 107, remaining_time = 4804),
(23: priority = 107, remaining_time = 4804),
(24: priority = 107, remaining_time = 4804),
(25: priority = 107, remaining_time = 4804),
(26: priority = 107, remaining_time = 4804),
(27: priority = 107, remaining_time = 4804),
(28: priority = 107, remaining_time = 4804),
(29: priority = 107, remaining_time = 4804),
(30: priority = 107, remaining_time = 4804),
(31: priority = 107, remaining_time = 4804),
(32: priority = 107, remaining_time = 4804),
(33: priority = 107, remaining_time = 4804),
(34: priority = 107, remaining_time = 4804),
(35: priority = 107, remaining_time = 4804),
(36: priority = 107, remaining_time = 4804),
(37: priority = 107, remaining_time = 4804),
(38: priority = 107, remaining_time = 4804),
(39: priority = 107, remaining_time = 4804),
(40: priority = 107, remaining_time = 4804),
(77: priority = 105, remaining_time = 6639),
(78: priority = 105, remaining_time = 6639),
(79: priority = 105, remaining_time = 6639),
(80: priority = 105, remaining_time = 6639),
(81: priority = 105, remaining_time = 6639),
(82: priority = 105, remaining_time = 6639),
(83: priority = 105, remaining_time = 6639),
(48: priority = 61, remaining_time = 9009),
(49: priority = 61, remaining_time = 9009),
(50: priority = 61, remaining_time = 9009),
(51: priority = 61, remaining_time = 9009),
(52: priority = 61, remaining_time = 9009),
(53: priority = 61, remaining_time = 9009),
(54: priority = 61, remaining_time = 9009),
(55: priority = 61, remaining_time = 9009),
(56: priority = 61, remaining_time = 9009),
(57: priority = 61, remaining_time = 9009),
(58: priority = 61, remaining_time = 9009),
(59: priority = 61, remaining_time = 9009),
(60: priority = 61, remaining_time = 9009),
(61: priority = 61, remaining_time = 9009),
(62: priority = 61, remaining_time = 9009),
(63: priority = 61, remaining_time = 9009),
(64: priority = 61, remaining_time = 9009),
(65: priority = 61, remaining_time = 9009),
(66: priority = 61, remaining_time = 9009),
(67: priority = 61, remaining_time = 9009),
(68: priority = 61, remaining_time = 9009),
(69: priority = 61, remaining_time = 9009),
(70: priority = 61, remaining_time = 9009),
(71: priority = 61, remaining_time = 9009),
(72: priority = 61, remaining_time = 9009),
(73: priority = 61, remaining_time = 9009),
(74: priority = 61, remaining_time = 9009),
(75: priority = 61, remaining_time = 9009),
(76: priority = 61, remaining_time = 9009),
(84: priority = 10, remaining_time = 6497),
(85: priority = 10, remaining_time = 6497),
(86: priority = 10, remaining_time = 6497),
(87: priority = 10, remaining_time = 6497),
(88: priority = 10, remaining_time = 6497),
(89: priority = 10, remaining_time = 6497),
(90: priority = 10, remaining_time = 6497),
(91: priority = 10, remaining_time = 6497),
(92: priority = 10, remaining_time = 6497),
(93: priority = 10, remaining_time = 6497),
(94: priority = 10, remaining_time = 6497),
(95: priority = 10, remaining_time = 6497),
(96: priority = 10, remaining_time = 6497),
(97: priority = 10, remaining_time = 6497),
(98: priority = 10, remaining_time = 6497),
(99: priority = 10, remaining_time = 6497),
(100: priority = 10, remaining_time = 6497),
(101: priority = 10, remaining_time = 6497)]
Task 140 is waiting (remaining_time = 250).
====== Waiting queue =======
[(102: priority = 126, remaining_time = 250),
(103: priority = 126, remaining_time = 250),
(104: priority = 126, remaining_time = 250),
(105: priority = 126, remaining_time = 250),
(106: priority = 126, remaining_time = 250),
(107: priority = 126, remaining_time = 250),
(108: priority = 126, remaining_time = 250),
(109: priority = 126, remaining_time = 250),
(110: priority = 126, remaining_time = 250),
(111: priority = 126, remaining_time = 250),
(112: priority = 126, remaining_time = 250),
(113: priority = 126, remaining_time = 250),
(114: priority = 126, remaining_time = 250),
(115: priority = 126, remaining_time = 250),
(116: priority = 126, remaining_time = 250),
(117: priority = 126, remaining_time = 250),
(118: priority = 126, remaining_time = 250),
(119: priority = 126, remaining_time = 250),
(120: priority = 126, remaining_time = 250),
(121: priority = 126, remaining_time = 250),
(122: priority = 126, remaining_time = 250),
(123: priority = 126, remaining_time = 250),
(124: priority = 126, remaining_time = 250),
(125: priority = 126, remaining_time = 250),
(126: priority = 126, remaining_time = 250),
(127: priority = 126, remaining_time = 250),
(128: priority = 126, remaining_time = 250),
(129: priority = 126, remaining_time = 250),
(130: priority = 126, remaining_time = 250),
(131: priority = 126, remaining_time = 250),
(132: priority = 126, remaining_time = 250),
(133: priority = 126, remaining_time = 250),
(134: priority = 126, remaining_time = 250),
(135: priority = 126, remaining_time = 250),
(136: priority = 126, remaining_time = 250),
(137: priority = 126, remaining_time = 250),
(138: priority = 126, remaining_time = 250),
(139: priority = 126, remaining_time = 250),
(140: priority = 126, remaining_time = 250),
(141: priority = 126, remaining_time = 250),
(41: priority = 123, remaining_time = 2421),
(42: priority = 123, remaining_time = 2421),
(43: priority = 123, remaining_time = 2421),
(44: priority = 123, remaining_time = 2421),
(45: priority = 123, remaining_time = 2421),
(46: priority = 123, remaining_time = 2421),
(47: priority = 123, remaining_time = 2421),
(1: priority = 113, remaining_time = 6265),
(2: priority = 113, remaining_time = 6265),
(3: priority = 113, remaining_time = 6265),
(4: priority = 113, remaining_time = 6265),
(5: priority = 113, remaining_time = 6265),
(6: priority = 113, remaining_time = 6265),
(7: priority = 113, remaining_time = 6265),
(8: priority = 113, remaining_time = 6265),
(9: priority = 113, remaining_time = 6265),
(10: priority = 113, remaining_time = 6265),
(11: priority = 113, remaining_time = 6265),
(12: priority = 113, remaining_time = 6265),
(13: priority = 113, remaining_time = 6265),
(14: priority = 107, remaining_time = 4804),
(15: priority = 107, remaining_time = 4804),
(16: priority = 107, remaining_time = 4804),
(17: priority = 107, remaining_time = 4804),
(18: priority = 107, remaining_time = 4804),
(19: priority = 107, remaining_time = 4804),
(20: priority = 107, remaining_time = 4804),
(21: priority = 107, remaining_time = 4804),
(22: priority = 107, remaining_time = 4804),
(23: priority = 107, remaining_time = 4804),
(24: priority = 107, remaining_time = 4804),
(25: priority = 107, remaining_time = 4804),
(26: priority = 107, remaining_time = 4804),
(27: priority = 107, remaining_time = 4804),
(28: priority = 107, remaining_time = 4804),
(29: priority = 107, remaining_time = 4804),
(30: priority = 107, remaining_time = 4804),
(31: priority = 107, remaining_time = 4804),
(32: priority = 107, remaining_time = 4804),
(33: priority = 107, remaining_time = 4804),
(34: priority = 107, remaining_time = 4804),
(35: priority = 107, remaining_time = 4804),
(36: priority = 107, remaining_time = 4804),
(37: priority = 107, remaining_time = 4804),
(38: priority = 107, remaining_time = 4804),
(39: priority = 107, remaining_time = 4804),
(40: priority = 107, remaining_time = 4804),
(77: priority = 105, remaining_time = 6639),
(78: priority = 105, remaining_time = 6639),
(79: priority = 105, remaining_time = 6639),
(80: priority = 105, remaining_time = 6639),
(81: priority = 105, remaining_time = 6639),
(82: priority = 105, remaining_time = 6639),
(83: priority = 105, remaining_time = 6639),
(48: priority = 61, remaining_time = 9009),
(49: priority = 61, remaining_time = 9009),
(50: priority = 61, remaining_time = 9009),
(51: priority = 61, remaining_time = 9009),
(52: priority = 61, remaining_time = 9009),
(53: priority = 61, remaining_time = 9009),
(54: priority = 61, remaining_time = 9009),
(55: priority = 61, remaining_time = 9009),
(56: priority = 61, remaining_time = 9009),
(57: priority = 61, remaining_time = 9009),
(58: priority = 61, remaining_time = 9009),
(59: priority = 61, remaining_time = 9009),
(60: priority = 61, remaining_time = 9009),
(61: priority = 61, remaining_time = 9009),
(62: priority = 61, remaining_time = 9009),
(63: priority = 61, remaining_time = 9009),
(64: priority = 61, remaining_time = 9009),
(65: priority = 61, remaining_time = 9009),
(66: priority = 61, remaining_time = 9009),
(67: priority = 61, remaining_time = 9009),
(68: priority = 61, remaining_time = 9009),
(69: priority = 61, remaining_time = 9009),
(70: priority = 61, remaining_time = 9009),
(71: priority = 61, remaining_time = 9009),
(72: priority = 61, remaining_time = 9009),
(73: priority = 61, remaining_time = 9009),
(74: priority = 61, remaining_time = 9009),
(75: priority = 61, remaining_time = 9009),
(76: priority = 61, remaining_time = 9009),
(84: priority = 10, remaining_time = 6497),
(85: priority = 10, remaining_time = 6497),
(86: priority = 10, remaining_time = 6497),
(87: priority = 10, remaining_time = 6497),
(88: priority = 10, remaining_time = 6497),
(89: priority = 10, remaining_time = 6497),
(90: priority = 10, remaining_time = 6497),
(91: priority = 10, remaining_time = 6497),
(92: priority = 10, remaining_time = 6497),
(93: priority = 10, remaining_time = 6497),
(94: priority = 10, remaining_time = 6497),
(95: priority = 10, remaining_time = 6497),
(96: priority = 10, remaining_time = 6497),
(97: priority = 10, remaining_time = 6497),
(98: priority = 10, remaining_time = 6497),
(99: priority = 10, remaining_time = 6497),
(100: priority = 10, remaining_time = 6497),
(101: priority = 10, remaining_time = 6497)]
