Task created successfully : ID 1.
Task created successfully : ID 2.
Task created successfully : ID 3.
Task created successfully : ID 4.
Task created successfully : ID 5.
Task created successfully : ID 6.
Task created successfully : ID 7.
Task created successfully : ID 8.
Task created successfully : ID 9.
Task created successfully : ID 10.
Task created successfully : ID 11.
Task created successfully : ID 12.
Task created successfully : ID 13.
Task created successfully : ID 14.
Task created successfully : ID 15.
Task created successfully : ID 16.
Task created successfully : ID 17.
Task created successfully : ID 18.
Task created successfully : ID 19.
Task created successfully : ID 20.
Task created successfully : ID 21.
Task created successfully : ID 22.
Task created successfully : ID 23.
Task created successfully : ID 24.
Task created successfully : ID 25.
Task created successfully : ID 26.
Task created successfully : ID 27.
Task created successfully : ID 28.
Task created successfully : ID 29.
Task created successfully : ID 30.
Task created successfully : ID 31.
Task created successfully : ID 32.
Task created successfully : ID 33.
Task created successfully : ID 34.
Task created successfully : ID 35.
Task created successfully : ID 36.
Task created successfully : ID 37.
Task created successfully : ID 38.
Task created successfully : ID 39.
Task created successfully : ID 40.
Task created successfully : ID 41.
Task created successfully : ID 42.
Task created successfully : ID 43.
Task created successfully : ID 44.
Task created successfully : ID 45.
Task created successfully : ID 46.
Task created successfully : ID 47.
Task created successfully : ID 48.
Task created successfully : ID 49.
Task created successfully : ID 50.
Task created successfully : ID 51.
Task created successfully : ID 52.
Task created successfully : ID 53.
Task created successfully : ID 54.
Task created successfully : ID 55.
Task created successfully : ID 56.
Task created successfully : ID 57.
Task created successfully : ID 58.
Task created successfully : ID 59.
Task created successfully : ID 60.
Task created successfully : ID 61.
Task created successfully : ID 62.
Task created successfully : ID 63.
Task created successfully : ID 64.
Task created successfully : ID 65.
Task created successfully : ID 66.
Task created successfully : ID 67.
Task created successfully : ID 68.
Task created successfully : ID 69.
Task created successfully : ID 70.
Task created successfully : ID 71.
Task created successfully : ID 72.
Task created successfully : ID 73.
Task created successfully : ID 74.
Task created successfully : ID 75.
Task created successfully : ID 76.
Task created successfully : ID 77.
Task created successfully : ID 78.
Task created successfully : ID 79.
Task created successfully : ID 80.
Task created successfully : ID 81.
Task created successfully : ID 82.
Task created successfully : ID 83.
Task created successfully : ID 84.
Task created successfully : ID 85.
Task created successfully : ID 86.
Task created successfully : ID 87.
Task created successfully : ID 88.
Task created successfully : ID 89.
Task created successfully : ID 90.
Task created successfully : ID 91.
Task created successfully : ID 92.
Task created successfully : ID 93.
Task created successfully : ID 94.
Task created successfully : ID 95.
Task created successfully : ID 96.
Task created successfully : ID 97.
Task created successfully : ID 98.
Task created successfully : ID 99.
Task created successfully : ID 100.
Task created successfully : ID 101.
Task created successfully : ID 102.
Task created successfully : ID 103.
Task created successfully : ID 104.
Task created successfully : ID 105.
Task created successfully : ID 106.
Task created successfully : ID 107.
Task created successfully : ID 108.
Task created successfully : ID 109.
Task created successfully : ID 110.
Task created successfully : ID 111.
Task created successfully : ID 112.
Task created successfully : ID 113.
Task created successfully : ID 114.
Task created successfully : ID 115.
Task created successfully : ID 116.
Task created successfully : ID 117.
Task created successfully : ID 118.
Task created successfully : ID 119.
Task created successfully : ID 120.
Task created successfully : ID 121.
Task created successfully : ID 122.
Task created successfully : ID 123.
Task created successfully : ID 124.
Task created successfully : ID 125.
Task created successfully : ID 126.
Task created successfully : ID 127.
Task created successfully : ID 128.
Task created successfully : ID 129.
Task created successfully : ID 130.
Task created successfully : ID 131.
Task created successfully : ID 132.
Task created successfully : ID 133.
Task created successfully : ID 134.
Task created successfully : ID 135.
Task created successfully : ID 136.
Task created successfully : ID 137.
Task created successfully : ID 138.
Task created successfully : ID 139.
Task created successfully : ID 140.
Task created successfully : ID 141.
Task created successfully : ID 142.
Task created successfully : ID 143.
Task created successfully : ID 144.
Task created successfully : ID 145.
Task created successfully : ID 146.
Task created successfully : ID 147.
Task created successfully : ID 148.
Task created successfully : ID 149.
Task created successfully : ID 150.
Task created successfully : ID 151.
Task created successfully : ID 152.
Task created successfully : ID 153.
Task created successfully : ID 154.
Task created successfully : ID 155.
Task created successfully : ID 156.
Task created successfully : ID 157.
Task created successfully : ID 158.
Task created successfully : ID 159.
Task created successfully : ID 160.
Task created successfully : ID 161.
Task created successfully : ID 162.
Task created successfully : ID 163.
Task created successfully : ID 164.
Task created successfully : ID 165.
Task created successfully : ID 166.
Task created successfully : ID 167.
Task created successfully : ID 168.
Task created successfully : ID 169.
Task created successfully : ID 170.
Task created successfully : ID 171.
Task created successfully : ID 172.
Task created successfully : ID 173.
Task created successfully : ID 174.
Task created successfully : ID 175.
Task created successfully : ID 176.
Task created successfully : ID 177.
Task created successfully : ID 178.
Task created successfully : ID 179.
Task created successfully : ID 180.
Task created successfully : ID 181.
Task created successfully : ID 182.
Task created successfully : ID 183.
Task created successfully : ID 184.
Task created successfully : ID 185.
Task created successfully : ID 186.
Task created successfully : ID 187.
Task created successfully : ID 188.
Task created successfully : ID 189.
Task created successfully : ID 190.
Task created successfully : ID 191.
Task created successfully : ID 192.
Task created successfully : ID 193.
Task created successfully : ID 194.
Task created successfully : ID 195.
Task created successfully : ID 196.
Task created successfully : ID 197.
Task created successfully : ID 198.
Task created successfully : ID 199.
Task created successfully : ID 200.
Task created successfully : ID 201.
Task created successfully : ID 202.
Task created successfully : ID 203.
Task created successfully : ID 204.
Task created successfully : ID 205.
Task created successfully : ID 206.
Task created successfully : ID 207.
Task created successfully : ID 208.
Task created successfully : ID 209.
Task created successfully : ID 210.
Task created successfully : ID 211.
Task created successfully : ID 212.
Task created successfully : ID 213.
Task created successfully : ID 214.
Task created successfully : ID 215.
Task created successfully : ID 216.
Task created successfully : ID 217.
Task created successfully : ID 218.
Task created successfully : ID 219.
Task created successfully : ID 220.
Task created successfully : ID 221.
Task created successfully : ID 222.
Task created successfully : ID 223.
Task created successfully : ID 224.
Task created successfully : ID 225.
Task created successfully : ID 226.
Task created successfully : ID 227.
Task created successfully : ID 228.
Task created successfully : ID 229.
Task created successfully : ID 230.
Task created successfully : ID 231.
Task created successfully : ID 232.
Task created successfully : ID 233.
Task created successfully : ID 234.
Task created successfully : ID 235.
Task created successfully : ID 236.
Task created successfully : ID 237.
Task created successfully : ID 238.
Task created successfully : ID 239.
Task created successfully : ID 240.
Task created successfully : ID 241.
Task created successfully : ID 242.
Task created successfully : ID 243.
Task created successfully : ID 244.
Task created successfully : ID 245.
====== Waiting queue =======
[(208: priority = 112, remaining_time = 7104),
(209: priority = 112, remaining_time = 7104),
(210: priority = 112, remaining_time = 7104),
(211: priority = 112, remaining_time = 7104),
(212: priority = 112, remaining_time = 7104),
(213: priority = 112, remaining_time = 7104),
(214: priority = 112, remaining_time = 7104),
(215: priority = 112, remaining_time = 7104),
(216: priority = 112, remaining_time = 7104),
(217: priority = 112, remaining_time = 7104),
(218: priority = 112, remaining_time = 7104),
(219: priority = 112, remaining_time = 7104),
(220: priority = 112, remaining_time = 7104),
(221: priority = 112, remaining_time = 7104),
(222: priority = 112, remaining_time = 7104),
(223: priority = 112, remaining_time = 7104),
(224: priority = 112, remaining_time = 7104),
(225: priority = 112, remaining_time = 7104),
(226: priority = 112, remaining_time = 7104),
(227: priority = 112, remaining_time = 7104),
(228: priority = 112, remaining_time = 7104),
(229: priority = 112, remaining_time = 7104),
(230: priority = 112, remaining_time = 7104),
(231: priority = 112, remaining_time = 7104),
(232: priority = 112, remaining_time = 7104),
(233: priority = 112, remaining_time = 7104),
(234: priority = 112, remaining_time = 7104),
(235: priority = 112, remaining_time = 7104),
(236: priority = 112, remaining_time = 7104),
(237: priority = 112, remaining_time = 7104),
(238: priority = 112, remaining_time = 7104),
(239: priority = 112, remaining_time = 7104),
(240: priority = 112, remaining_time = 7104),
(241: priority = 112, remaining_time = 7104),
(242: priority = 112, remaining_time = 7104),
(243: priority = 112, remaining_time = 7104),
(100: priority = 75, remaining_time = 6604),
(101: priority = 75, remaining_time = 6604),
(102: priority = 75, remaining_time = 6604),
(103: priority = 75, remaining_time = 6604),
(104: priority = 75, remaining_time = 6604),
(105: priority = 75, remaining_time = 6604),
(106: priority = 75, remaining_time = 6604),
(107: priority = 75, remaining_time = 6604),
(108: priority = 75, remaining_time = 6604),
(109: priority = 75, remaining_time = 6604),
(110: priority = 75, remaining_time = 6604),
(111: priority = 75, remaining_time = 6604),
(112: priority = 75, remaining_time = 6604),
(113: priority = 75, remaining_time = 6604),
(114: priority = 75, remaining_time = 6604),
(115: priority = 75, remaining_time = 6604),
(116: priority = 75, remaining_time = 6604),
(117: priority = 75, remaining_time = 6604),
(118: priority = 75, remaining_time = 6604),
(119: priority = 75, remaining_time = 6604),
(120: priority = 75, remaining_time = 6604),
(121: priority = 75, remaining_time = 6604),
(122: priority = 75, remaining_time = 6604),
(123: priority = 75, remaining_time = 6604),
(124: priority = 75, remaining_time = 6604),
(125: priority = 75, remaining_time = 6604),
(126: priority = 75, remaining_time = 6604),
(127: priority = 75, remaining_time = 6604),
(128: priority = 75, remaining_time = 6604),
(129: priority = 75, remaining_time = 6604),
(130: priority = 75, remaining_time = 6604),
(131: priority = 75, remaining_time = 6604),
(132: priority = 75, remaining_time = 6604),
(133: priority = 75, remaining_time = 6604),
(7: priority = 67, remaining_time = 3858),
(8: priority = 67, remaining_time = 3858),
(9: priority = 67, remaining_time = 3858),
(10: priority = 67, remaining_time = 3858),
(11: priority = 67, remaining_time = 3858),
(12: priority = 67, remaining_time = 3858),
(13: priority = 67, remaining_time = 3858),
(14: priority = 67, remaining_time = 3858),
(15: priority = 67, remaining_time = 3858),
(16: priority = 67, remaining_time = 3858),
(17: priority = 67, remaining_time = 3858),
(18: priority = 67, remaining_time = 3858),
(19: priority = 67, remaining_time = 3858),
(20: priority = 67, remaining_time = 3858),
(21: priority = 67, remaining_time = 3858),
(22: priority = 67, remaining_time = 3858),
(23: priority = 67, remaining_time = 3858),
(24: priority = 67, remaining_time = 3858),
(25: priority = 67, remaining_time = 3858),
(26: priority = 67, remaining_time = 3858),
(27: priority = 67, remaining_time = 3858),
(28: priority = 67, remaining_time = 3858),
(29: priority = 67, remaining_time = 3858),
(30: priority = 67, remaining_time = 3858),
(31: priority = 67, remaining_time = 3858),
(32: priority = 67, remaining_time = 3858),
(33: priority = 67, remaining_time = 3858),
(34: priority = 67, remaining_time = 3858),
(35: priority = 67, remaining_time = 3858),
(36: priority = 67, remaining_time = 3858),
(37: priority = 67, remaining_time = 3858),
(38: priority = 67, remaining_time = 3858),
(39: priority = 67, remaining_time = 3858),
(40: priority = 67, remaining_time = 3858),
(41: priority = 67, remaining_time = 3858),
(42: priority = 67, remaining_time = 3858),
(43: priority = 67, remaining_time = 3858),
(44: priority = 67, remaining_time = 3858),
(45: priority = 67, remaining_time = 3858),
(46: priority = 53, remaining_time = 1977),
(47: priority = 53, remaining_time = 1977),
(48: priority = 53, remaining_time = 1977),
(49: priority = 53, remaining_time = 1977),
(50: priority = 53, remaining_time = 1977),
(51: priority = 53, remaining_time = 1977),
(52: priority = 53, remaining_time = 1977),
(53: priority = 53, remaining_time = 1977),
(54: priority = 53, remaining_time = 1977),
(55: priority = 53, remaining_time = 1977),
(56: priority = 53, remaining_time = 1977),
(57: priority = 53, remaining_time = 1977),
(58: priority = 53, remaining_time = 1977),
(59: priority = 53, remaining_time = 1977),
(60: priority = 53, remaining_time = 1977),
(61: priority = 53, remaining_time = 1977),
(62: priority = 53, remaining_time = 1977),
(63: priority = 53, remaining_time = 1977),
(64: priority = 53, remaining_time = 1977),
(65: priority = 53, remaining_time = 1977),
(66: priority = 53, remaining_time = 1977),
(67: priority = 53, remaining_time = 1977),
(68: priority = 53, remaining_time = 1977),
(69: priority = 53, remaining_time = 1977),
(70: priority = 53, remaining_time = 1977),
(71: priority = 53, remaining_time = 1977),
(72: priority = 53, remaining_time = 1977),
(178: priority = 45, remaining_time = 1414),
(179: priority = 45, remaining_time = 1414),
(180: priority = 45, remaining_time = 1414),
(181: priority = 45, remaining_time = 1414),
(182: priority = 45, remaining_time = 1414),
(183: priority = 45, remaining_time = 1414),
(184: priority = 45, remaining_time = 1414),
(185: priority = 45, remaining_time = 1414),
(186: priority = 45, remaining_time = 1414),
(187: priority = 45, remaining_time = 1414),
(188: priority = 45, remaining_time = 1414),
(189: priority = 45, remaining_time = 1414),
(190: priority = 45, remaining_time = 1414),
(191: priority = 45, remaining_time = 1414),
(192: priority = 45, remaining_time = 1414),
(193: priority = 45, remaining_time = 1414),
(194: priority = 45, remaining_time = 1414),
(195: priority = 45, remaining_time = 1414),
(196: priority = 45, remaining_time = 1414),
(197: priority = 45, remaining_time = 1414),
(198: priority = 45, remaining_time = 1414),
(199: priority = 45, remaining_time = 1414),
(200: priority = 45, remaining_time = 1414),
(201: priority = 45, remaining_time = 1414),
(202: priority = 45, remaining_time = 1414),
(203: priority = 45, remaining_time = 1414),
(204: priority = 45, remaining_time = 1414),
(205: priority = 45, remaining_time = 1414),
(206: priority = 45, remaining_time = 1414),
(207: priority = 45, remaining_time = 1414),
(73: priority = 41, remaining_time = 8864),
(74: priority = 41, remaining_time = 8864),
(75: priority = 41, remaining_time = 8864),
(76: priority = 41, remaining_time = 8864),
(134: priority = 33, remaining_time = 8318),
(135: priority = 33, remaining_time = 8318),
(136: priority = 33, remaining_time = 8318),
(137: priority = 33, remaining_time = 8318),
(138: priority = 33, remaining_time = 8318),
(139: priority = 33, remaining_time = 8318),
(140: priority = 33, remaining_time = 8318),
(141: priority = 33, remaining_time = 8318),
(142: priority = 33, remaining_time = 8318),
(143: priority = 33, remaining_time = 8318),
(144: priority = 33, remaining_time = 8318),
(145: priority = 33, remaining_time = 8318),
(146: priority = 33, remaining_time = 8318),
(147: priority = 33, remaining_time = 8318),
(148: priority = 33, remaining_time = 8318),
(149: priority = 33, remaining_time = 8318),
(150: priority = 33, remaining_time = 8318),
(151: priority = 33, remaining_time = 8318),
(152: priority = 33, remaining_time = 8318),
(153: priority = 33, remaining_time = 8318),
(154: priority = 33, remaining_time = 8318),
(155: priority = 33, remaining_time = 8318),
(156: priority = 33, remaining_time = 8318),
(157: priority = 33, remaining_time = 8318),
(158: priority = 33, remaining_time = 8318),
(159: priority = 33, remaining_time = 8318),
(160: priority = 33, remaining_time = 8318),
(161: priority = 33, remaining_time = 8318),
(162: priority = 33, remaining_time = 8318),
(163: priority = 33, remaining_time = 8318),
(164: priority = 33, remaining_time = 8318),
(165: priority = 33, remaining_time = 8318),
(166: priority = 33, remaining_time = 8318),
(167: priority = 33, remaining_time = 8318),
(168: priority = 33, remaining_time = 8318),
(169: priority = 33, remaining_time = 8318),
(170: priority = 33, remaining_time = 8318),
(171: priority = 33, remaining_time = 8318),
(172: priority = 33, remaining_time = 8318),
(173: priority = 33, remaining_time = 8318),
(174: priority = 33, remaining_time = 8318),
(175: priority = 33, remaining_time = 8318),
(176: priority = 33, remaining_time = 8318),
(177: priority = 33, remaining_time = 8318),
(1: priority = 28, remaining_time = 6797),
(2: priority = 28, remaining_time = 6797),
(3: priority = 28, remaining_time = 6797),
(4: priority = 28, remaining_time = 6797),
(5: priority = 28, remaining_time = 6797),
(6: priority = 28, remaining_time = 6797),
(244: priority = 17, remaining_time = 8011),
(245: priority = 17, remaining_time = 8011),
(77: priority = 0, remaining_time = 859),
(78: priority = 0, remaining_time = 859),
(79: priority = 0, remaining_time = 859),
(80: priority = 0, remaining_time = 859),
(81: priority = 0, remaining_time = 859),
(82: priority = 0, remaining_time = 859),
(83: priority = 0, remaining_time = 859),
(84: priority = 0, remaining_time = 859),
(85: priority = 0, remaining_time = 859),
(86: priority = 0, remaining_time = 859),
(87: priority = 0, remaining_time = 859),
(88: priority = 0, remaining_time = 859),
(89: priority = 0, remaining_time = 859),
(90: priority = 0, remaining_time = 859),
(91: priority = 0, remaining_time = 859),
(92: priority = 0, remaining_time = 859),
(93: priority = 0, remaining_time = 859),
(94: priority = 0, remaining_time = 859),
(95: priority = 0, remaining_time = 859),
(96: priority = 0, remaining_time = 859),
(97: priority = 0, remaining_time = 859),
(98: priority = 0, remaining_time = 859),
(99: priority = 0, remaining_time = 859)]
Thread 3 is idle.
Thread 9 is idle.
====== Running in parallel =======
[]
====== Waiting queue =======
[(208: priority = 112, remaining_time = 7104),
(209: priority = 112, remaining_time = 7104),
(210: priority = 112, remaining_time = 7104),
(211: priority = 112, remaining_time = 7104),
(212: priority = 112, remaining_time = 7104),
(213: priority = 112, remaining_time = 7104),
(214: priority = 112, remaining_time = 7104),
(215: priority = 112, remaining_time = 7104),
(216: priority = 112, remaining_time = 7104),
(217: priority = 112, remaining_time = 7104),
(218: priority = 112, remaining_time = 7104),
(219: priority = 112, remaining_time = 7104),
(220: priority = 112, remaining_time = 7104),
(221: priority = 112, remaining_time = 7104),
(222: priority = 112, remaining_time = 7104),
(223: priority = 112, remaining_time = 7104),
(224: priority = 112, remaining_time = 7104),
(225: priority = 112, remaining_time = 7104),
(226: priority = 112, remaining_time = 7104),
(227: priority = 112, remaining_time = 7104),
(228: priority = 112, remaining_time = 7104),
(229: priority = 112, remaining_time = 7104),
(230: priority = 112, remaining_time = 7104),
(231: priority = 112, remaining_time = 7104),
(232: priority = 112, remaining_time = 7104),
(233: priority = 112, remaining_time = 7104),
(234: priority = 112, remaining_time = 7104),
(235: priority = 112, remaining_time = 7104),
(236: priority = 112, remaining_time = 7104),
(237: priority = 112, remaining_time = 7104),
(238: priority = 112, remaining_time = 7104),
(239: priority = 112, remaining_time = 7104),
(240: priority = 112, remaining_time = 7104),
(241: priority = 112, remaining_time = 7104),
(242: priority = 112, remaining_time = 7104),
(243: priority = 112, remaining_time = 7104),
(100: priority = 75, remaining_time = 6604),
(101: priority = 75, remaining_time = 6604),
(102: priority = 75, remaining_time = 6604),
(103: priority = 75, remaining_time = 6604),
(104: priority = 75, remaining_time = 6604),
(105: priority = 75, remaining_time = 6604),
(106: priority = 75, remaining_time = 6604),
(107: priority = 75, remaining_time = 6604),
(108: priority = 75, remaining_time = 6604),
(109: priority = 75, remaining_time = 6604),
(110: priority = 75, remaining_time = 6604),
(111: priority = 75, remaining_time = 6604),
(112: priority = 75, remaining_time = 6604),
(113: priority = 75, remaining_time = 6604),
(114: priority = 75, remaining_time = 6604),
(115: priority = 75, remaining_time = 6604),
(116: priority = 75, remaining_time = 6604),
(117: priority = 75, remaining_time = 6604),
(118: priority = 75, remaining_time = 6604),
(119: priority = 75, remaining_time = 6604),
(120: priority = 75, remaining_time = 6604),
(121: priority = 75, remaining_time = 6604),
(122: priority = 75, remaining_time = 6604),
(123: priority = 75, remaining_time = 6604),
(124: priority = 75, remaining_time = 6604),
(125: priority = 75, remaining_time = 6604),
(126: priority = 75, remaining_time = 6604),
(127: priority = 75, remaining_time = 6604),
(128: priority = 75, remaining_time = 6604),
(129: priority = 75, remaining_time = 6604),
(130: priority = 75, remaining_time = 6604),
(131: priority = 75, remaining_time = 6604),
(132: priority = 75, remaining_time = 6604),
(133: priority = 75, remaining_time = 6604),
(7: priority = 67, remaining_time = 3858),
(8: priority = 67, remaining_time = 3858),
(9: priority = 67, remaining_time = 3858),
(10: priority = 67, remaining_time = 3858),
(11: priority = 67, remaining_time = 3858),
(12: priority = 67, remaining_time = 3858),
(13: priority = 67, remaining_time = 3858),
(14: priority = 67, remaining_time = 3858),
(15: priority = 67, remaining_time = 3858),
(16: priority = 67, remaining_time = 3858),
(17: priority = 67, remaining_time = 3858),
(18: priority = 67, remaining_time = 3858),
(19: priority = 67, remaining_time = 3858),
(20: priority = 67, remaining_time = 3858),
(21: priority = 67, remaining_time = 3858),
(22: priority = 67, remaining_time = 3858),
(23: priority = 67, remaining_time = 3858),
(24: priority = 67, remaining_time = 3858),
(25: priority = 67, remaining_time = 3858),
(26: priority = 67, remaining_time = 3858),
(27: priority = 67, remaining_time = 3858),
(28: priority = 67, remaining_time = 3858),
(29: priority = 67, remaining_time = 3858),
(30: priority = 67, remaining_time = 3858),
(31: priority = 67, remaining_time = 3858),
(32: priority = 67, remaining_time = 3858),
(33: priority = 67, remaining_time = 3858),
(34: priority = 67, remaining_time = 3858),
(35: priority = 67, remaining_time = 3858),
(36: priority = 67, remaining_time = 3858),
(37: priority = 67, remaining_time = 3858),
(38: priority = 67, remaining_time = 3858),
(39: priority = 67, remaining_time = 3858),
(40: priority = 67, remaining_time = 3858),
(41: priority = 67, remaining_time = 3858),
(42: priority = 67, remaining_time = 3858),
(43: priority = 67, remaining_time = 3858),
(44: priority = 67, remaining_time = 3858),
(45: priority = 67, remaining_time = 3858),
(46: priority = 53, remaining_time = 1977),
(47: priority = 53, remaining_time = 1977),
(48: priority = 53, remaining_time = 1977),
(49: priority = 53, remaining_time = 1977),
(50: priority = 53, remaining_time = 1977),
(51: priority = 53, remaining_time = 1977),
(52: priority = 53, remaining_time = 1977),
(53: priority = 53, remaining_time = 1977),
(54: priority = 53, remaining_time = 1977),
(55: priority = 53, remaining_time = 1977),
(56: priority = 53, remaining_time = 1977),
(57: priority = 53, remaining_time = 1977),
(58: priority = 53, remaining_time = 1977),
(59: priority = 53, remaining_time = 1977),
(60: priority = 53, remaining_time = 1977),
(61: priority = 53, remaining_time = 1977),
(62: priority = 53, remaining_time = 1977),
(63: priority = 53, remaining_time = 1977),
(64: priority = 53, remaining_time = 1977),
(65: priority = 53, remaining_time = 1977),
(66: priority = 53, remaining_time = 1977),
(67: priority = 53, remaining_time = 1977),
(68: priority = 53, remaining_time = 1977),
(69: priority = 53, remaining_time = 1977),
(70: priority = 53, remaining_time = 1977),
(71: priority = 53, remaining_time = 1977),
(72: priority = 53, remaining_time = 1977),
(178: priority = 45, remaining_time = 1414),
(179: priority = 45, remaining_time = 1414),
(180: priority = 45, remaining_time = 1414),
(181: priority = 45, remaining_time = 1414),
(182: priority = 45, remaining_time = 1414),
(183: priority = 45, remaining_time = 1414),
(184: priority = 45, remaining_time = 1414),
(185: priority = 45, remaining_time = 1414),
(186: priority = 45, remaining_time = 1414),
(187: priority = 45, remaining_time = 1414),
(188: priority = 45, remaining_time = 1414),
(189: priority = 45, remaining_time = 1414),
(190: priority = 45, remaining_time = 1414),
(191: priority = 45, remaining_time = 1414),
(192: priority = 45, remaining_time = 1414),
(193: priority = 45, remaining_time = 1414),
(194: priority = 45, remaining_time = 1414),
(195: priority = 45, remaining_time = 1414),
(196: priority = 45, remaining_time = 1414),
(197: priority = 45, remaining_time = 1414),
(198: priority = 45, remaining_time = 1414),
(199: priority = 45, remaining_time = 1414),
(200: priority = 45, remaining_time = 1414),
(201: priority = 45, remaining_time = 1414),
(202: priority = 45, remaining_time = 1414),
(203: priority = 45, remaining_time = 1414),
(204: priority = 45, remaining_time = 1414),
(205: priority = 45, remaining_time = 1414),
(206: priority = 45, remaining_time = 1414),
(207: priority = 45, remaining_time = 1414),
(73: priority = 41, remaining_time = 8864),
(74: priority = 41, remaining_time = 8864),
(75: priority = 41, remaining_time = 8864),
(76: priority = 41, remaining_time = 8864),
(134: priority = 33, remaining_time = 8318),
(135: priority = 33, remaining_time = 8318),
(136: priority = 33, remaining_time = 8318),
(137: priority = 33, remaining_time = 8318),
(138: priority = 33, remaining_time = 8318),
(139: priority = 33, remaining_time = 8318),
(140: priority = 33, remaining_time = 8318),
(141: priority = 33, remaining_time = 8318),
(142: priority = 33, remaining_time = 8318),
(143: priority = 33, remaining_time = 8318),
(144: priority = 33, remaining_time = 8318),
(145: priority = 33, remaining_time = 8318),
(146: priority = 33, remaining_time = 8318),
(147: priority = 33, remaining_time = 8318),
(148: priority = 33, remaining_time = 8318),
(149: priority = 33, remaining_time = 8318),
(150: priority = 33, remaining_time = 8318),
(151: priority = 33, remaining_time = 8318),
(152: priority = 33, remaining_time = 8318),
(153: priority = 33, remaining_time = 8318),
(154: priority = 33, remaining_time = 8318),
(155: priority = 33, remaining_time = 8318),
(156: priority = 33, remaining_time = 8318),
(157: priority = 33, remaining_time = 8318),
(158: priority = 33, remaining_time = 8318),
(159: priority = 33, remaining_time = 8318),
(160: priority = 33, remaining_time = 8318),
(161: priority = 33, remaining_time = 8318),
(162: priority = 33, remaining_time = 8318),
(163: priority = 33, remaining_time = 8318),
(164: priority = 33, remaining_time = 8318),
(165: priority = 33, remaining_time = 8318),
(166: priority = 33, remaining_time = 8318),
(167: priority = 33, remaining_time = 8318),
(168: priority = 33, remaining_time = 8318),
(169: priority = 33, remaining_time = 8318),
(170: priority = 33, remaining_time = 8318),
(171: priority = 33, remaining_time = 8318),
(172: priority = 33, remaining_time = 8318),
(173: priority = 33, remaining_time = 8318),
(174: priority = 33, remaining_time = 8318),
(175: priority = 33, remaining_time = 8318),
(176: priority = 33, remaining_time = 8318),
(177: priority = 33, remaining_time = 8318),
(1: priority = 28, remaining_time = 6797),
(2: priority = 28, remaining_time = 6797),
(3: priority = 28, remaining_time = 6797),
(4: priority = 28, remaining_time = 6797),
(5: priority = 28, remaining_time = 6797),
(6: priority = 28, remaining_time = 6797),
(244: priority = 17, remaining_time = 8011),
(245: priority = 17, remaining_time = 8011),
(77: priority = 0, remaining_time = 859),
(78: priority = 0, remaining_time = 859),
(79: priority = 0, remaining_time = 859),
(80: priority = 0, remaining_time = 859),
(81: priority = 0, remaining_time = 859),
(82: priority = 0, remaining_time = 859),
(83: priority = 0, remaining_time = 859),
(84: priority = 0, remaining_time = 859),
(85: priority = 0, remaining_time = 859),
(86: priority = 0, remaining_time = 859),
(87: priority = 0, remaining_time = 859),
(88: priority = 0, remaining_time = 859),
(89: priority = 0, remaining_time = 859),
(90: priority = 0, remaining_time = 859),
(91: priority = 0, remaining_time = 859),
(92: priority = 0, remaining_time = 859),
(93: priority = 0, remaining_time = 859),
(94: priority = 0, remaining_time = 859),
(95: priority = 0, remaining_time = 859),
(96: priority = 0, remaining_time = 859),
(97: priority = 0, remaining_time = 859),
(98: priority = 0, remaining_time = 859),
(99: priority = 0, remaining_time = 859)]
Task 157 is waiting (remaining_time = 8318).
====== Running in parallel =======
[]
Thread 30 is idle.
Task created successfully : ID 246.
Task created successfully : ID 247.
Task created successfully : ID 248.
Task created successfully : ID 249.
Task created successfully : ID 250.
Task created successfully : ID 251.
Task created successfully : ID 252.
Task created successfully : ID 253.
Task created successfully : ID 254.
Task created successfully : ID 255.
Task created successfully : ID 256.
Task created successfully : ID 257.
Task created successfully : ID 258.
Task created successfully : ID 259.
Task created successfully : ID 260.
Task created successfully : ID 261.
Task created successfully : ID 262.
Task created successfully : ID 263.
Task created successfully : ID 264.
Task created successfully : ID 265.
Task created successfully : ID 266.
Task created successfully : ID 267.
Task created successfully : ID 268.
Task created successfully : ID 269.
Task created successfully : ID 270.
Task created successfully : ID 271.
Task created successfully : ID 272.
Task created successfully : ID 273.
Task created successfully : ID 274.
Task created successfully : ID 275.
Task created successfully : ID 276.
Task created successfully : ID 277.
Task created successfully : ID 278.
Task created successfully : ID 279.
Task created successfully : ID 280.
Task created successfully : ID 281.
Task created successfully : ID 282.
Task created successfully : ID 283.
Task created successfully : ID 284.
Task created successfully : ID 285.
Task created successfully : ID 286.
Task created successfully : ID 287.
Task created successfully : ID 288.
Task created successfully : ID 289.
Task created successfully : ID 290.
Task created successfully : ID 291.
Task created successfully : ID 292.
Task created successfully : ID 293.
Task created successfully : ID 294.
====== Waiting queue =======
[(208: priority = 112, remaining_time = 7104),
(209: priority = 112, remaining_time = 7104),
(210: priority = 112, remaining_time = 7104),
(211: priority = 112, remaining_time = 7104),
(212: priority = 112, remaining_time = 7104),
(213: priority = 112, remaining_time = 7104),
(214: priority = 112, remaining_time = 7104),
(215: priority = 112, remaining_time = 7104),
(216: priority = 112, remaining_time = 7104),
(217: priority = 112, remaining_time = 7104),
(218: priority = 112, remaining_time = 7104),
(219: priority = 112, remaining_time = 7104),
(220: priority = 112, remaining_time = 7104),
(221: priority = 112, remaining_time = 7104),
(222: priority = 112, remaining_time = 7104),
(223: priority = 112, remaining_time = 7104),
(224: priority = 112, remaining_time = 7104),
(225: priority = 112, remaining_time = 7104),
(226: priority = 112, remaining_time = 7104),
(227: priority = 112, remaining_time = 7104),
(228: priority = 112, remaining_time = 7104),
(229: priority = 112, remaining_time = 7104),
(230: priority = 112, remaining_time = 7104),
(231: priority = 112, remaining_time = 7104),
(232: priority = 112, remaining_time = 7104),
(233: priority = 112, remaining_time = 7104),
(234: priority = 112, remaining_time = 7104),
(235: priority = 112, remaining_time = 7104),
(236: priority = 112, remaining_time = 7104),
(237: priority = 112, remaining_time = 7104),
(238: priority = 112, remaining_time = 7104),
(239: priority = 112, remaining_time = 7104),
(240: priority = 112, remaining_time = 7104),
(241: priority = 112, remaining_time = 7104),
(242: priority = 112, remaining_time = 7104),
(243: priority = 112, remaining_time = 7104),
(100: priority = 75, remaining_time = 6604),
(101: priority = 75, remaining_time = 6604),
(102: priority = 75, remaining_time = 6604),
(103: priority = 75, remaining_time = 6604),
(104: priority = 75, remaining_time = 6604),
(105: priority = 75, remaining_time = 6604),
(106: priority = 75, remaining_time = 6604),
(107: priority = 75, remaining_time = 6604),
(108: priority = 75, remaining_time = 6604),
(109: priority = 75, remaining_time = 6604),
(110: priority = 75, remaining_time = 6604),
(111: priority = 75, remaining_time = 6604),
(112: priority = 75, remaining_time = 6604),
(113: priority = 75, remaining_time = 6604),
(114: priority = 75, remaining_time = 6604),
(115: priority = 75, remaining_time = 6604),
(116: priority = 75, remaining_time = 6604),
(117: priority = 75, remaining_time = 6604),
(118: priority = 75, remaining_time = 6604),
(119: priority = 75, remaining_time = 6604),
(120: priority = 75, remaining_time = 6604),
(121: priority = 75, remaining_time = 6604),
(122: priority = 75, remaining_time = 6604),
(123: priority = 75, remaining_time = 6604),
(124: priority = 75, remaining_time = 6604),
(125: priority = 75, remaining_time = 6604),
(126: priority = 75, remaining_time = 6604),
(127: priority = 75, remaining_time = 6604),
(128: priority = 75, remaining_time = 6604),
(129: priority = 75, remaining_time = 6604),
(130: priority = 75, remaining_time = 6604),
(131: priority = 75, remaining_time = 6604),
(132: priority = 75, remaining_time = 6604),
(133: priority = 75, remaining_time = 6604),
(7: priority = 67, remaining_time = 3858),
(8: priority = 67, remaining_time = 3858),
(9: priority = 67, remaining_time = 3858),
(10: priority = 67, remaining_time = 3858),
(11: priority = 67, remaining_time = 3858),
(12: priority = 67, remaining_time = 3858),
(13: priority = 67, remaining_time = 3858),
(14: priority = 67, remaining_time = 3858),
(15: priority = 67, remaining_time = 3858),
(16: priority = 67, remaining_time = 3858),
(17: priority = 67, remaining_time = 3858),
(18: priority = 67, remaining_time = 3858),
(19: priority = 67, remaining_time = 3858),
(20: priority = 67, remaining_time = 3858),
(21: priority = 67, remaining_time = 3858),
(22: priority = 67, remaining_time = 3858),
(23: priority = 67, remaining_time = 3858),
(24: priority = 67, remaining_time = 3858),
(25: priority = 67, remaining_time = 3858),
(26: priority = 67, remaining_time = 3858),
(27: priority = 67, remaining_time = 3858),
(28: priority = 67, remaining_time = 3858),
(29: priority = 67, remaining_time = 3858),
(30: priority = 67, remaining_time = 3858),
(31: priority = 67, remaining_time = 3858),
(32: priority = 67, remaining_time = 3858),
(33: priority = 67, remaining_time = 3858),
(34: priority = 67, remaining_time = 3858),
(35: priority = 67, remaining_time = 3858),
(36: priority = 67, remaining_time = 3858),
(37: priority = 67, remaining_time = 3858),
(38: priority = 67, remaining_time = 3858),
(39: priority = 67, remaining_time = 3858),
(40: priority = 67, remaining_time = 3858),
(41: priority = 67, remaining_time = 3858),
(42: priority = 67, remaining_time = 3858),
(43: priority = 67, remaining_time = 3858),
(44: priority = 67, remaining_time = 3858),
(45: priority = 67, remaining_time = 3858),
(46: priority = 53, remaining_time = 1977),
(47: priority = 53, remaining_time = 1977),
(48: priority = 53, remaining_time = 1977),
(49: priority = 53, remaining_time = 1977),
(50: priority = 53, remaining_time = 1977),
(51: priority = 53, remaining_time = 1977),
(52: priority = 53, remaining_time = 1977),
(53: priority = 53, remaining_time = 1977),
(54: priority = 53, remaining_time = 1977),
(55: priority = 53, remaining_time = 1977),
(56: priority = 53, remaining_time = 1977),
(57: priority = 53, remaining_time = 1977),
(58: priority = 53, remaining_time = 1977),
(59: priority = 53, remaining_time = 1977),
(60: priority = 53, remaining_time = 1977),
(61: priority = 53, remaining_time = 1977),
(62: priority = 53, remaining_time = 1977),
(63: priority = 53, remaining_time = 1977),
(64: priority = 53, remaining_time = 1977),
(65: priority = 53, remaining_time = 1977),
(66: priority = 53, remaining_time = 1977),
(67: priority = 53, remaining_time = 1977),
(68: priority = 53, remaining_time = 1977),
(69: priority = 53, remaining_time = 1977),
(70: priority = 53, remaining_time = 1977),
(71: priority = 53, remaining_time = 1977),
(72: priority = 53, remaining_time = 1977),
(178: priority = 45, remaining_time = 1414),
(179: priority = 45, remaining_time = 1414),
(180: priority = 45, remaining_time = 1414),
(181: priority = 45, remaining_time = 1414),
(182: priority = 45, remaining_time = 1414),
(183: priority = 45, remaining_time = 1414),
(184: priority = 45, remaining_time = 1414),
(185: priority = 45, remaining_time = 1414),
(186: priority = 45, remaining_time = 1414),
(187: priority = 45, remaining_time = 1414),
(188: priority = 45, remaining_time = 1414),
(189: priority = 45, remaining_time = 1414),
(190: priority = 45, remaining_time = 1414),
(191: priority = 45, remaining_time = 1414),
(192: priority = 45, remaining_time = 1414),
(193: priority = 45, remaining_time = 1414),
(194: priority = 45, remaining_time = 1414),
(195: priority = 45, remaining_time = 1414),
(196: priority = 45, remaining_time = 1414),
(197: priority = 45, remaining_time = 1414),
(198: priority = 45, remaining_time = 1414),
(199: priority = 45, remaining_time = 1414),
(200: priority = 45, remaining_time = 1414),
(201: priority = 45, remaining_time = 1414),
(202: priority = 45, remaining_time = 1414),
(203: priority = 45, remaining_time = 1414),
(204: priority = 45, remaining_time = 1414),
(205: priority = 45, remaining_time = 1414),
(206: priority = 45, remaining_time = 1414),
(207: priority = 45, remaining_time = 1414),
(73: priority = 41, remaining_time = 8864),
(74: priority = 41, remaining_time = 8864),
(75: priority = 41, remaining_time = 8864),
(76: priority = 41, remaining_time = 8864),
(246: priority = 35, remaining_time = 9782),
(247: priority = 35, remaining_time = 9782),
(248: priority = 35, remaining_time = 9782),
(249: priority = 35, remaining_time = 9782),
(250: priority = 35, remaining_time = 9782),
(251: priority = 35, remaining_time = 9782),
(252: priority = 35, remaining_time = 9782),
(253: priority = 35, remaining_time = 9782),
(254: priority = 35, remaining_time = 9782),
(255: priority = 35, remaining_time = 9782),
(256: priority = 35, remaining_time = 9782),
(257: priority = 35, remaining_time = 9782),
(258: priority = 35, remaining_time = 9782),
(259: priority = 35, remaining_time = 9782),
(260: priority = 35, remaining_time = 9782),
(261: priority = 35, remaining_time = 9782),
(262: priority = 35, remaining_time = 9782),
(263: priority = 35, remaining_time = 9782),
(264: priority = 35, remaining_time = 9782),
(265: priority = 35, remaining_time = 9782),
(266: priority = 35, remaining_time = 9782),
(267: priority = 35, remaining_time = 9782),
(268: priority = 35, remaining_time = 9782),
(269: priority = 35, remaining_time = 9782),
(270: priority = 35, remaining_time = 9782),
(271: priority = 35, remaining_time = 9782),
(272: priority = 35, remaining_time = 9782),
(273: priority = 35, remaining_time = 9782),
(274: priority = 35, remaining_time = 9782),
(275: priority = 35, remaining_time = 9782),
(276: priority = 35, remaining_time = 9782),
(277: priority = 35, remaining_time = 9782),
(278: priority = 35, remaining_time = 9782),
(279: priority = 35, remaining_time = 9782),
(280: priority = 35, remaining_time = 9782),
(281: priority = 35, remaining_time = 9782),
(282: priority = 35, remaining_time = 9782),
(283: priority = 35, remaining_time = 9782),
(284: priority = 35, remaining_time = 9782),
(285: priority = 35, remaining_time = 9782),
(286: priority = 35, remaining_time = 9782),
(287: priority = 35, remaining_time = 9782),
(288: priority = 35, remaining_time = 9782),
(289: priority = 35, remaining_time = 9782),
(290: priority = 35, remaining_time = 9782),
(291: priority = 35, remaining_time = 9782),
(292: priority = 35, remaining_time = 9782),
(293: priority = 35, remaining_time = 9782),
(294: priority = 35, remaining_time = 9782),
(134: priority = 33, remaining_time = 8318),
(135: priority = 33, remaining_time = 8318),
(136: priority = 33, remaining_time = 8318),
(137: priority = 33, remaining_time = 8318),
(138: priority = 33, remaining_time = 8318),
(139: priority = 33, remaining_time = 8318),
(140: priority = 33, remaining_time = 8318),
(141: priority = 33, remaining_time = 8318),
(142: priority = 33, remaining_time = 8318),
(143: priority = 33, remaining_time = 8318),
(144: priority = 33, remaining_time = 8318),
(145: priority = 33, remaining_time = 8318),
(146: priority = 33, remaining_time = 8318),
(147: priority = 33, remaining_time = 8318),
(148: priority = 33, remaining_time = 8318),
(149: priority = 33, remaining_time = 8318),
(150: priority = 33, remaining_time = 8318),
(151: priority = 33, remaining_time = 8318),
(152: priority = 33, remaining_time = 8318),
(153: priority = 33, remaining_time = 8318),
(154: priority = 33, remaining_time = 8318),
(155: priority = 33, remaining_time = 8318),
(156: priority = 33, remaining_time = 8318),
(157: priority = 33, remaining_time = 8318),
(158: priority = 33, remaining_time = 8318),
(159: priority = 33, remaining_time = 8318),
(160: priority = 33, remaining_time = 8318),
(161: priority = 33, remaining_time = 8318),
(162: priority = 33, remaining_time = 8318),
(163: priority = 33, remaining_time = 8318),
(164: priority = 33, remaining_time = 8318),
(165: priority = 33, remaining_time = 8318),
(166: priority = 33, remaining_time = 8318),
(167: priority = 33, remaining_time = 8318),
(168: priority = 33, remaining_time = 8318),
(169: priority = 33, remaining_time = 8318),
(170: priority = 33, remaining_time = 8318),
(171: priority = 33, remaining_time = 8318),
(172: priority = 33, remaining_time = 8318),
(173: priority = 33, remaining_time = 8318),
(174: priority = 33, remaining_time = 8318),
(175: priority = 33, remaining_time = 8318),
(176: priority = 33, remaining_time = 8318),
(177: priority = 33, remaining_time = 8318),
(1: priority = 28, remaining_time = 6797),
(2: priority = 28, remaining_time = 6797),
(3: priority = 28, remaining_time = 6797),
(4: priority = 28, remaining_time = 6797),
(5: priority = 28, remaining_time = 6797),
(6: priority = 28, remaining_time = 6797),
(244: priority = 17, remaining_time = 8011),
(245: priority = 17, remaining_time = 8011),
(77: priority = 0, remaining_time = 859),
(78: priority = 0, remaining_time = 859),
(79: priority = 0, remaining_time = 859),
(80: priority = 0, remaining_time = 859),
(81: priority = 0, remaining_time = 859),
(82: priority = 0, remaining_time = 859),
(83: priority = 0, remaining_time = 859),
(84: priority = 0, remaining_time = 859),
(85: priority = 0, remaining_time = 859),
(86: priority = 0, remaining_time = 859),
(87: priority = 0, remaining_time = 859),
(88: priority = 0, remaining_time = 859),
(89: priority = 0, remaining_time = 859),
(90: priority = 0, remaining_time = 859),
(91: priority = 0, remaining_time = 859),
(92: priority = 0, remaining_time = 859),
(93: priority = 0, remaining_time = 859),
(94: priority = 0, remaining_time = 859),
(95: priority = 0, remaining_time = 859),
(96: priority = 0, remaining_time = 859),
(97: priority = 0, remaining_time = 859),
(98: priority = 0, remaining_time = 859),
(99: priority = 0, remaining_time = 859)]
Task 153 is waiting (remaining_time = 8318).
====== Waiting queue =======
[(208: priority = 112, remaining_time = 7104),
(209: priority = 112, remaining_time = 7104),
(210: priority = 112, remaining_time = 7104),
(211: priority = 112, remaining_time = 7104),
(212: priority = 112, remaining_time = 7104),
(213: priority = 112, remaining_time = 7104),
(214: priority = 112, remaining_time = 7104),
(215: priority = 112, remaining_time = 7104),
(216: priority = 112, remaining_time = 7104),
(217: priority = 112, remaining_time = 7104),
(218: priority = 112, remaining_time = 7104),
(219: priority = 112, remaining_time = 7104),
(220: priority = 112, remaining_time = 7104),
(221: priority = 112, remaining_time = 7104),
(222: priority = 112, remaining_time = 7104),
(223: priority = 112, remaining_time = 7104),
(224: priority = 112, remaining_time = 7104),
(225: priority = 112, remaining_time = 7104),
(226: priority = 112, remaining_time = 7104),
(227: priority = 112, remaining_time = 7104),
(228: priority = 112, remaining_time = 7104),
(229: priority = 112, remaining_time = 7104),
(230: priority = 112, remaining_time = 7104),
(231: priority = 112, remaining_time = 7104),
(232: priority = 112, remaining_time = 7104),
(233: priority = 112, remaining_time = 7104),
(234: priority = 112, remaining_time = 7104),
(235: priority = 112, remaining_time = 7104),
(236: priority = 112, remaining_time = 7104),
(237: priority = 112, remaining_time = 7104),
(238: priority = 112, remaining_time = 7104),
(239: priority = 112, remaining_time = 7104),
(240: priority = 112, remaining_time = 7104),
(241: priority = 112, remaining_time = 7104),
(242: priority = 112, remaining_time = 7104),
(243: priority = 112, remaining_time = 7104),
(100: priority = 75, remaining_time = 6604),
(101: priority = 75, remaining_time = 6604),
(102: priority = 75, remaining_time = 6604),
(103: priority = 75, remaining_time = 6604),
(104: priority = 75, remaining_time = 6604),
(105: priority = 75, remaining_time = 6604),
(106: priority = 75, remaining_time = 6604),
(107: priority = 75, remaining_time = 6604),
(108: priority = 75, remaining_time = 6604),
(109: priority = 75, remaining_time = 6604),
(110: priority = 75, remaining_time = 6604),
(111: priority = 75, remaining_time = 6604),
(112: priority = 75, remaining_time = 6604),
(113: priority = 75, remaining_time = 6604),
(114: priority = 75, remaining_time = 6604),
(115: priority = 75, remaining_time = 6604),
(116: priority = 75, remaining_time = 6604),
(117: priority = 75, remaining_time = 6604),
(118: priority = 75, remaining_time = 6604),
(119: priority = 75, remaining_time = 6604),
(120: priority = 75, remaining_time = 6604),
(121: priority = 75, remaining_time = 6604),
(122: priority = 75, remaining_time = 6604),
(123: priority = 75, remaining_time = 6604),
(124: priority = 75, remaining_time = 6604),
(125: priority = 75, remaining_time = 6604),
(126: priority = 75, remaining_time = 6604),
(127: priority = 75, remaining_time = 6604),
(128: priority = 75, remaining_time = 6604),
(129: priority = 75, remaining_time = 6604),
(130: priority = 75, remaining_time = 6604),
(131: priority = 75, remaining_time = 6604),
(132: priority = 75, remaining_time = 6604),
(133: priority = 75, remaining_time = 6604),
(7: priority = 67, remaining_time = 3858),
(8: priority = 67, remaining_time = 3858),
(9: priority = 67, remaining_time = 3858),
(10: priority = 67, remaining_time = 3858),
(11: priority = 67, remaining_time = 3858),
(12: priority = 67, remaining_time = 3858),
(13: priority = 67, remaining_time = 3858),
(14: priority = 67, remaining_time = 3858),
(15: priority = 67, remaining_time = 3858),
(16: priority = 67, remaining_time = 3858),
(17: priority = 67, remaining_time = 3858),
(18: priority = 67, remaining_time = 3858),
(19: priority = 67, remaining_time = 3858),
(20: priority = 67, remaining_time = 3858),
(21: priority = 67, remaining_time = 3858),
(22: priority = 67, remaining_time = 3858),
(23: priority = 67, remaining_time = 3858),
(24: priority = 67, remaining_time = 3858),
(25: priority = 67, remaining_time = 3858),
(26: priority = 67, remaining_time = 3858),
(27: priority = 67, remaining_time = 3858),
(28: priority = 67, remaining_time = 3858),
(29: priority = 67, remaining_time = 3858),
(30: priority = 67, remaining_time = 3858),
(31: priority = 67, remaining_time = 3858),
(32: priority = 67, remaining_time = 3858),
(33: priority = 67, remaining_time = 3858),
(34: priority = 67, remaining_time = 3858),
(35: priority = 67, remaining_time = 3858),
(36: priority = 67, remaining_time = 3858),
(37: priority = 67, remaining_time = 3858),
(38: priority = 67, remaining_time = 3858),
(39: priority = 67, remaining_time = 3858),
(40: priority = 67, remaining_time = 3858),
(41: priority = 67, remaining_time = 3858),
(42: priority = 67, remaining_time = 3858),
(43: priority = 67, remaining_time = 3858),
(44: priority = 67, remaining_time = 3858),
(45: priority = 67, remaining_time = 3858),
(46: priority = 53, remaining_time = 1977),
(47: priority = 53, remaining_time = 1977),
(48: priority = 53, remaining_time = 1977),
(49: priority = 53, remaining_time = 1977),
(50: priority = 53, remaining_time = 1977),
(51: priority = 53, remaining_time = 1977),
(52: priority = 53, remaining_time = 1977),
(53: priority = 53, remaining_time = 1977),
(54: priority = 53, remaining_time = 1977),
(55: priority = 53, remaining_time = 1977),
(56: priority = 53, remaining_time = 1977),
(57: priority = 53, remaining_time = 1977),
(58: priority = 53, remaining_time = 1977),
(59: priority = 53, remaining_time = 1977),
(60: priority = 53, remaining_time = 1977),
(61: priority = 53, remaining_time = 1977),
(62: priority = 53, remaining_time = 1977),
(63: priority = 53, remaining_time = 1977),
(64: priority = 53, remaining_time = 1977),
(65: priority = 53, remaining_time = 1977),
(66: priority = 53, remaining_time = 1977),
(67: priority = 53, remaining_time = 1977),
(68: priority = 53, remaining_time = 1977),
(69: priority = 53, remaining_time = 1977),
(70: priority = 53, remaining_time = 1977),
(71: priority = 53, remaining_time = 1977),
(72: priority = 53, remaining_time = 1977),
(178: priority = 45, remaining_time = 1414),
(179: priority = 45, remaining_time = 1414),
(180: priority = 45, remaining_time = 1414),
(181: priority = 45, remaining_time = 1414),
(182: priority = 45, remaining_time = 1414),
(183: priority = 45, remaining_time = 1414),
(184: priority = 45, remaining_time = 1414),
(185: priority = 45, remaining_time = 1414),
(186: priority = 45, remaining_time = 1414),
(187: priority = 45, remaining_time = 1414),
(188: priority = 45, remaining_time = 1414),
(189: priority = 45, remaining_time = 1414),
(190: priority = 45, remaining_time = 1414),
(191: priority = 45, remaining_time = 1414),
(192: priority = 45, remaining_time = 1414),
(193: priority = 45, remaining_time = 1414),
(194: priority = 45, remaining_time = 1414),
(195: priority = 45, remaining_time = 1414),
(196: priority = 45, remaining_time = 1414),
(197: priority = 45, remaining_time = 1414),
(198: priority = 45, remaining_time = 1414),
(199: priority = 45, remaining_time = 1414),
(200: priority = 45, remaining_time = 1414),
(201: priority = 45, remaining_time = 1414),
(202: priority = 45, remaining_time = 1414),
(203: priority = 45, remaining_time = 1414),
(204: priority = 45, remaining_time = 1414),
(205: priority = 45, remaining_time = 1414),
(206: priority = 45, remaining_time = 1414),
(207: priority = 45, remaining_time = 1414),
(73: priority = 41, remaining_time = 8864),
(74: priority = 41, remaining_time = 8864),
(75: priority = 41, remaining_time = 8864),
(76: priority = 41, remaining_time = 8864),
(246: priority = 35, remaining_time = 9782),
(247: priority = 35, remaining_time = 9782),
(248: priority = 35, remaining_time = 9782),
(249: priority = 35, remaining_time = 9782),
(250: priority = 35, remaining_time = 9782),
(251: priority = 35, remaining_time = 9782),
(252: priority = 35, remaining_time = 9782),
(253: priority = 35, remaining_time = 9782),
(254: priority = 35, remaining_time = 9782),
(255: priority = 35, remaining_time = 9782),
(256: priority = 35, remaining_time = 9782),
(257: priority = 35, remaining_time = 9782),
(258: priority = 35, remaining_time = 9782),
(259: priority = 35, remaining_time = 9782),
(260: priority = 35, remaining_time = 9782),
(261: priority = 35, remaining_time = 9782),
(262: priority = 35, remaining_time = 9782),
(263: priority = 35, remaining_time = 9782),
(264: priority = 35, remaining_time = 9782),
(265: priority = 35, remaining_time = 9782),
(266: priority = 35, remaining_time = 9782),
(267: priority = 35, remaining_time = 9782),
(268: priority = 35, remaining_time = 9782),
(269: priority = 35, remaining_time = 9782),
(270: priority = 35, remaining_time = 9782),
(271: priority = 35, remaining_time = 9782),
(272: priority = 35, remaining_time = 9782),
(273: priority = 35, remaining_time = 9782),
(274: priority = 35, remaining_time = 9782),
(275: priority = 35, remaining_time = 9782),
(276: priority = 35, remaining_time = 9782),
(277: priority = 35, remaining_time = 9782),
(278: priority = 35, remaining_time = 9782),
(279: priority = 35, remaining_time = 9782),
(280: priority = 35, remaining_time = 9782),
(281: priority = 35, remaining_time = 9782),
(282: priority = 35, remaining_time = 9782),
(283: priority = 35, remaining_time = 9782),
(284: priority = 35, remaining_time = 9782),
(285: priority = 35, remaining_time = 9782),
(286: priority = 35, remaining_time = 9782),
(287: priority = 35, remaining_time = 9782),
(288: priority = 35, remaining_time = 9782),
(289: priority = 35, remaining_time = 9782),
(290: priority = 35, remaining_time = 9782),
(291: priority = 35, remaining_time = 9782),
(292: priority = 35, remaining_time = 9782),
(293: priority = 35, remaining_time = 9782),
(294: priority = 35, remaining_time = 9782),
(134: priority = 33, remaining_time = 8318),
(135: priority = 33, remaining_time = 8318),
(136: priority = 33, remaining_time = 8318),
(137: priority = 33, remaining_time = 8318),
(138: priority = 33, remaining_time = 8318),
(139: priority = 33, remaining_time = 8318),
(140: priority = 33, remaining_time = 8318),
(141: priority = 33, remaining_time = 8318),
(142: priority = 33, remaining_time = 8318),
(143: priority = 33, remaining_time = 8318),
(144: priority = 33, remaining_time = 8318),
(145: priority = 33, remaining_time = 8318),
(146: priority = 33, remaining_time = 8318),
(147: priority = 33, remaining_time = 8318),
(148: priority = 33, remaining_time = 8318),
(149: priority = 33, remaining_time = 8318),
(150: priority = 33, remaining_time = 8318),
(151: priority = 33, remaining_time = 8318),
(152: priority = 33, remaining_time = 8318),
(153: priority = 33, remaining_time = 8318),
(154: priority = 33, remaining_time = 8318),
(155: priority = 33, remaining_time = 8318),
(156: priority = 33, remaining_time = 8318),
(157: priority = 33, remaining_time = 8318),
(158: priority = 33, remaining_time = 8318),
(159: priority = 33, remaining_time = 8318),
(160: priority = 33, remaining_time = 8318),
(161: priority = 33, remaining_time = 8318),
(162: priority = 33, remaining_time = 8318),
(163: priority = 33, remaining_time = 8318),
(164: priority = 33, remaining_time = 8318),
(165: priority = 33, remaining_time = 8318),
(166: priority = 33, remaining_time = 8318),
(167: priority = 33, remaining_time = 8318),
(168: priority = 33, remaining_time = 8318),
(169: priority = 33, remaining_time = 8318),
(170: priority = 33, remaining_time = 8318),
(171: priority = 33, remaining_time = 8318),
(172: priority = 33, remaining_time = 8318),
(173: priority = 33, remaining_time = 8318),
(174: priority = 33, remaining_time = 8318),
(175: priority = 33, remaining_time = 8318),
(176: priority = 33, remaining_time = 8318),
(177: priority = 33, remaining_time = 8318),
(1: priority = 28, remaining_time = 6797),
(2: priority = 28, remaining_time = 6797),
(3: priority = 28, remaining_time = 6797),
(4: priority = 28, remaining_time = 6797),
(5: priority = 28, remaining_time = 6797),
(6: priority = 28, remaining_time = 6797),
(244: priority = 17, remaining_time = 8011),
(245: priority = 17, remaining_time = 8011),
(77: priority = 0, remaining_time = 859),
(78: priority = 0, remaining_time = 859),
(79: priority = 0, remaining_time = 859),
(80: priority = 0, remaining_time = 859),
(81: priority = 0, remaining_time = 859),
(82: priority = 0, remaining_time = 859),
(83: priority = 0, remaining_time = 859),
(84: priority = 0, remaining_time = 859),
(85: priority = 0, remaining_time = 859),
(86: priority = 0, remaining_time = 859),
(87: priority = 0, remaining_time = 859),
(88: priority = 0, remaining_time = 859),
(89: priority = 0, remaining_time = 859),
(90: priority = 0, remaining_time = 859),
(91: priority = 0, remaining_time = 859),
(92: priority = 0, remaining_time = 859),
(93: priority = 0, remaining_time = 859),
(94: priority = 0, remaining_time = 859),
(95: priority = 0, remaining_time = 859),
(96: priority = 0, remaining_time = 859),
(97: priority = 0, remaining_time = 859),
(98: priority = 0, remaining_time = 859),
(99: priority = 0, remaining_time = 859)]
Task 260 is waiting (remaining_time = 9782).
Running tasks for 9392710 ms...
====== Running in parallel =======
[]
Thread 4 is idle.
Thread 30 is idle.
Task created successfully : ID 1.
====== Running in parallel =======
[]
Task 104 is finished (executed_time = 6604).
====== Running in parallel =======
[]
Task 44 is finished (executed_time = 3858).
====== Waiting queue =======
[(1: priority = 110, remaining_time = 8087)]
====== Waiting queue =======
[(1: priority = 110, remaining_time = 8087)]
Task created successfully : ID 2.
Task created successfully : ID 3.
Thread 36 is idle.
====== Waiting queue =======
[(1: priority = 110, remaining_time = 8087),
(2: priority = 5, remaining_time = 28),
(3: priority = 5, remaining_time = 28)]
Task created successfully : ID 4.
Task created successfully : ID 5.
Task created successfully : ID 6.
====== Waiting queue =======
[(1: priority = 110, remaining_time = 8087),
(4: priority = 97, remaining_time = 578),
(5: priority = 97, remaining_time = 578),
(6: priority = 82, remaining_time = 9960),
(2: priority = 5, remaining_time = 28),
(3: priority = 5, remaining_time = 28)]
====== Running in parallel =======
[]
====== Running in parallel =======
[]
====== Waiting queue =======
[(1: priority = 110, remaining_time = 8087),
(4: priority = 97, remaining_time = 578),
(5: priority = 97, remaining_time = 578),
(6: priority = 82, remaining_time = 9960),
(2: priority = 5, remaining_time = 28),
(3: priority = 5, remaining_time = 28)]
====== Running in parallel =======
[]
Running tasks for 4084789 ms...
====== Running in parallel =======
[]
====== Running in parallel =======
[]
Task created successfully : ID 1.
Task created successfully : ID 2.
Task created successfully : ID 3.
Task created successfully : ID 4.
Task created successfully : ID 5.
Task created successfully : ID 6.
Task created successfully : ID 7.
Task created successfully : ID 8.
Task created successfully : ID 9.
Task created successfully : ID 10.
Task created successfully : ID 11.
Task created successfully : ID 12.
Task created successfully : ID 13.
Task created successfully : ID 14.
Task created successfully : ID 15.
Task created successfully : ID 16.
Task created successfully : ID 17.
Task created successfully : ID 18.
Task created successfully : ID 19.
Task created successfully : ID 20.
Task created successfully : ID 21.
Task created successfully : ID 22.
Task created successfully : ID 23.
Task created successfully : ID 24.
Task created successfully : ID 25.
Task created successfully : ID 26.
Task created successfully : ID 27.
Task created successfully : ID 28.
Task created successfully : ID 29.
Task created successfully : ID 30.
Task created successfully : ID 31.
Task created successfully : ID 32.
Task created successfully : ID 33.
Task created successfully : ID 34.
Task created successfully : ID 35.
Task created successfully : ID 36.
Task created successfully : ID 37.
Task created successfully : ID 38.
Task created successfully : ID 39.
Task created successfully : ID 40.
Task created successfully : ID 41.
Task created successfully : ID 42.
Task created successfully : ID 43.
Task created successfully : ID 44.
Task created successfully : ID 45.
Task created successfully : ID 46.
Task created successfully : ID 47.
Task created successfully : ID 48.
Task created successfully : ID 49.
Task created successfully : ID 50.
Task created successfully : ID 51.
Task created successfully : ID 52.
Task created successfully : ID 53.
Task created successfully : ID 54.
Task created successfully : ID 55.
Task created successfully : ID 56.
Task created successfully : ID 57.
Task created successfully : ID 58.
Task created successfully : ID 59.
Task created successfully : ID 60.
Task created successfully : ID 61.
Task created successfully : ID 62.
Running tasks for 5277215 ms...
Running tasks for 3321646 ms...
Thread 25 is idle.
Running tasks for 8048252 ms...
Task created successfully : ID 1.
Task created successfully : ID 2.
Task created successfully : ID 3.
Task created successfully : ID 4.
Task created successfully : ID 5.
Task created successfully : ID 6.
Task created successfully : ID 7.
Task created successfully : ID 8.
Task created successfully : ID 9.
Task created successfully : ID 10.
Task created successfully : ID 11.
Task created successfully : ID 12.
Task created successfully : ID 13.
Task created successfully : ID 14.
====== Waiting queue =======
[(1: priority = 21, remaining_time = 3615),
(2: priority = 21, remaining_time = 3615),
(3: priority = 21, remaining_time = 3615),
(4: priority = 21, remaining_time = 3615),
(5: priority = 21, remaining_time = 3615),
(6: priority = 21, remaining_time = 3615),
(7: priority = 21, remaining_time = 3615),
(8: priority = 21, remaining_time = 3615),
(9: priority = 21, remaining_time = 3615),
(10: priority = 21, remaining_time = 3615),
(11: priority = 21, remaining_time = 3615),
(12: priority = 21, remaining_time = 3615),
(13: priority = 21, remaining_time = 3615),
(14: priority = 21, remaining_time = 3615)]
Running tasks for 4340245 ms...
Task 62 is finished (executed_time = 1977).
====== Running in parallel =======
[]
====== Running in parallel =======
[]
Thread 2 is idle.
====== Running in parallel =======
[]
====== Running in parallel =======
[]
Task 311 not found.
Running tasks for 1977091 ms...
Thread 6 is idle.
Task created successfully : ID 1.
Task created successfully : ID 2.
Task created successfully : ID 3.
Task created successfully : ID 4.
Task created successfully : ID 5.
Task created successfully : ID 6.
Task created successfully : ID 7.
Task created successfully : ID 8.
Task created successfully : ID 9.
Task created successfully : ID 10.
Task created successfully : ID 11.
Task created successfully : ID 12.
Task created successfully : ID 13.
Task created successfully : ID 14.
Task created successfully : ID 15.
====== Running in parallel =======
[]
====== Running in parallel =======
[]
Thread 32 is idle.
Task created successfully : ID 16.
Task created successfully : ID 17.
Task created successfully : ID 18.
Task created successfully : ID 19.
Task created successfully : ID 20.
Task created successfully : ID 21.
Task created successfully : ID 22.
Task created successfully : ID 23.
Task created successfully : ID 24.
Task created successfully : ID 25.
Task created successfully : ID 26.
Task created successfully : ID 27.
Task created successfully : ID 28.
Task created successfully : ID 29.
Task created successfully : ID 30.
Task created successfully : ID 31.
Task created successfully : ID 32.
Task created successfully : ID 33.
Task created successfully : ID 34.
Task created successfully : ID 35.
Task created successfully : ID 36.
Task created successfully : ID 37.
Task created successfully : ID 38.
Task created successfully : ID 39.
Task created successfully : ID 40.
Task created successfully : ID 41.
Task created successfully : ID 42.
Task created successfully : ID 43.
Task created successfully : ID 44.
Task created successfully : ID 45.
Task created successfully : ID 46.
Task created successfully : ID 47.
Task created successfully : ID 48.
Task created successfully : ID 49.
Task created successfully : ID 50.
Task created successfully : ID 51.
Task created successfully : ID 52.
Task created successfully : ID 53.
====== Waiting queue =======
[(16: priority = 64, remaining_time = 6058),
(17: priority = 64, remaining_time = 6058),
(18: priority = 64, remaining_time = 6058),
(19: priority = 64, remaining_time = 6058),
(20: priority = 64, remaining_time = 6058),
(21: priority = 64, remaining_time = 6058),
(22: priority = 64, remaining_time = 6058),
(23: priority = 64, remaining_time = 6058),
(24: priority = 64, remaining_time = 6058),
(25: priority = 64, remaining_time = 6058),
(26: priority = 64, remaining_time = 6058),
(27: priority = 64, remaining_time = 6058),
(28: priority = 64, remaining_time = 6058),
(29: priority = 64, remaining_time = 6058),
(30: priority = 64, remaining_time = 6058),
(31: priority = 64, remaining_time = 6058),
(32: priority = 64, remaining_time = 6058),
(33: priority = 64, remaining_time = 6058),
(34: priority = 64, remaining_time = 6058),
(35: priority = 64, remaining_time = 6058),
(36: priority = 64, remaining_time = 6058),
(37: priority = 64, remaining_time = 6058),
(38: priority = 64, remaining_time = 6058),
(39: priority = 64, remaining_time = 6058),
(40: priority = 64, remaining_time = 6058),
(41: priority = 64, remaining_time = 6058),
(42: priority = 64, remaining_time = 6058),
(43: priority = 64, remaining_time = 6058),
(44: priority = 64, remaining_time = 6058),
(45: priority = 64, remaining_time = 6058),
(46: priority = 64, remaining_time = 6058),
(47: priority = 64, remaining_time = 6058),
(48: priority = 64, remaining_time = 6058),
(49: priority = 64, remaining_time = 6058),
(50: priority = 64, remaining_time = 6058),
(51: priority = 64, remaining_time = 6058),
(52: priority = 64, remaining_time = 6058),
(53: priority = 64, remaining_time = 6058),
(1: priority = 38, remaining_time = 1571),
(2: priority = 38, remaining_time = 1571),
(3: priority = 38, remaining_time = 1571),
(4: priority = 38, remaining_time = 1571),
(5: priority = 38, remaining_time = 1571),
(6: priority = 38, remaining_time = 1571),
(7: priority = 38, remaining_time = 1571),
(8: priority = 38, remaining_time = 1571),
(9: priority = 38, remaining_time = 1571),
(10: priority = 38, remaining_time = 1571),
(11: priority = 38, remaining_time = 1571),
(12: priority = 38, remaining_time = 1571),
(13: priority = 38, remaining_time = 1571),
(14: priority = 38, remaining_time = 1571),
(15: priority = 38, remaining_time = 1571)]
====== Waiting queue =======
[(16: priority = 64, remaining_time = 6058),
(17: priority = 64, remaining_time = 6058),
(18: priority = 64, remaining_time = 6058),
(19: priority = 64, remaining_time = 6058),
(20: priority = 64, remaining_time = 6058),
(21: priority = 64, remaining_time = 6058),
(22: priority = 64, remaining_time = 6058),
(23: priority = 64, remaining_time = 6058),
(24: priority = 64, remaining_time = 6058),
(25: priority = 64, remaining_time = 6058),
(26: priority = 64, remaining_time = 6058),
(27: priority = 64, remaining_time = 6058),
(28: priority = 64, remaining_time = 6058),
(29: priority = 64, remaining_time = 6058),
(30: priority = 64, remaining_time = 6058),
(31: priority = 64, remaining_time = 6058),
(32: priority = 64, remaining_time = 6058),
(33: priority = 64, remaining_time = 6058),
(34: priority = 64, remaining_time = 6058),
(35: priority = 64, remaining_time = 6058),
(36: priority = 64, remaining_time = 6058),
(37: priority = 64, remaining_time = 6058),
(38: priority = 64, remaining_time = 6058),
(39: priority = 64, remaining_time = 6058),
(40: priority = 64, remaining_time = 6058),
(41: priority = 64, remaining_time = 6058),
(42: priority = 64, remaining_time = 6058),
(43: priority = 64, remaining_time = 6058),
(44: priority = 64, remaining_time = 6058),
(45: priority = 64, remaining_time = 6058),
(46: priority = 64, remaining_time = 6058),
(47: priority = 64, remaining_time = 6058),
(48: priority = 64, remaining_time = 6058),
(49: priority = 64, remaining_time = 6058),
(50: priority = 64, remaining_time = 6058),
(51: priority = 64, remaining_time = 6058),
(52: priority = 64, remaining_time = 6058),
(53: priority = 64, remaining_time = 6058),
(1: priority = 38, remaining_time = 1571),
(2: priority = 38, remaining_time = 1571),
(3: priority = 38, remaining_time = 1571),
(4: priority = 38, remaining_time = 1571),
(5: priority = 38, remaining_time = 1571),
(6: priority = 38, remaining_time = 1571),
(7: priority = 38, remaining_time = 1571),
(8: priority = 38, remaining_time = 1571),
(9: priority = 38, remaining_time = 1571),
(10: priority = 38, remaining_time = 1571),
(11: priority = 38, remaining_time = 1571),
(12: priority = 38, remaining_time = 1571),
(13: priority = 38, remaining_time = 1571),
(14: priority = 38, remaining_time = 1571),
(15: priority = 38, remaining_time = 1571)]
Thread 2 is idle.
Running tasks for 7802458 ms...
Task 111 is finished (executed_time = 6604).
====== Running in parallel =======
[]
Task 134 is finished (executed_time = 8318).
Task 122 is finished (executed_time = 6604).
====== Running in parallel =======
[]
Task created successfully : ID 1.
Task created successfully : ID 2.
Task created successfully : ID 3.
Task created successfully : ID 4.
Task created successfully : ID 5.
Task created successfully : ID 6.
Task created successfully : ID 7.
Task 417 not found.
====== Running in parallel =======
[]
Thread 23 is idle.
====== Waiting queue =======
[(1: priority = 116, remaining_time = 335),
(2: priority = 116, remaining_time = 335),
(3: priority = 116, remaining_time = 335),
(4: priority = 116, remaining_time = 335),
(5: priority = 116, remaining_time = 335),
(6: priority = 116, remaining_time = 335),
(7: priority = 116, remaining_time = 335)]
Task 148 is finished (executed_time = 8318).
Thread 34 is idle.
====== Running in parallel =======
[]
Thread 28 is idle.
Task created successfully : ID 8.
Task created successfully : ID 9.
Task created successfully : ID 10.
Task created successfully : ID 11.
Task created successfully : ID 12.
Task created successfully : ID 13.
Task created successfully : ID 14.
Task created successfully : ID 15.
Task created successfully : ID 16.
Task created successfully : ID 17.
Task created successfully : ID 18.
Task created successfully : ID 19.
Task created successfully : ID 20.
Task created successfully : ID 21.
Task created successfully : ID 22.
Task created successfully : ID 23.
Task created successfully : ID 24.
Task created successfully : ID 25.
Task created successfully : ID 26.
Task created successfully : ID 27.
Running tasks for 1588596 ms...
====== Waiting queue =======
[]
Running tasks for 8550136 ms...
Task created successfully : ID 1.
Task created successfully : ID 2.
Task created successfully : ID 3.
Task created successfully : ID 4.
Task created successfully : ID 5.
Task created successfully : ID 6.
Task created successfully : ID 7.
Task created successfully : ID 8.
Task created successfully : ID 9.
Task created successfully : ID 10.
Task created successfully : ID 11.
Task created successfully : ID 12.
Task created successfully : ID 13.
Task created successfully : ID 14.
Task created successfully : ID 15.
Task created successfully : ID 16.
Task created successfully : ID 17.
Task created successfully : ID 18.
Task created successfully : ID 19.
Task created successfully : ID 20.
Task created successfully : ID 21.
Task created successfully : ID 22.
Task created successfully : ID 23.
Task created successfully : ID 24.
Task created successfully : ID 25.
Task created successfully : ID 26.
Task created successfully : ID 27.
Task created successfully : ID 28.
Task created successfully : ID 29.
Task created successfully : ID 30.
Task created successfully : ID 31.
Task created successfully : ID 32.
Task created successfully : ID 33.
Task created successfully : ID 34.
Task created successfully : ID 35.
Task created successfully : ID 36.
Task created successfully : ID 37.
Task created successfully : ID 38.
Task created successfully : ID 39.
Task created successfully : ID 40.
Task created successfully : ID 41.
====== Running in parallel =======
[]
====== Waiting queue =======
[(1: priority = 84, remaining_time = 8807),
(2: priority = 84, remaining_time = 8807),
(3: priority = 84, remaining_time = 8807),
(4: priority = 84, remaining_time = 8807),
(5: priority = 84, remaining_time = 8807),
(6: priority = 84, remaining_time = 8807),
(7: priority = 84, remaining_time = 8807),
(8: priority = 84, remaining_time = 8807),
(9: priority = 84, remaining_time = 8807),
(10: priority = 84, remaining_time = 8807),
(11: priority = 84, remaining_time = 8807),
(12: priority = 84, remaining_time = 8807),
(13: priority = 84, remaining_time = 8807),
(14: priority = 84, remaining_time = 8807),
(15: priority = 84, remaining_time = 8807),
(16: priority = 84, remaining_time = 8807),
(17: priority = 84, remaining_time = 8807),
(18: priority = 84, remaining_time = 8807),
(19: priority = 84, remaining_time = 8807),
(20: priority = 84, remaining_time = 8807),
(21: priority = 84, remaining_time = 8807),
(22: priority = 84, remaining_time = 8807),
(23: priority = 84, remaining_time = 8807),
(24: priority = 84, remaining_time = 8807),
(25: priority = 84, remaining_time = 8807),
(26: priority = 84, remaining_time = 8807),
(27: priority = 84, remaining_time = 8807),
(28: priority = 84, remaining_time = 8807),
(29: priority = 84, remaining_time = 8807),
(30: priority = 84, remaining_time = 8807),
(31: priority = 84, remaining_time = 8807),
(32: priority = 84, remaining_time = 8807),
(33: priority = 84, remaining_time = 8807),
(34: priority = 84, remaining_time = 8807),
(35: priority = 84, remaining_time = 8807),
(36: priority = 84, remaining_time = 8807),
(37: priority = 84, remaining_time = 8807),
(38: priority = 84, remaining_time = 8807),
(39: priority = 84, remaining_time = 8807),
(40: priority = 84, remaining_time = 8807),
(41: priority = 84, remaining_time = 8807)]
Thread 17 is idle.
====== Running in parallel =======
[]
====== Running in parallel =======
[]
Task created successfully : ID 42.
Task created successfully : ID 43.
Task created successfully : ID 44.
Task created successfully : ID 45.
Task created successfully : ID 46.
Task created successfully : ID 47.
Task created successfully : ID 48.
Task created successfully : ID 49.
Task created successfully : ID 50.
Task created successfully : ID 51.
Running tasks for 466252 ms...
Running tasks for 3031773 ms...
Running tasks for 6910759 ms...
====== Waiting queue =======
[]
====== Waiting queue =======
[]
====== Waiting queue =======
[]
Task created successfully : ID 1.
Task created successfully : ID 2.
Task created successfully : ID 3.
Task created successfully : ID 4.
Task created successfully : ID 5.
Task created successfully : ID 6.
Task created successfully : ID 7.
Task created successfully : ID 8.
Task created successfully : ID 9.
Task created successfully : ID 10.
Task created successfully : ID 11.
Task created successfully : ID 12.
Task created successfully : ID 13.
Task created successfully : ID 14.
Task created successfully : ID 15.
Task created successfully : ID 16.
Task created successfully : ID 17.
Task created successfully : ID 18.
Task created successfully : ID 19.
Task created successfully : ID 20.
Task created successfully : ID 21.
Task created successfully : ID 22.
Task created successfully : ID 23.
Task created successfully : ID 24.
Task created successfully : ID 25.
Task created successfully : ID 26.
Task created successfully : ID 27.
Task created successfully : ID 28.
Task created successfully : ID 29.
Task created successfully : ID 30.
Task created successfully : ID 31.
Task created successfully : ID 32.
Thread 13 is idle.
Task 395 not found.
Thread 20 is idle.
Thread 49 is idle.
====== Running in parallel =======
[]
====== Running in parallel =======
[]
Thread 32 is idle.
Task 262 is finished (executed_time = 9782).
Running tasks for 8765562 ms...
====== Waiting queue =======
[]
====== Running in parallel =======
[]
====== Running in parallel =======
[]
Running tasks for 1307813 ms...
Task 26227 not found.
====== Running in parallel =======
[]
Task created successfully : ID 1.
Task created successfully : ID 2.
Task created successfully : ID 3.
Task created successfully : ID 4.
Task created successfully : ID 5.
Task created successfully : ID 6.
Task created successfully : ID 7.
Task created successfully : ID 8.
Task created successfully : ID 9.
Task created successfully : ID 10.
Task created successfully : ID 11.
Task created successfully : ID 12.
Task created successfully : ID 13.
Task created successfully : ID 14.
Task 462 not found.
====== Running in parallel =======
[]
====== Waiting queue =======
[(1: priority = 44, remaining_time = 4446),
(2: priority = 44, remaining_time = 4446),
(3: priority = 44, remaining_time = 4446),
(4: priority = 44, remaining_time = 4446),
(5: priority = 44, remaining_time = 4446),
(6: priority = 44, remaining_time = 4446),
(7: priority = 44, remaining_time = 4446),
(8: priority = 44, remaining_time = 4446),
(9: priority = 44, remaining_time = 4446),
(10: priority = 44, remaining_time = 4446),
(11: priority = 44, remaining_time = 4446),
(12: priority = 44, remaining_time = 4446),
(13: priority = 44, remaining_time = 4446),
(14: priority = 44, remaining_time = 4446)]
Task created successfully : ID 15.
Task created successfully : ID 16.
Task created successfully : ID 17.
Task created successfully : ID 18.
Task created successfully : ID 19.
Task created successfully : ID 20.
Task created successfully : ID 21.
Task created successfully : ID 22.
Task created successfully : ID 23.
Task created successfully : ID 24.
Task created successfully : ID 25.
Task created successfully : ID 26.
Task created successfully : ID 27.
Task created successfully : ID 28.
Task created successfully : ID 29.
Task created successfully : ID 30.
Task created successfully : ID 31.
Task created successfully : ID 32.
Task created successfully : ID 33.
Task created successfully : ID 34.
Task created successfully : ID 35.
Task created successfully : ID 36.
Task created successfully : ID 37.
Task created successfully : ID 38.
Task created successfully : ID 39.
Task created successfully : ID 40.
Task created successfully : ID 41.
Task created successfully : ID 42.
Task created successfully : ID 43.
Task created successfully : ID 44.
Task created successfully : ID 45.
Task created successfully : ID 46.
Task created successfully : ID 47.
Task created successfully : ID 48.
Task created successfully : ID 49.
Task created successfully : ID 50.
Task created successfully : ID 51.
Task created successfully : ID 52.
Task created successfully : ID 53.
Task created successfully : ID 54.
Task created successfully : ID 55.
Task created successfully : ID 56.
Task created successfully : ID 57.
Task created successfully : ID 58.
Task created successfully : ID 59.
Task created successfully : ID 60.
Task created successfully : ID 61.
Task created successfully : ID 62.
Task created successfully : ID 63.
Task created successfully : ID 64.
Task created successfully : ID 65.
Task created successfully : ID 66.
Task created successfully : ID 67.
Task created successfully : ID 68.
Task created successfully : ID 69.
Task created successfully : ID 70.
Task created successfully : ID 71.
Task created successfully : ID 72.
Task created successfully : ID 73.
Task created successfully : ID 74.
Task created successfully : ID 75.
Task created successfully : ID 76.
Task created successfully : ID 77.
Task created successfully : ID 78.
Task created successfully : ID 79.
Task created successfully : ID 80.
Task created successfully : ID 81.
Task created successfully : ID 82.
Task created successfully : ID 83.
Task created successfully : ID 84.
Task created successfully : ID 85.
Task created successfully : ID 86.
Task created successfully : ID 87.
Task created successfully : ID 88.
Task created successfully : ID 89.
Task created successfully : ID 90.
Task created successfully : ID 91.
Task created successfully : ID 92.
Task created successfully : ID 93.
Task created successfully : ID 94.
Task created successfully : ID 95.
Thread 41 is idle.
